Component: Arm Compiler for Embedded 6.23 Tool: armlink [5f102400]

==============================================================================

Section Cross References

    startup_stm32f103xe.o(STACK) refers (Special) to heapauxi.o(.text) for __use_two_region_memory
    startup_stm32f103xe.o(HEAP) refers (Special) to heapauxi.o(.text) for __use_two_region_memory
    startup_stm32f103xe.o(RESET) refers (Special) to heapauxi.o(.text) for __use_two_region_memory
    startup_stm32f103xe.o(RESET) refers to startup_stm32f103xe.o(STACK) for __initial_sp
    startup_stm32f103xe.o(RESET) refers to startup_stm32f103xe.o(.text) for Reset_Handler
    startup_stm32f103xe.o(RESET) refers to stm32f1xx_it.o(.text.NMI_Handler) for NMI_Handler
    startup_stm32f103xe.o(RESET) refers to stm32f1xx_it.o(.text.HardFault_Handler) for HardFault_Handler
    startup_stm32f103xe.o(RESET) refers to stm32f1xx_it.o(.text.MemManage_Handler) for MemManage_Handler
    startup_stm32f103xe.o(RESET) refers to stm32f1xx_it.o(.text.BusFault_Handler) for BusFault_Handler
    startup_stm32f103xe.o(RESET) refers to stm32f1xx_it.o(.text.UsageFault_Handler) for UsageFault_Handler
    startup_stm32f103xe.o(RESET) refers to stm32f1xx_it.o(.text.SVC_Handler) for SVC_Handler
    startup_stm32f103xe.o(RESET) refers to stm32f1xx_it.o(.text.DebugMon_Handler) for DebugMon_Handler
    startup_stm32f103xe.o(.text) refers (Special) to heapauxi.o(.text) for __use_two_region_memory
    startup_stm32f103xe.o(.text) refers to system_stm32f1xx.o(.text.SystemInit) for SystemInit
    startup_stm32f103xe.o(.text) refers to __main.o(!!!main) for __main
    startup_stm32f103xe.o(.text) refers to startup_stm32f103xe.o(HEAP) for Heap_Mem
    startup_stm32f103xe.o(.text) refers to startup_stm32f103xe.o(STACK) for Stack_Mem
    main.o(.text.main) refers to os_core.o(.text.OSInit) for OSInit
    main.o(.text.main) refers to stm32f1xx_hal.o(.text.HAL_Init) for HAL_Init
    main.o(.text.main) refers to stm32f1xx_hal_rcc.o(.text.HAL_RCC_OscConfig) for HAL_RCC_OscConfig
    main.o(.text.main) refers to stm32f1xx_hal_rcc.o(.text.HAL_RCC_ClockConfig) for HAL_RCC_ClockConfig
    main.o(.text.main) refers to gpio.o(.text.MX_GPIO_Init) for MX_GPIO_Init
    main.o(.text.main) refers to main.o(.bss.START_TASK_STK) for START_TASK_STK
    main.o(.text.main) refers to main.o(.bss.StartTaskTCB) for StartTaskTCB
    main.o(.text.main) refers to main.o(.text.start_task) for start_task
    main.o(.text.main) refers to os_task.o(.text.OSTaskCreate) for OSTaskCreate
    main.o(.text.main) refers to os_core.o(.text.OSStart) for OSStart
    main.o(.ARM.exidx.text.main) refers to main.o(.text.main) for [Anonymous Symbol]
    main.o(.text.SystemClock_Config) refers to stm32f1xx_hal_rcc.o(.text.HAL_RCC_OscConfig) for HAL_RCC_OscConfig
    main.o(.text.SystemClock_Config) refers to stm32f1xx_hal_rcc.o(.text.HAL_RCC_ClockConfig) for HAL_RCC_ClockConfig
    main.o(.ARM.exidx.text.SystemClock_Config) refers to main.o(.text.SystemClock_Config) for [Anonymous Symbol]
    main.o(.text.start_task) refers to bsp.o(.text.BSP_Init) for BSP_Init
    main.o(.text.start_task) refers to os_stat.o(.text.OSStatTaskCPUUsageInit) for OSStatTaskCPUUsageInit
    main.o(.text.start_task) refers to cpu_core.o(.text.CPU_IntDisMeasMaxCurReset) for CPU_IntDisMeasMaxCurReset
    main.o(.text.start_task) refers to os_core.o(.text.OSSchedRoundRobinCfg) for OSSchedRoundRobinCfg
    main.o(.text.start_task) refers to cpu_a.o(.text) for CPU_SR_Save
    main.o(.text.start_task) refers to cpu_core.o(.text.CPU_IntDisMeasStart) for CPU_IntDisMeasStart
    main.o(.text.start_task) refers to os_var.o(.bss.OSSchedLockNestingCtr) for OSSchedLockNestingCtr
    main.o(.text.start_task) refers to os_core.o(.text.OS_SchedLockTimeMeasStart) for OS_SchedLockTimeMeasStart
    main.o(.text.start_task) refers to cpu_core.o(.text.CPU_IntDisMeasStop) for CPU_IntDisMeasStop
    main.o(.text.start_task) refers to main.o(.bss.LED0_TASK_STK) for LED0_TASK_STK
    main.o(.text.start_task) refers to main.o(.bss.Led0TaskTCB) for Led0TaskTCB
    main.o(.text.start_task) refers to main.o(.text.led_pc13) for led_pc13
    main.o(.text.start_task) refers to os_task.o(.text.OSTaskCreate) for OSTaskCreate
    main.o(.ARM.exidx.text.start_task) refers to main.o(.text.start_task) for [Anonymous Symbol]
    main.o(.ARM.exidx.text.Error_Handler) refers to main.o(.text.Error_Handler) for [Anonymous Symbol]
    main.o(.text.led_pc13) refers to bsp.o(.text.BSP_Init) for BSP_Init
    main.o(.text.led_pc13) refers to cpu_core.o(.text.CPU_Init) for CPU_Init
    main.o(.text.led_pc13) refers to lib_mem.o(.text.Mem_Init) for Mem_Init
    main.o(.text.led_pc13) refers to os_stat.o(.text.OSStatTaskCPUUsageInit) for OSStatTaskCPUUsageInit
    main.o(.text.led_pc13) refers to cpu_core.o(.text.CPU_IntDisMeasMaxCurReset) for CPU_IntDisMeasMaxCurReset
    main.o(.text.led_pc13) refers to stm32f1xx_hal_gpio.o(.text.HAL_GPIO_WritePin) for HAL_GPIO_WritePin
[...]
    [Anonymous Symbol]                       0x08003a14   Section        0  os_core.o(.text.OS_RdyListRemove)
    [Anonymous Symbol]                       0x08003a80   Section        0  os_core.o(.text.OS_Sched0)
    [Anonymous Symbol]                       0x08003ad8   Section        0  os_core.o(.text.OS_SchedLockTimeMeasStart)
    [Anonymous Symbol]                       0x08003b00   Section        0  os_core.o(.text.OS_SchedLockTimeMeasStop)
    [Anonymous Symbol]                       0x08003b48   Section        0  os_core.o(.text.OS_SchedRoundRobin)
    [Anonymous Symbol]                       0x08003bd0   Section        0  os_sem.o(.text.OS_SemInit)
    [Anonymous Symbol]                       0x08003bec   Section        0  os_sem.o(.text.OS_SemPost)
    [Anonymous Symbol]                       0x08003ccc   Section        0  os_stat.o(.text.OS_StatTask)
    [Anonymous Symbol]                       0x08003ffc   Section        0  os_stat.o(.text.OS_StatTaskInit)
    [Anonymous Symbol]                       0x080040d8   Section        0  os_task.o(.text.OS_TaskInit)
    [Anonymous Symbol]                       0x080040fc   Section        0  os_task.o(.text.OS_TaskInitTCB)
    [Anonymous Symbol]                       0x08004190   Section        0  os_task.o(.text.OS_TaskQPost)
    [Anonymous Symbol]                       0x080042f8   Section        0  os_core.o(.text.OS_TaskRdy)
    [Anonymous Symbol]                       0x08004390   Section        0  os_task.o(.text.OS_TaskResume)
    [Anonymous Symbol]                       0x08004488   Section        0  os_task.o(.text.OS_TaskReturn)
    [Anonymous Symbol]                       0x080044a8   Section        0  os_task.o(.text.OS_TaskSemPost)
    [Anonymous Symbol]                       0x08004698   Section        0  os_task.o(.text.OS_TaskSuspend)
    [Anonymous Symbol]                       0x08004780   Section        0  os_tick.o(.text.OS_TickListInsert)
    [Anonymous Symbol]                       0x080048cc   Section        0  os_tick.o(.text.OS_TickListRemove)
    [Anonymous Symbol]                       0x08004908   Section        0  os_tick.o(.text.OS_TickListResetPeak)
    [Anonymous Symbol]                       0x0800496c   Section        0  os_tick.o(.text.OS_TickListUpdate)
    [Anonymous Symbol]                       0x08004b54   Section        0  os_tick.o(.text.OS_TickTask)
    [Anonymous Symbol]                       0x08004b84   Section        0  os_tick.o(.text.OS_TickTaskInit)
    [Anonymous Symbol]                       0x08004c60   Section        0  os_tmr.o(.text.OS_TmrInit)
    [Anonymous Symbol]                       0x08004d7c   Section        0  os_tmr.o(.text.OS_TmrResetPeak)
    [Anonymous Symbol]                       0x08004de0   Section        0  os_tmr.o(.text.OS_TmrTask)
    [Anonymous Symbol]                       0x08004f88   Section        0  stm32f1xx_it.o(.text.SVC_Handler)
    [Anonymous Symbol]                       0x08004f8c   Section        0  system_stm32f1xx.o(.text.SystemInit)
    [Anonymous Symbol]                       0x08004f90   Section        0  stm32f1xx_it.o(.text.UsageFault_Handler)
    led_pc13                                 0x08004f95   Thumb Code    98  main.o(.text.led_pc13)
    [Anonymous Symbol]                       0x08004f94   Section        0  main.o(.text.led_pc13)
    [Anonymous Symbol]                       0x08004ff8   Section        0  main.o(.text.main)
    [Anonymous Symbol]                       0x080050b8   Section        0  main.o(.text.start_task)
    CODE                                     0x08005150   Section      132  os_cpu_a.o(CODE)
    HAL_RCC_GetSysClockFreq.aPredivFactorTable 0x080051e4   Data           2  stm32f1xx_hal_rcc.o(.rodata.HAL_RCC_GetSysClockFreq.aPredivFactorTable)
    [Anonymous Symbol]                       0x080051e4   Section        0  stm32f1xx_hal_rcc.o(.rodata.HAL_RCC_GetSysClockFreq.aPredivFactorTable)
    HAL_RCC_GetSysClockFreq.aPLLMULFactorTable 0x08005256   Data          16  stm32f1xx_hal_rcc.o(.rodata.cst16)
    [Anonymous Symbol]                       0x08005256   Section        0  stm32f1xx_hal_rcc.o(.rodata.cst16)
    .L.str.1                                 0x08005266   Data           2  os_core.o(.rodata.str1.1)
    .L.str.3                                 0x08005266   Data           2  os_core.o(.rodata.str1.1)
    [Anonymous Symbol]                       0x08005266   Section        0  os_core.o(.rodata.str1.1)
    .L.str.1                                 0x08005268   Data           7  os_core.o(.rodata.str1.1)
    .L.str.2                                 0x0800526f   Data           9  os_core.o(.rodata.str1.1)
    .L.str                                   0x08005278   Data           6  os_task.o(.rodata.str1.1)
    [Anonymous Symbol]                       0x08005278   Section        0  os_task.o(.rodata.str1.1)
    .L_MergedGlobals                         0x20000000   Data           8  stm32f1xx_hal.o(.data..L_MergedGlobals)
    [Anonymous Symbol]                       0x20000000   Section        0  stm32f1xx_hal.o(.data..L_MergedGlobals)
    .bss                                     0x20000010   Section       96  libspace.o(.bss)
    .L_MergedGlobals                         0x20000070   Data          44  cpu_core.o(.bss..L_MergedGlobals)
    [Anonymous Symbol]                       0x20000070   Section        0  cpu_core.o(.bss..L_MergedGlobals)
    .L_MergedGlobals                         0x2000009c   Data          76  lib_mem.o(.bss..L_MergedGlobals)
    [Anonymous Symbol]                       0x2000009c   Section        0  lib_mem.o(.bss..L_MergedGlobals)
    Heap_Mem                                 0x20004750   Data         512  startup_stm32f103xe.o(HEAP)
    HEAP                                     0x20004750   Section      512  startup_stm32f103xe.o(HEAP)
    Stack_Mem                                0x20004950   Data        1024  startup_stm32f103xe.o(STACK)
    STACK                                    0x20004950   Section     1024  startup_stm32f103xe.o(STACK)
    __initial_sp                             0x20004d50   Data           0  startup_stm32f103xe.o(STACK)

    Global Symbols

    Symbol Name                              Value     Ov Type        Size  Object(Section)

    BuildAttributes$$THM_ISAv4$P$D$K$B$S$PE$A:L22UL41UL21$X:L11$S22US41US21$IEEE1$IW$~IW$USESV6$~STKCKD$USESV7$~SHL$OTIME$ROPI$EBA8$UX$STANDARDLIB$REQ8$PRES8$EABIv2 0x00000000   Number         0  anon$$obj.o ABSOLUTE
    __fp_init_empty                          0x00000000   Number         0  fpinit_empty.o ABSOLUTE
    __ARM_exceptions_init                     - Undefined Weak Reference
    __alloca_initialize                       - Undefined Weak Reference
    __arm_preinit_                            - Undefined Weak Reference
    __arm_relocate_pie_                       - Undefined Weak Reference
    __cpp_initialize__aeabi_                  - Undefined Weak Reference
    __cxa_finalize                            - Undefined Weak Reference
    __rt_locale                               - Undefined Weak Reference
    __sigvec_lookup                           - Undefined Weak Reference
    _atexit_init                              - Undefined Weak Reference
    _call_atexit_fns                          - Undefined Weak Reference
    _clock_init                               - Undefined Weak Reference
    _fp_trap_init                             - Undefined Weak Reference
    _fp_trap_shutdown                         - Undefined Weak Reference
    _get_lc_collate                           - Undefined Weak Reference
    _get_lc_ctype                             - Undefined Weak Reference
    _get_lc_monetary                          - Undefined Weak Reference
    _get_lc_numeric                           - Undefined Weak Reference
    _get_lc_time                              - Undefined Weak Reference
    _getenv_init                              - Undefined Weak Reference
    _handle_redirection                       - Undefined Weak Reference
    _init_alloc                               - Undefined Weak Reference
    _init_user_alloc                          - Undefined Weak Reference
    _initio                                   - Undefined Weak Reference
    _rand_init                                - Undefined Weak Reference
    _signal_finish                            - Undefined Weak Reference
    _signal_init                              - Undefined Weak Reference
    _terminate_alloc                          - Undefined Weak Reference
    _terminate_user_alloc                     - Undefined Weak Reference
    _terminateio                              - Undefined Weak Reference
    __Vectors_Size                           0x00000130   Number         0  startup_stm32f103xe.o ABSOLUTE
    __Vectors                                0x08000000   Data           4  startup_stm32f103xe.o(RESET)
    __Vectors_End                            0x08000130   Data           0  startup_stm32f103xe.o(RESET)
    __main                                   0x08000131   Thumb Code     8  __main.o(!!!main)
    __scatterload                            0x08000139   Thumb Code     0  __scatter.o(!!!scatter)
    __scatterload_rt2                        0x08000139   Thumb Code    84  __scatter.o(!!!scatter)
    __scatterload_rt2_thumb_only             0x08000139   Thumb Code     0  __scatter.o(!!!scatter)
    __scatterload_loop                       0x08000143   Thumb Code     0  __scatter.o(!!!scatter)
    __scatterload_copy                       0x08000195   Thumb Code    26  __scatter_copy.o(!!handler_copy)
    __scatterload_null                       0x080001b1   Thumb Code     2  __scatter.o(!!handler_null)
    __scatterload_zeroinit                   0x080001b5   Thumb Code    28  __scatter_zi.o(!!handler_zi)
    __rt_lib_init                            0x080001d1   Thumb Code     0  libinit.o(.ARM.Collect$$libinit$$00000000)
    __rt_lib_init_alloca_1                   0x080001d3   Thumb Code     0  libinit2.o(.ARM.Collect$$libinit$$00000030)
    __rt_lib_init_argv_1                     0x080001d3   Thumb Code     0  libinit2.o(.ARM.Collect$$libinit$$0000002E)
    __rt_lib_init_atexit_1                   0x080001d3   Thumb Code     0  libinit2.o(.ARM.Collect$$libinit$$0000001D)
    __rt_lib_init_clock_1                    0x080001d3   Thumb Code     0  libinit2.o(.ARM.Collect$$libinit$$00000023)
    __rt_lib_init_cpp_1                      0x080001d3   Thumb Code     0  libinit2.o(.ARM.Collect$$libinit$$00000034)
    __rt_lib_init_exceptions_1               0x080001d3   Thumb Code     0  libinit2.o(.ARM.Collect$$libinit$$00000032)
    __rt_lib_init_fp_1                       0x080001d3   Thumb Code     0  libinit2.o(.ARM.Collect$$libinit$$00000002)
    __rt_lib_init_fp_trap_1                  0x080001d3   Thumb Code     0  libinit2.o(.ARM.Collect$$libinit$$00000021)
    __rt_lib_init_getenv_1                   0x080001d3   Thumb Code     0  libinit2.o(.ARM.Collect$$libinit$$00000025)
    __rt_lib_init_heap_1                     0x080001d3   Thumb Code     0  libinit2.o(.ARM.Collect$$libinit$$0000000C)
    __rt_lib_init_lc_collate_1               0x080001d3   Thumb Code     0  libinit2.o(.ARM.Collect$$libinit$$00000013)
    __rt_lib_init_lc_ctype_1                 0x080001d3   Thumb Code     0  libinit2.o(.ARM.Collect$$libinit$$00000015)
    __rt_lib_init_lc_monetary_1              0x080001d3   Thumb Code     0  libinit2.o(.ARM.Collect$$libinit$$00000017)
    __rt_lib_init_lc_numeric_1               0x080001d3   Thumb Code     0  libinit2.o(.ARM.Collect$$libinit$$00000019)
    __rt_lib_init_lc_time_1                  0x080001d3   Thumb Code     0  libinit2.o(.ARM.Collect$$libinit$$0000001B)
    __rt_lib_init_preinit_1                  0x080001d3   Thumb Code     0  libinit2.o(.ARM.Collect$$libinit$$00000006)
    __rt_lib_init_rand_1                     0x080001d3   Thumb Code     0  libinit2.o(.ARM.Collect$$libinit$$00000010)
    __rt_lib_init_relocate_pie_1             0x080001d3   Thumb Code     0  libinit2.o(.ARM.Collect$$libinit$$00000004)
    __rt_lib_init_return                     0x080001d3   Thumb Code     0  libinit2.o(.ARM.Collect$$libinit$$00000035)
    __rt_lib_init_signal_1                   0x080001d3   Thumb Code     0  libinit2.o(.ARM.Collect$$libinit$$0000001F)
    __rt_lib_init_stdio_1                    0x080001d3   Thumb Code     0  libinit2.o(.ARM.Collect$$libinit$$00000027)
    __rt_lib_init_user_alloc_1               0x080001d3   Thumb Code     0  libinit2.o(.ARM.Collect$$libinit$$0000000E)
    __rt_lib_shutdown                        0x080001d5   Thumb Code     0  libshutdown.o(.ARM.Collect$$libshutdown$$00000000)
    __rt_lib_shutdown_cpp_1                  0x080001d7   Thumb Code     0  libshutdown2.o(.ARM.Collect$$libshutdown$$00000002)
    __rt_lib_shutdown_fp_trap_1              0x080001d7   Thumb Code     0  libshutdown2.o(.ARM.Collect$$libshutdown$$00000007)
    __rt_lib_shutdown_heap_1                 0x080001d7   Thumb Code     0  libshutdown2.o(.ARM.Collect$$libshutdown$$0000000F)
    __rt_lib_shutdown_return                 0x080001d7   Thumb Code     0  libshutdown2.o(.ARM.Collect$$libshutdown$$00000010)
    __rt_lib_shutdown_signal_1               0x080001d7   Thumb Code     0  libshutdown2.o(.ARM.Collect$$libshutdown$$0000000A)
    __rt_lib_shutdown_stdio_1                0x080001d7   Thumb Code     0  libshutdown2.o(.ARM.Collect$$libshutdown$$00000004)
    __rt_lib_shutdown_user_alloc_1           0x080001d7   Thumb Code     0  libshutdown2.o(.ARM.Collect$$libshutdown$$0000000C)
    __rt_entry                               0x080001d9   Thumb Code     0  __rtentry.o(.ARM.Collect$$rtentry$$00000000)
    __rt_entry_presh_1                       0x080001d9   Thumb Code     0  __rtentry2.o(.ARM.Collect$$rtentry$$00000002)
    __rt_entry_sh                            0x080001d9   Thumb Code     0  __rtentry4.o(.ARM.Collect$$rtentry$$00000004)
    __rt_entry_li                            0x080001df   Thumb Code     0  __rtentry2.o(.ARM.Collect$$rtentry$$0000000A)
    __rt_entry_postsh_1                      0x080001df   Thumb Code     0  __rtentry2.o(.ARM.Collect$$rtentry$$00000009)
    __rt_entry_main                          0x080001e3   Thumb Code     0  __rtentry2.o(.ARM.Collect$$rtentry$$0000000D)
    __rt_entry_postli_1                      0x080001e3   Thumb Code     0  __rtentry2.o(.ARM.Collect$$rtentry$$0000000C)
    __rt_exit                                0x080001eb   Thumb Code     0  rtexit.o(.ARM.Collect$$rtexit$$00000000)
    __rt_exit_ls                             0x080001ed   Thumb Code     0  rtexit2.o(.ARM.Collect$$rtexit$$00000003)
    __rt_exit_prels_1                        0x080001ed   Thumb Code     0  rtexit2.o(.ARM.Collect$$rtexit$$00000002)
    __rt_exit_exit                           0x080001f1   Thumb Code     0  rtexit2.o(.ARM.Collect$$rtexit$$00000004)
    Reset_Handler                            0x080001f9   Thumb Code     8  startup_stm32f103xe.o(.text)
    OS_CPU_PendSV_Handler                    0x0800020f   Thumb Code     2  startup_stm32f103xe.o(.text)
    OS_CPU_SysTick_Handler                   0x08000211   Thumb Code     2  startup_stm32f103xe.o(.text)
    ADC1_2_IRQHandler                        0x08000213   Thumb Code     0  startup_stm32f103xe.o(.text)
    ADC3_IRQHandler                          0x08000213   Thumb Code     0  startup_stm32f103xe.o(.text)
    CAN1_RX1_IRQHandler                      0x08000213   Thumb Code     0  startup_stm32f103xe.o(.text)
    CAN1_SCE_IRQHandler                      0x08000213   Thumb Code     0  startup_stm32f103xe.o(.text)
    DMA1_Channel1_IRQHandler                 0x08000213   Thumb Code     0  startup_stm32f103xe.o(.text)
    DMA1_Channel2_IRQHandler                 0x08000213   Thumb Code     0  startup_stm32f103xe.o(.text)
    DMA1_Channel3_IRQHandler                 0x08000213   Thumb Code     0  startup_stm32f103xe.o(.text)
    DMA1_Channel4_IRQHandler                 0x08000213   Thumb Code     0  startup_stm32f103xe.o(.text)
    DMA1_Channel5_IRQHandler                 0x08000213   Thumb Code     0  startup_stm32f103xe.o(.text)
    DMA1_Channel6_IRQHandler                 0x08000213   Thumb Code     0  startup_stm32f103xe.o(.text)
    DMA1_Channel7_IRQHandler                 0x08000213   Thumb Code     0  startup_stm32f103xe.o(.text)
    DMA2_Channel1_IRQHandler                 0x08000213   Thumb Code     0  startup_stm32f103xe.o(.text)
    DMA2_Channel2_IRQHandler                 0x08000213   Thumb Code     0  startup_stm32f103xe.o(.text)
    DMA2_Channel3_IRQHandler                 0x08000213   Thumb Code     0  startup_stm32f103xe.o(.text)
    DMA2_Channel4_5_IRQHandler               0x08000213   Thumb Code     0  startup_stm32f103xe.o(.text)
    EXTI0_IRQHandler                         0x08000213   Thumb Code     0  startup_stm32f103xe.o(.text)
    EXTI15_10_IRQHandler                     0x08000213   Thumb Code     0  startup_stm32f103xe.o(.text)
    EXTI1_IRQHandler                         0x08000213   Thumb Code     0  startup_stm32f103xe.o(.text)
    EXTI2_IRQHandler                         0x08000213   Thumb Code     0  startup_stm32f103xe.o(.text)
    EXTI3_IRQHandler                         0x08000213   Thumb Code     0  startup_stm32f103xe.o(.text)
    EXTI4_IRQHandler                         0x08000213   Thumb Code     0  startup_stm32f103xe.o(.text)
    EXTI9_5_IRQHandler                       0x08000213   Thumb Code     0  startup_stm32f103xe.o(.text)
    FLASH_IRQHandler                         0x08000213   Thumb Code     0  startup_stm32f103xe.o(.text)
    FSMC_IRQHandler                          0x08000213   Thumb Code     0  startup_stm32f103xe.o(.text)
    I2C1_ER_IRQHandler                       0x08000213   Thumb Code     0  startup_stm32f103xe.o(.text)
    I2C1_EV_IRQHandler                       0x08000213   Thumb Code     0  startup_stm32f103xe.o(.text)
    I2C2_ER_IRQHandler                       0x08000213   Thumb Code     0  startup_stm32f103xe.o(.text)
    I2C2_EV_IRQHandler                       0x08000213   Thumb Code     0  startup_stm32f103xe.o(.text)
    PVD_IRQHandler                           0x08000213   Thumb Code     0  startup_stm32f103xe.o(.text)
    RCC_IRQHandler                           0x08000213   Thumb Code     0  startup_stm32f103xe.o(.text)
    RTC_Alarm_IRQHandler                     0x08000213   Thumb Code     0  startup_stm32f103xe.o(.text)
    RTC_IRQHandler                           0x08000213   Thumb Code     0  startup_stm32f103xe.o(.text)
    SDIO_IRQHandler                          0x08000213   Thumb Code     0  startup_stm32f103xe.o(.text)
    SPI1_IRQHandler                          0x08000213   Thumb Code     0  startup_stm32f103xe.o(.text)
    SPI2_IRQHandler                          0x08000213   Thumb Code     0  startup_stm32f103xe.o(.text)
    SPI3_IRQHandler                          0x08000213   Thumb Code     0  startup_stm32f103xe.o(.text)
    TAMPER_IRQHandler                        0x08000213   Thumb Code     0  startup_stm32f103xe.o(.text)
    TIM1_BRK_IRQHandler                      0x08000213   Thumb Code     0  startup_stm32f103xe.o(.text)
    TIM1_CC_IRQHandler                       0x08000213   Thumb Code     0  startup_stm32f103xe.o(.text)
    TIM1_TRG_COM_IRQHandler                  0x08000213   Thumb Code     0  startup_stm32f103xe.o(.text)
    TIM1_UP_IRQHandler                       0x08000213   Thumb Code     0  startup_stm32f103xe.o(.text)
    TIM2_IRQHandler                          0x08000213   Thumb Code     0  startup_stm32f103xe.o(.text)
    TIM3_IRQHandler                          0x08000213   Thumb Code     0  startup_stm32f103xe.o(.text)
    TIM4_IRQHandler                          0x08000213   Thumb Code     0  startup_stm32f103xe.o(.text)
    TIM5_IRQHandler                          0x08000213   Thumb Code     0  startup_stm32f103xe.o(.text)
    TIM6_IRQHandler                          0x08000213   Thumb Code     0  startup_stm32f103xe.o(.text)
    TIM7_IRQHandler                          0x08000213   Thumb Code     0  startup_stm32f103xe.o(.text)
    TIM8_BRK_IRQHandler                      0x08000213   Thumb Code     0  startup_stm32f103xe.o(.text)
    TIM8_CC_IRQHandler                       0x08000213   Thumb Code     0  startup_stm32f103xe.o(.text)
    TIM8_TRG_COM_IRQHandler                  0x08000213   Thumb Code     0  startup_stm32f103xe.o(.text)
    TIM8_UP_IRQHandler                       0x08000213   Thumb Code     0  startup_stm32f103xe.o(.text)
    UART4_IRQHandler                         0x08000213   Thumb Code     0  startup_stm32f103xe.o(.text)
    UART5_IRQHandler                         0x08000213   Thumb Code     0  startup_stm32f103xe.o(.text)
    USART1_IRQHandler                        0x08000213   Thumb Code     0  startup_stm32f103xe.o(.text)
    USART2_IRQHandler                        0x08000213   Thumb Code     0  startup_stm32f103xe.o(.text)
    USART3_IRQHandler                        0x08000213   Thumb Code     0  startup_stm32f103xe.o(.text)
    USBWakeUp_IRQHandler                     0x08000213   Thumb Code     0  startup_stm32f103xe.o(.text)
    USB_HP_CAN1_TX_IRQHandler                0x08000213   Thumb Code     0  startup_stm32f103xe.o(.text)
    USB_LP_CAN1_RX0_IRQHandler               0x08000213   Thumb Code     0  startup_stm32f103xe.o(.text)
    WWDG_IRQHandler                          0x08000213   Thumb Code     0  startup_stm32f103xe.o(.text)
    __user_initial_stackheap                 0x08000215   Thumb Code     0  startup_stm32f103xe.o(.text)
    CPU_IntDis                               0x08000239   Thumb Code     0  cpu_a.o(.text)
    CPU_IntEn                                0x0800023d   Thumb Code     0  cpu_a.o(.text)
    CPU_SR_Save                              0x08000241   Thumb Code     0  cpu_a.o(.text)
    CPU_SR_Restore                           0x08000249   Thumb Code     0  cpu_a.o(.text)
    CPU_WaitForInt                           0x0800024f   Thumb Code     0  cpu_a.o(.text)
    CPU_WaitForExcept                        0x08000253   Thumb Code     0  cpu_a.o(.text)
    CPU_CntLeadZeros                         0x08000257   Thumb Code     0  cpu_a.o(.text)
    CPU_CntTrailZeros                        0x0800025d   Thumb Code     0  cpu_a.o(.text)
    CPU_RevBits                              0x08000267   Thumb Code     0  cpu_a.o(.text)
    __aeabi_memclr                           0x0800026d   Thumb Code     0  rt_memclr.o(.text)
    __rt_memclr                              0x0800026d   Thumb Code     0  rt_memclr.o(.text)
    _memset                                  0x08000271   Thumb Code    64  rt_memclr.o(.text)
    __aeabi_memclr4                          0x080002b1   Thumb Code     0  rt_memclr_w.o(.text)
    __aeabi_memclr8                          0x080002b1   Thumb Code     0  rt_memclr_w.o(.text)
    __rt_memclr_w                            0x080002b1   Thumb Code     0  rt_memclr_w.o(.text)
    _memset_w                                0x080002b5   Thumb Code    74  rt_memclr_w.o(.text)
    __use_two_region_memory                  0x080002ff   Thumb Code     2  heapauxi.o(.text)
    __rt_heap_escrow$2region                 0x08000301   Thumb Code     2  heapauxi.o(.text)
    __rt_heap_expand$2region                 0x08000303   Thumb Code     2  heapauxi.o(.text)
    __user_setup_stackheap                   0x08000305   Thumb Code    74  sys_stackheap_outer.o(.text)
    exit                                     0x0800034f   Thumb Code    18  exit.o(.text)
    __user_libspace                          0x08000361   Thumb Code     8  libspace.o(.text)
    __user_perproc_libspace                  0x08000361   Thumb Code     0  libspace.o(.text)
    __user_perthread_libspace                0x08000361   Thumb Code     0  libspace.o(.text)
    _sys_exit                                0x08000369   Thumb Code     8  sys_exit.o(.text)
    __I$use$semihosting                      0x08000375   Thumb Code     0  use_no_semi.o(.text)
    __use_no_semihosting_swi                 0x08000375   Thumb Code     2  use_no_semi.o(.text)
    __semihosting_library_function           0x08000377   Thumb Code     0  indicate_semi.o(.text)
    BSP_Init                                 0x08000379   Thumb Code    28  bsp.o(.text.BSP_Init)
    BusFault_Handler                         0x08000395   Thumb Code     2  stm32f1xx_it.o(.text.BusFault_Handler)
    CPU_Init                                 0x08000399   Thumb Code   106  cpu_core.o(.text.CPU_Init)
    CPU_IntDisMeasMaxCurReset                0x08000405   Thumb Code    44  cpu_core.o(.text.CPU_IntDisMeasMaxCurReset)
    CPU_IntDisMeasMaxGet                     0x08000431   Thumb Code    30  cpu_core.o(.text.CPU_IntDisMeasMaxGet)
    CPU_IntDisMeasStart                      0x08000451   Thumb Code    42  cpu_core.o(.text.CPU_IntDisMeasStart)
    CPU_IntDisMeasStop                       0x0800047d   Thumb Code    50  cpu_core.o(.text.CPU_IntDisMeasStop)
    CPU_NameClr                              0x080004b1   Thumb Code   104  cpu_core.o(.text.CPU_NameClr)
    CPU_TS_TmrFreqSet                        0x08000519   Thumb Code    12  cpu_core.o(.text.CPU_TS_TmrFreqSet)
    CPU_TS_TmrInit                           0x08000525   Thumb Code    50  bsp.o(.text.CPU_TS_TmrInit)
    CPU_TS_TmrRd                             0x08000559   Thumb Code    12  bsp.o(.text.CPU_TS_TmrRd)
    DebugMon_Handler                         0x08000565   Thumb Code     2  stm32f1xx_it.o(.text.DebugMon_Handler)
    HAL_GPIO_Init                            0x08000569   Thumb Code   486  stm32f1xx_hal_gpio.o(.text.HAL_GPIO_Init)
    HAL_GPIO_WritePin                        0x08000751   Thumb Code    10  stm32f1xx_hal_gpio.o(.text.HAL_GPIO_WritePin)
    HAL_GetTick                              0x0800075d   Thumb Code    12  stm32f1xx_hal.o(.text.HAL_GetTick)
    HAL_Init                                 0x08000769   Thumb Code    38  stm32f1xx_hal.o(.text.HAL_Init)
    HAL_InitTick                             0x08000791   Thumb Code    72  stm32f1xx_hal.o(.text.HAL_InitTick)
    HAL_MspInit                              0x080007d9   Thumb Code    66  stm32f1xx_hal_msp.o(.text.HAL_MspInit)
    HAL_NVIC_SetPriority                     0x0800081d   Thumb Code    86  stm32f1xx_hal_cortex.o(.text.HAL_NVIC_SetPriority)
    HAL_NVIC_SetPriorityGrouping             0x08000875   Thumb Code    32  stm32f1xx_hal_cortex.o(.text.HAL_NVIC_SetPriorityGrouping)
    HAL_RCC_ClockConfig                      0x08000895   Thumb Code   442  stm32f1xx_hal_rcc.o(.text.HAL_RCC_ClockConfig)
    HAL_RCC_GetHCLKFreq                      0x08000a51   Thumb Code    12  stm32f1xx_hal_rcc.o(.text.HAL_RCC_GetHCLKFreq)
    HAL_RCC_OscConfig                        0x08000a5d   Thumb Code  1024  stm32f1xx_hal_rcc.o(.text.HAL_RCC_OscConfig)
    HAL_SYSTICK_Config                       0x08000e5d   Thumb Code    44  stm32f1xx_hal_cortex.o(.text.HAL_SYSTICK_Config)
    HardFault_Handler                        0x08000e89   Thumb Code     2  stm32f1xx_it.o(.text.HardFault_Handler)
    MX_GPIO_Init                             0x08000e8d   Thumb Code   102  gpio.o(.text.MX_GPIO_Init)
    MemManage_Handler                        0x08000ef5   Thumb Code     2  stm32f1xx_it.o(.text.MemManage_Handler)
    Mem_Clr                                  0x08000ef9   Thumb Code    88  lib_mem.o(.text.Mem_Clr)
    Mem_Init                                 0x08000f51   Thumb Code    70  lib_mem.o(.text.Mem_Init)
    NMI_Handler                              0x08000f99   Thumb Code     2  stm32f1xx_it.o(.text.NMI_Handler)
    OSCfg_Init                               0x08000f9d   Thumb Code     2  os_cfg_app.o(.text.OSCfg_Init)
    OSIdleTaskHook                           0x08000fa1   Thumb Code    18  os_cpu_c.o(.text.OSIdleTaskHook)
    OSInit                                   0x08000fb5   Thumb Code   420  os_core.o(.text.OSInit)
    OSInitHook                               0x08001159   Thumb Code    50  os_cpu_c.o(.text.OSInitHook)
    OSIntExit                                0x0800118d   Thumb Code   160  os_core.o(.text.OSIntExit)
    OSSched                                  0x0800122d   Thumb Code   138  os_core.o(.text.OSSched)
    OSSchedLock                              0x080012b9   Thumb Code   128  os_core.o(.text.OSSchedLock)
    OSSchedRoundRobinCfg                     0x08001339   Thumb Code    94  os_core.o(.text.OSSchedRoundRobinCfg)
    OSSchedUnlock                            0x08001399   Thumb Code   306  os_core.o(.text.OSSchedUnlock)
    OSStart                                  0x080014cd   Thumb Code   100  os_core.o(.text.OSStart)
    OSStatReset                              0x08001531   Thumb Code   280  os_stat.o(.text.OSStatReset)
    OSStatTaskCPUUsageInit                   0x08001649   Thumb Code   224  os_stat.o(.text.OSStatTaskCPUUsageInit)
    OSStatTaskHook                           0x08001729   Thumb Code    18  os_cpu_c.o(.text.OSStatTaskHook)
    OSTaskCreate                             0x0800173d   Thumb Code   524  os_task.o(.text.OSTaskCreate)
    OSTaskCreateHook                         0x08001949   Thumb Code    18  os_cpu_c.o(.text.OSTaskCreateHook)
    OSTaskDel                                0x0800195d   Thumb Code   582  os_task.o(.text.OSTaskDel)
    OSTaskDelHook                            0x08001ba5   Thumb Code    18  os_cpu_c.o(.text.OSTaskDelHook)
    OSTaskResume                             0x08001bb9   Thumb Code   114  os_task.o(.text.OSTaskResume)
    OSTaskReturnHook                         0x08001c2d   Thumb Code    18  os_cpu_c.o(.text.OSTaskReturnHook)
    OSTaskSemPend                            0x08001c41   Thumb Code   434  os_task.o(.text.OSTaskSemPend)
    OSTaskStkChk                             0x08001df5   Thumb Code   216  os_task.o(.text.OSTaskStkChk)
    OSTaskStkInit                            0x08001ecd   Thumb Code   106  os_cpu_c.o(.text.OSTaskStkInit)
    OSTaskSuspend                            0x08001f39   Thumb Code   104  os_task.o(.text.OSTaskSuspend)
    OSTaskSwHook                             0x08001fa1   Thumb Code   112  os_cpu_c.o(.text.OSTaskSwHook)
    OSTimeDly                                0x08002011   Thumb Code   262  os_time.o(.text.OSTimeDly)
    OSTimeDlyHMSM                            0x08002119   Thumb Code   452  os_time.o(.text.OSTimeDlyHMSM)
    OS_CPU_SysTickInit                       0x080022dd   Thumb Code    42  os_cpu_c.o(.text.OS_CPU_SysTickInit)
    OS_Dbg_Init                              0x08002309   Thumb Code     2  os_dbg.o(.text.OS_Dbg_Init)
    OS_FlagInit                              0x0800230d   Thumb Code    26  os_flag.o(.text.OS_FlagInit)
    OS_FlagPost                              0x08002329   Thumb Code   492  os_flag.o(.text.OS_FlagPost)
    OS_IdleTask                              0x08002515   Thumb Code    54  os_core.o(.text.OS_IdleTask)
    OS_IdleTaskInit                          0x0800254d   Thumb Code   104  os_core.o(.text.OS_IdleTaskInit)
    OS_IntQPost                              0x080025c9   Thumb Code   214  os_int.o(.text.OS_IntQPost)
    OS_IntQRePost                            0x080026a1   Thumb Code   440  os_int.o(.text.OS_IntQRePost)
    OS_IntQTask                              0x08002859   Thumb Code   152  os_int.o(.text.OS_IntQTask)
    OS_IntQTaskInit                          0x080028f1   Thumb Code   452  os_int.o(.text.OS_IntQTaskInit)
    OS_MemInit                               0x08002ad1   Thumb Code    26  os_mem.o(.text.OS_MemInit)
    OS_MsgPoolInit                           0x08002aed   Thumb Code   258  os_msg.o(.text.OS_MsgPoolInit)
    OS_MsgQFreeAll                           0x08002bf1   Thumb Code    68  os_msg.o(.text.OS_MsgQFreeAll)
    OS_MsgQInit                              0x08002c35   Thumb Code    14  os_msg.o(.text.OS_MsgQInit)
    OS_MsgQPut                               0x08002c45   Thumb Code   170  os_msg.o(.text.OS_MsgQPut)
    OS_MutexInit                             0x08002cf1   Thumb Code    26  os_mutex.o(.text.OS_MutexInit)
    OS_Pend                                  0x08002d0d   Thumb Code   422  os_core.o(.text.OS_Pend)
    OS_PendListRemove                        0x08002eb5   Thumb Code   534  os_core.o(.text.OS_PendListRemove)
    OS_Post                                  0x080030cd   Thumb Code  1486  os_core.o(.text.OS_Post)
    OS_PrioGetHighest                        0x0800369d   Thumb Code   110  os_prio.o(.text.OS_PrioGetHighest)
    OS_PrioInit                              0x0800370d   Thumb Code    14  os_prio.o(.text.OS_PrioInit)
    OS_PrioInsert                            0x0800371d   Thumb Code    36  os_prio.o(.text.OS_PrioInsert)
    OS_PrioRemove                            0x08003741   Thumb Code    38  os_prio.o(.text.OS_PrioRemove)
    OS_QInit                                 0x08003769   Thumb Code    26  os_q.o(.text.OS_QInit)
    OS_QPost                                 0x08003785   Thumb Code   270  os_q.o(.text.OS_QPost)
    OS_RdyListInit                           0x08003895   Thumb Code   258  os_core.o(.text.OS_RdyListInit)
    OS_RdyListInsertTail                     0x08003999   Thumb Code    62  os_core.o(.text.OS_RdyListInsertTail)
    OS_RdyListMoveHeadToTail                 0x080039d9   Thumb Code    58  os_core.o(.text.OS_RdyListMoveHeadToTail)
    OS_RdyListRemove                         0x08003a15   Thumb Code   106  os_core.o(.text.OS_RdyListRemove)
    OS_Sched0                                0x08003a81   Thumb Code    86  os_core.o(.text.OS_Sched0)
    OS_SchedLockTimeMeasStart                0x08003ad9   Thumb Code    38  os_core.o(.text.OS_SchedLockTimeMeasStart)
    OS_SchedLockTimeMeasStop                 0x08003b01   Thumb Code    72  os_core.o(.text.OS_SchedLockTimeMeasStop)
    OS_SchedRoundRobin                       0x08003b49   Thumb Code   134  os_core.o(.text.OS_SchedRoundRobin)
    OS_SemInit                               0x08003bd1   Thumb Code    26  os_sem.o(.text.OS_SemInit)
    OS_SemPost                               0x08003bed   Thumb Code   224  os_sem.o(.text.OS_SemPost)
    OS_StatTask                              0x08003ccd   Thumb Code   816  os_stat.o(.text.OS_StatTask)
    OS_StatTaskInit                          0x08003ffd   Thumb Code   200  os_stat.o(.text.OS_StatTaskInit)
    OS_TaskInit                              0x080040d9   Thumb Code    36  os_task.o(.text.OS_TaskInit)
    OS_TaskInitTCB                           0x080040fd   Thumb Code   146  os_task.o(.text.OS_TaskInitTCB)
    OS_TaskQPost                             0x08004191   Thumb Code   358  os_task.o(.text.OS_TaskQPost)
    OS_TaskRdy                               0x080042f9   Thumb Code   152  os_core.o(.text.OS_TaskRdy)
    OS_TaskResume                            0x08004391   Thumb Code   246  os_task.o(.text.OS_TaskResume)
    OS_TaskReturn                            0x08004489   Thumb Code    32  os_task.o(.text.OS_TaskReturn)
    OS_TaskSemPost                           0x080044a9   Thumb Code   496  os_task.o(.text.OS_TaskSemPost)
    OS_TaskSuspend                           0x08004699   Thumb Code   232  os_task.o(.text.OS_TaskSuspend)
    OS_TickListInsert                        0x08004781   Thumb Code   332  os_tick.o(.text.OS_TickListInsert)
    OS_TickListRemove                        0x080048cd   Thumb Code    60  os_tick.o(.text.OS_TickListRemove)
    OS_TickListResetPeak                     0x08004909   Thumb Code    98  os_tick.o(.text.OS_TickListResetPeak)
    OS_TickListUpdate                        0x0800496d   Thumb Code   486  os_tick.o(.text.OS_TickListUpdate)
    OS_TickTask                              0x08004b55   Thumb Code    48  os_tick.o(.text.OS_TickTask)
    OS_TickTaskInit                          0x08004b85   Thumb Code   200  os_tick.o(.text.OS_TickTaskInit)
    OS_TmrInit                               0x08004c61   Thumb Code   260  os_tmr.o(.text.OS_TmrInit)
    OS_TmrResetPeak                          0x08004d7d   Thumb Code    98  os_tmr.o(.text.OS_TmrResetPeak)
    OS_TmrTask                               0x08004de1   Thumb Code   424  os_tmr.o(.text.OS_TmrTask)
    SVC_Handler                              0x08004f89   Thumb Code     2  stm32f1xx_it.o(.text.SVC_Handler)
    SystemInit                               0x08004f8d   Thumb Code     2  system_stm32f1xx.o(.text.SystemInit)
    UsageFault_Handler                       0x08004f91   Thumb Code     2  stm32f1xx_it.o(.text.UsageFault_Handler)
    main                                     0x08004ff9   Thumb Code   180  main.o(.text.main)
    start_task                               0x080050b9   Thumb Code   140  main.o(.text.start_task)
    OSStartHighRdy                           0x08005151   Thumb Code     0  os_cpu_a.o(CODE)
    OS_CPU_PendSVHandler                     0x08005173   Thumb Code     0  os_cpu_a.o(CODE)
    AHBPrescTable                            0x080051d4   Data          16  system_stm32f1xx.o(.rodata.AHBPrescTable)
    OSCfg_ISRStkBasePtr                      0x080051e8   Data           4  os_cfg_app.o(.rodata.OSCfg_ISRStkBasePtr)
    OSCfg_ISRStkSize                         0x080051ec   Data           4  os_cfg_app.o(.rodata.OSCfg_ISRStkSize)
    OSCfg_IdleTaskStkBasePtr                 0x080051f0   Data           4  os_cfg_app.o(.rodata.OSCfg_IdleTaskStkBasePtr)
    OSCfg_IdleTaskStkLimit                   0x080051f4   Data           4  os_cfg_app.o(.rodata.OSCfg_IdleTaskStkLimit)
    OSCfg_IdleTaskStkSize                    0x080051f8   Data           4  os_cfg_app.o(.rodata.OSCfg_IdleTaskStkSize)
    OSCfg_IntQBasePtr                        0x080051fc   Data           4  os_cfg_app.o(.rodata.OSCfg_IntQBasePtr)
    OSCfg_IntQSize                           0x08005200   Data           2  os_cfg_app.o(.rodata.OSCfg_IntQSize)
    OSCfg_IntQTaskStkBasePtr                 0x08005204   Data           4  os_cfg_app.o(.rodata.OSCfg_IntQTaskStkBasePtr)
    OSCfg_IntQTaskStkLimit                   0x08005208   Data           4  os_cfg_app.o(.rodata.OSCfg_IntQTaskStkLimit)
    OSCfg_IntQTaskStkSize                    0x0800520c   Data           4  os_cfg_app.o(.rodata.OSCfg_IntQTaskStkSize)
    OSCfg_MsgPoolBasePtr                     0x08005210   Data           4  os_cfg_app.o(.rodata.OSCfg_MsgPoolBasePtr)
    OSCfg_MsgPoolSize                        0x08005214   Data           2  os_cfg_app.o(.rodata.OSCfg_MsgPoolSize)
    OSCfg_StatTaskPrio                       0x08005216   Data           1  os_cfg_app.o(.rodata.OSCfg_StatTaskPrio)
    OSCfg_StatTaskRate_Hz                    0x08005218   Data           4  os_cfg_app.o(.rodata.OSCfg_StatTaskRate_Hz)
    OSCfg_StatTaskStkBasePtr                 0x0800521c   Data           4  os_cfg_app.o(.rodata.OSCfg_StatTaskStkBasePtr)
    OSCfg_StatTaskStkLimit                   0x08005220   Data           4  os_cfg_app.o(.rodata.OSCfg_StatTaskStkLimit)
    OSCfg_StatTaskStkSize                    0x08005224   Data           4  os_cfg_app.o(.rodata.OSCfg_StatTaskStkSize)
    OSCfg_StkSizeMin                         0x08005228   Data           4  os_cfg_app.o(.rodata.OSCfg_StkSizeMin)
    OSCfg_TickRate_Hz                        0x0800522c   Data           4  os_cfg_app.o(.rodata.OSCfg_TickRate_Hz)
    OSCfg_TickTaskPrio                       0x08005230   Data           1  os_cfg_app.o(.rodata.OSCfg_TickTaskPrio)
    OSCfg_TickTaskStkBasePtr                 0x08005234   Data           4  os_cfg_app.o(.rodata.OSCfg_TickTaskStkBasePtr)
    OSCfg_TickTaskStkLimit                   0x08005238   Data           4  os_cfg_app.o(.rodata.OSCfg_TickTaskStkLimit)
    OSCfg_TickTaskStkSize                    0x0800523c   Data           4  os_cfg_app.o(.rodata.OSCfg_TickTaskStkSize)
    OSCfg_TickWheelSize                      0x08005240   Data           2  os_cfg_app.o(.rodata.OSCfg_TickWheelSize)
    OSCfg_TmrTaskPrio                        0x08005242   Data           1  os_cfg_app.o(.rodata.OSCfg_TmrTaskPrio)
    OSCfg_TmrTaskRate_Hz                     0x08005244   Data           4  os_cfg_app.o(.rodata.OSCfg_TmrTaskRate_Hz)
    OSCfg_TmrTaskStkBasePtr                  0x08005248   Data           4  os_cfg_app.o(.rodata.OSCfg_TmrTaskStkBasePtr)
    OSCfg_TmrTaskStkLimit                    0x0800524c   Data           4  os_cfg_app.o(.rodata.OSCfg_TmrTaskStkLimit)
    OSCfg_TmrTaskStkSize                     0x08005250   Data           4  os_cfg_app.o(.rodata.OSCfg_TmrTaskStkSize)
    OSCfg_TmrWheelSize                       0x08005254   Data           2  os_cfg_app.o(.rodata.OSCfg_TmrWheelSize)
    Region$$Table$$Base                      0x08005280   Number         0  anon$$obj.o(Region$$Table)
    Region$$Table$$Limit                     0x080052a0   Number         0  anon$$obj.o(Region$$Table)
    uwTickFreq                               0x20000000   Data           1  stm32f1xx_hal.o(.data..L_MergedGlobals)
    uwTickPrio                               0x20000004   Data           4  stm32f1xx_hal.o(.data..L_MergedGlobals)
    SystemCoreClock                          0x20000008   Data           4  system_stm32f1xx.o(.data.SystemCoreClock)
    __libspace_start                         0x20000010   Data          96  libspace.o(.bss)
    CPU_IntDisMeasCtr                        0x20000070   Data           2  cpu_core.o(.bss..L_MergedGlobals)
    __temporary_stack_top$libspace           0x20000070   Data           0  libspace.o(.bss)
    CPU_IntDisNestCtr                        0x20000072   Data           2  cpu_core.o(.bss..L_MergedGlobals)
    CPU_TS_TmrFreq_Hz                        0x20000074   Data           4  cpu_core.o(.bss..L_MergedGlobals)
    CPU_IntDisMeasMaxCur_cnts                0x20000078   Data           4  cpu_core.o(.bss..L_MergedGlobals)
    CPU_IntDisMeasMax_cnts                   0x2000007c   Data           4  cpu_core.o(.bss..L_MergedGlobals)
    CPU_IntDisMeasStart_cnts                 0x20000080   Data           4  cpu_core.o(.bss..L_MergedGlobals)
    CPU_IntDisMeasStop_cnts                  0x20000084   Data           4  cpu_core.o(.bss..L_MergedGlobals)
    CPU_IntDisMeasOvrhd_cnts                 0x20000088   Data           4  cpu_core.o(.bss..L_MergedGlobals)
    CPU_Name                                 0x2000008c   Data          16  cpu_core.o(.bss..L_MergedGlobals)
    Mem_PoolTbl                              0x2000009c   Data           4  lib_mem.o(.bss..L_MergedGlobals)
    Mem_PoolHeap                             0x200000a0   Data          72  lib_mem.o(.bss..L_MergedGlobals)
    LED0_TASK_STK                            0x200000e8   Data         256  main.o(.bss.LED0_TASK_STK)
    Led0TaskTCB                              0x200001e8   Data         200  main.o(.bss.Led0TaskTCB)
    Mem_Heap                                 0x200002b0   Data       10240  lib_mem.o(.bss.Mem_Heap)
    OSCfg_ISRStk                             0x20002ab0   Data         512  os_cfg_app.o(.bss.OSCfg_ISRStk)
    OSCfg_IdleTaskStk                        0x20002cb0   Data         512  os_cfg_app.o(.bss.OSCfg_IdleTaskStk)
    OSCfg_IntQ                               0x20002eb0   Data         320  os_cfg_app.o(.bss.OSCfg_IntQ)
    OSCfg_IntQTaskStk                        0x20002ff0   Data         512  os_cfg_app.o(.bss.OSCfg_IntQTaskStk)
    OSCfg_MsgPool                            0x200031f0   Data        1600  os_cfg_app.o(.bss.OSCfg_MsgPool)
    OSCfg_StatTaskStk                        0x20003830   Data         512  os_cfg_app.o(.bss.OSCfg_StatTaskStk)
    OSCfg_TickTaskStk                        0x20003a30   Data         512  os_cfg_app.o(.bss.OSCfg_TickTaskStk)
    OSCfg_TickWheel                          0x20003c30   Data         136  os_cfg_app.o(.bss.OSCfg_TickWheel)
    OSCfg_TmrTaskStk                         0x20003cb8   Data         512  os_cfg_app.o(.bss.OSCfg_TmrTaskStk)
    OSCfg_TmrWheel                           0x20003eb8   Data         136  os_cfg_app.o(.bss.OSCfg_TmrWheel)
    OSFlagDbgListPtr                         0x20003f40   Data           4  os_var.o(.bss.OSFlagDbgListPtr)
    OSFlagQty                                0x20003f44   Data           2  os_var.o(.bss.OSFlagQty)
    OSIdleTaskCtr                            0x20003f48   Data           4  os_var.o(.bss.OSIdleTaskCtr)
    OSIdleTaskTCB                            0x20003f4c   Data         200  os_var.o(.bss.OSIdleTaskTCB)
    OSIntDisTimeMax                          0x20004014   Data           4  os_var.o(.bss.OSIntDisTimeMax)
    OSIntNestingCtr                          0x20004018   Data           1  os_var.o(.bss.OSIntNestingCtr)
    OSIntQInPtr                              0x2000401c   Data           4  os_var.o(.bss.OSIntQInPtr)
    OSIntQNbrEntries                         0x20004020   Data           2  os_var.o(.bss.OSIntQNbrEntries)
    OSIntQNbrEntriesMax                      0x20004022   Data           2  os_var.o(.bss.OSIntQNbrEntriesMax)
    OSIntQOutPtr                             0x20004024   Data           4  os_var.o(.bss.OSIntQOutPtr)
    OSIntQOvfCtr                             0x20004028   Data           2  os_var.o(.bss.OSIntQOvfCtr)
    OSIntQTaskTCB                            0x2000402c   Data         200  os_var.o(.bss.OSIntQTaskTCB)
    OSIntQTaskTimeMax                        0x200040f4   Data           4  os_var.o(.bss.OSIntQTaskTimeMax)
    OSMemDbgListPtr                          0x200040f8   Data           4  os_var.o(.bss.OSMemDbgListPtr)
    OSMemQty                                 0x200040fc   Data           2  os_var.o(.bss.OSMemQty)
    OSMsgPool                                0x20004100   Data          12  os_var.o(.bss.OSMsgPool)
    OSMutexDbgListPtr                        0x2000410c   Data           4  os_var.o(.bss.OSMutexDbgListPtr)
    OSMutexQty                               0x20004110   Data           2  os_var.o(.bss.OSMutexQty)
    OSPrioCur                                0x20004112   Data           1  os_var.o(.bss.OSPrioCur)
    OSPrioHighRdy                            0x20004113   Data           1  os_var.o(.bss.OSPrioHighRdy)
    OSPrioSaved                              0x20004114   Data           1  os_var.o(.bss.OSPrioSaved)
    OSPrioTbl                                0x20004118   Data           4  os_prio.o(.bss.OSPrioTbl)
    OSQDbgListPtr                            0x2000411c   Data           4  os_var.o(.bss.OSQDbgListPtr)
    OSQQty                                   0x20004120   Data           2  os_var.o(.bss.OSQQty)
    OSRdyList                                0x20004124   Data         384  os_var.o(.bss.OSRdyList)
    OSRunning                                0x200042a4   Data           1  os_var.o(.bss.OSRunning)
    OSSchedLockNestingCtr                    0x200042a5   Data           1  os_var.o(.bss.OSSchedLockNestingCtr)
    OSSchedLockTimeBegin                     0x200042a8   Data           4  os_var.o(.bss.OSSchedLockTimeBegin)
    OSSchedLockTimeMax                       0x200042ac   Data           4  os_var.o(.bss.OSSchedLockTimeMax)
    OSSchedLockTimeMaxCur                    0x200042b0   Data           4  os_var.o(.bss.OSSchedLockTimeMaxCur)
    OSSchedRoundRobinDfltTimeQuanta          0x200042b4   Data           4  os_var.o(.bss.OSSchedRoundRobinDfltTimeQuanta)
    OSSchedRoundRobinEn                      0x200042b8   Data           1  os_var.o(.bss.OSSchedRoundRobinEn)
    OSSemDbgListPtr                          0x200042bc   Data           4  os_var.o(.bss.OSSemDbgListPtr)
    OSSemQty                                 0x200042c0   Data           2  os_var.o(.bss.OSSemQty)
    OSStatResetFlag                          0x200042c2   Data           1  os_var.o(.bss.OSStatResetFlag)
    OSStatTaskCPUUsage                       0x200042c4   Data           2  os_var.o(.bss.OSStatTaskCPUUsage)
    OSStatTaskCPUUsageMax                    0x200042c6   Data           2  os_var.o(.bss.OSStatTaskCPUUsageMax)
    OSStatTaskCtr                            0x200042c8   Data           4  os_var.o(.bss.OSStatTaskCtr)
    OSStatTaskCtrMax                         0x200042cc   Data           4  os_var.o(.bss.OSStatTaskCtrMax)
    OSStatTaskCtrRun                         0x200042d0   Data           4  os_var.o(.bss.OSStatTaskCtrRun)
    OSStatTaskRdy                            0x200042d4   Data           1  os_var.o(.bss.OSStatTaskRdy)
    OSStatTaskTCB                            0x200042d8   Data         200  os_var.o(.bss.OSStatTaskTCB)
    OSStatTaskTimeMax                        0x200043a0   Data           4  os_var.o(.bss.OSStatTaskTimeMax)
    OSTCBCurPtr                              0x200043a4   Data           4  os_var.o(.bss.OSTCBCurPtr)
    OSTCBHighRdyPtr                          0x200043a8   Data           4  os_var.o(.bss.OSTCBHighRdyPtr)
    OSTaskCtxSwCtr                           0x200043ac   Data           4  os_var.o(.bss.OSTaskCtxSwCtr)
    OSTaskDbgListPtr                         0x200043b0   Data           4  os_var.o(.bss.OSTaskDbgListPtr)
    OSTaskQty                                0x200043b4   Data           2  os_var.o(.bss.OSTaskQty)
    OSTaskRegNextAvailID                     0x200043b6   Data           1  os_var.o(.bss.OSTaskRegNextAvailID)
    OSTickCtr                                0x200043b8   Data           4  os_var.o(.bss.OSTickCtr)
    OSTickTaskTCB                            0x200043bc   Data         200  os_var.o(.bss.OSTickTaskTCB)
    OSTickTaskTimeMax                        0x20004484   Data           4  os_var.o(.bss.OSTickTaskTimeMax)
    OSTmrDbgListPtr                          0x20004488   Data           4  os_var.o(.bss.OSTmrDbgListPtr)
    OSTmrTaskTCB                             0x2000448c   Data         200  os_var.o(.bss.OSTmrTaskTCB)
    OSTmrTaskTimeMax                         0x20004554   Data           4  os_var.o(.bss.OSTmrTaskTimeMax)
    OSTmrTickCtr                             0x20004558   Data           4  os_var.o(.bss.OSTmrTickCtr)
    OSTmrUpdateCnt                           0x2000455c   Data           4  os_var.o(.bss.OSTmrUpdateCnt)
    OSTmrUpdateCtr                           0x20004560   Data           4  os_var.o(.bss.OSTmrUpdateCtr)
    OS_AppIdleTaskHookPtr                    0x20004564   Data           4  os_var.o(.bss.OS_AppIdleTaskHookPtr)
    OS_AppStatTaskHookPtr                    0x20004568   Data           4  os_var.o(.bss.OS_AppStatTaskHookPtr)
    OS_AppTaskCreateHookPtr                  0x2000456c   Data           4  os_var.o(.bss.OS_AppTaskCreateHookPtr)
    OS_AppTaskDelHookPtr                     0x20004570   Data           4  os_var.o(.bss.OS_AppTaskDelHookPtr)
    OS_AppTaskReturnHookPtr                  0x20004574   Data           4  os_var.o(.bss.OS_AppTaskReturnHookPtr)
    OS_AppTaskSwHookPtr                      0x20004578   Data           4  os_var.o(.bss.OS_AppTaskSwHookPtr)
    OS_AppTimeTickHookPtr                    0x2000457c   Data           4  os_var.o(.bss.OS_AppTimeTickHookPtr)
    OS_CPU_ExceptStkBase                     0x20004580   Data           4  os_cpu_c.o(.bss.OS_CPU_ExceptStkBase)
    START_TASK_STK                           0x20004584   Data         256  main.o(.bss.START_TASK_STK)
    StartTaskTCB                             0x20004684   Data         200  main.o(.bss.StartTaskTCB)
    uwTick                                   0x2000474c   Data           4  stm32f1xx_hal.o(.bss.uwTick)



==============================================================================

Memory Map of the image

  Image Entry point : 0x08000131

  Load Region LR_IROM1 (Base: 0x08000000, Size: 0x000052b0, Max: 0x00040000, ABSOLUTE)

    Execution Region ER_IROM1 (Exec base: 0x08000000, Load base: 0x08000000, Size: 0x000052a0, Max: 0x00040000, ABSOLUTE)

    Exec Addr    Load Addr    Size         Type   Attr      Idx    E Section Name        Object

    0x08000000   0x08000000   0x00000130   Data   RO            3    RESET               startup_stm32f103xe.o
    0x08000130   0x08000130   0x00000008   Code   RO         1437  * !!!main             c_w.l(__main.o)
    0x08000138   0x08000138   0x0000005c   Code   RO         1602    !!!scatter          c_w.l(__scatter.o)
    0x08000194   0x08000194   0x0000001a   Code   RO         1606    !!handler_copy      c_w.l(__scatter_copy.o)
    0x080001ae   0x080001ae   0x00000002   PAD
    0x080001b0   0x080001b0   0x00000002   Code   RO         1603    !!handler_null      c_w.l(__scatter.o)
    0x080001b2   0x080001b2   0x00000002   PAD
    0x080001b4   0x080001b4   0x0000001c   Code   RO         1608    !!handler_zi        c_w.l(__scatter_zi.o)
    0x080001d0   0x080001d0   0x00000002   Code   RO         1464    .ARM.Collect$$libinit$$00000000  c_w.l(libinit.o)
    0x080001d2   0x080001d2   0x00000000   Code   RO         1471    .ARM.Collect$$libinit$$00000002  c_w.l(libinit2.o)
    0x080001d2   0x080001d2   0x00000000   Code   RO         1473    .ARM.Collect$$libinit$$00000004  c_w.l(libinit2.o)
    0x080001d2   0x080001d2   0x00000000   Code   RO         1475    .ARM.Collect$$libinit$$00000006  c_w.l(libinit2.o)
    0x080001d2   0x080001d2   0x00000000   Code   RO         1478    .ARM.Collect$$libinit$$0000000C  c_w.l(libinit2.o)
    0x080001d2   0x080001d2   0x00000000   Code   RO         1480    .ARM.Collect$$libinit$$0000000E  c_w.l(libinit2.o)
    0x080001d2   0x080001d2   0x00000000   Code   RO         1482    .ARM.Collect$$libinit$$00000010  c_w.l(libinit2.o)
    0x080001d2   0x080001d2   0x00000000   Code   RO         1485    .ARM.Collect$$libinit$$00000013  c_w.l(libinit2.o)
    0x080001d2   0x080001d2   0x00000000   Code   RO         1487    .ARM.Collect$$libinit$$00000015  c_w.l(libinit2.o)
    0x080001d2   0x080001d2   0x00000000   Code   RO         1489    .ARM.Collect$$libinit$$00000017  c_w.l(libinit2.o)
    0x080001d2   0x080001d2   0x00000000   Code   RO         1491    .ARM.Collect$$libinit$$00000019  c_w.l(libinit2.o)
    0x080001d2   0x080001d2   0x00000000   Code   RO         1493    .ARM.Collect$$libinit$$0000001B  c_w.l(libinit2.o)
    0x080001d2   0x080001d2   0x00000000   Code   RO         1495    .ARM.Collect$$libinit$$0000001D  c_w.l(libinit2.o)
    0x080001d2   0x080001d2   0x00000000   Code   RO         1497    .ARM.Collect$$libinit$$0000001F  c_w.l(libinit2.o)
    0x080001d2   0x080001d2   0x00000000   Code   RO         1499    .ARM.Collect$$libinit$$00000021  c_w.l(libinit2.o)
    0x080001d2   0x080001d2   0x00000000   Code   RO         1501    .ARM.Collect$$libinit$$00000023  c_w.l(libinit2.o)
    0x080001d2   0x080001d2   0x00000000   Code   RO         1503    .ARM.Collect$$libinit$$00000025  c_w.l(libinit2.o)
    0x080001d2   0x080001d2   0x00000000   Code   RO         1505    .ARM.Collect$$libinit$$00000027  c_w.l(libinit2.o)
    0x080001d2   0x080001d2   0x00000000   Code   RO         1509    .ARM.Collect$$libinit$$0000002E  c_w.l(libinit2.o)
    0x080001d2   0x080001d2   0x00000000   Code   RO         1511    .ARM.Collect$$libinit$$00000030  c_w.l(libinit2.o)
    0x080001d2   0x080001d2   0x00000000   Code   RO         1513    .ARM.Collect$$libinit$$00000032  c_w.l(libinit2.o)
    0x080001d2   0x080001d2   0x00000000   Code   RO         1515    .ARM.Collect$$libinit$$00000034  c_w.l(libinit2.o)
    0x080001d2   0x080001d2   0x00000002   Code   RO         1516    .ARM.Collect$$libinit$$00000035  c_w.l(libinit2.o)
    0x080001d4   0x080001d4   0x00000002   Code   RO         1538    .ARM.Collect$$libshutdown$$00000000  c_w.l(libshutdown.o)
    0x080001d6   0x080001d6   0x00000000   Code   RO         1553    .ARM.Collect$$libshutdown$$00000002  c_w.l(libshutdown2.o)
    0x080001d6   0x080001d6   0x00000000   Code   RO         1555    .ARM.Collect$$libshutdown$$00000004  c_w.l(libshutdown2.o)
    0x080001d6   0x080001d6   0x00000000   Code   RO         1558    .ARM.Collect$$libshutdown$$00000007  c_w.l(libshutdown2.o)
    0x080001d6   0x080001d6   0x00000000   Code   RO         1561    .ARM.Collect$$libshutdown$$0000000A  c_w.l(libshutdown2.o)
    0x080001d6   0x080001d6   0x00000000   Code   RO         1563    .ARM.Collect$$libshutdown$$0000000C  c_w.l(libshutdown2.o)
    0x080001d6   0x080001d6   0x00000000   Code   RO         1566    .ARM.Collect$$libshutdown$$0000000F  c_w.l(libshutdown2.o)
    0x080001d6   0x080001d6   0x00000002   Code   RO         1567    .ARM.Collect$$libshutdown$$00000010  c_w.l(libshutdown2.o)
    0x080001d8   0x080001d8   0x00000000   Code   RO         1439    .ARM.Collect$$rtentry$$00000000  c_w.l(__rtentry.o)
    0x080001d8   0x080001d8   0x00000000   Code   RO         1441    .ARM.Collect$$rtentry$$00000002  c_w.l(__rtentry2.o)
    0x080001d8   0x080001d8   0x00000006   Code   RO         1453    .ARM.Collect$$rtentry$$00000004  c_w.l(__rtentry4.o)
    0x080001de   0x080001de   0x00000000   Code   RO         1443    .ARM.Collect$$rtentry$$00000009  c_w.l(__rtentry2.o)
    0x080001de   0x080001de   0x00000004   Code   RO         1444    .ARM.Collect$$rtentry$$0000000A  c_w.l(__rtentry2.o)
    0x080001e2   0x080001e2   0x00000000   Code   RO         1446    .ARM.Collect$$rtentry$$0000000C  c_w.l(__rtentry2.o)
    0x080001e2   0x080001e2   0x00000008   Code   RO         1447    .ARM.Collect$$rtentry$$0000000D  c_w.l(__rtentry2.o)
    0x080001ea   0x080001ea   0x00000002   Code   RO         1468    .ARM.Collect$$rtexit$$00000000  c_w.l(rtexit.o)
    0x080001ec   0x080001ec   0x00000000   Code   RO         1518    .ARM.Collect$$rtexit$$00000002  c_w.l(rtexit2.o)
    0x080001ec   0x080001ec   0x00000004   Code   RO         1519    .ARM.Collect$$rtexit$$00000003  c_w.l(rtexit2.o)
    0x080001f0   0x080001f0   0x00000006   Code   RO         1520    .ARM.Collect$$rtexit$$00000004  c_w.l(rtexit2.o)
    0x080001f6   0x080001f6   0x00000002   PAD
    0x080001f8   0x080001f8   0x00000040   Code   RO            4    .text               startup_stm32f103xe.o
    0x08000238   0x08000238   0x00000034   Code   RO          496    .text               cpu_a.o
    0x0800026c   0x0800026c   0x00000044   Code   RO         1431    .text               c_w.l(rt_memclr.o)
    0x080002b0   0x080002b0   0x0000004e   Code   RO         1433    .text               c_w.l(rt_memclr_w.o)
    0x080002fe   0x080002fe   0x00000006   Code   RO         1435    .text               c_w.l(heapauxi.o)
    0x08000304   0x08000304   0x0000004a   Code   RO         1455    .text               c_w.l(sys_stackheap_outer.o)
    0x0800034e   0x0800034e   0x00000012   Code   RO         1457    .text               c_w.l(exit.o)
    0x08000360   0x08000360   0x00000008   Code   RO         1465    .text               c_w.l(libspace.o)
    0x08000368   0x08000368   0x0000000c   Code   RO         1528    .text               c_w.l(sys_exit.o)
    0x08000374   0x08000374   0x00000002   Code   RO         1543    .text               c_w.l(use_no_semi.o)
    0x08000376   0x08000376   0x00000000   Code   RO         1545    .text               c_w.l(indicate_semi.o)
    0x08000376   0x08000376   0x00000002   PAD
    0x08000378   0x08000378   0x0000001c   Code   RO          526    .text.BSP_Init      bsp.o
    0x08000394   0x08000394   0x00000002   Code   RO           51    .text.BusFault_Handler  stm32f1xx_it.o
    0x08000396   0x08000396   0x00000002   PAD
    0x08000398   0x08000398   0x0000006a   Code   RO          443    .text.CPU_Init      cpu_core.o
    0x08000402   0x08000402   0x00000002   PAD
    0x08000404   0x08000404   0x0000002c   Code   RO          465    .text.CPU_IntDisMeasMaxCurReset  cpu_core.o
    0x08000430   0x08000430   0x0000001e   Code   RO          469    .text.CPU_IntDisMeasMaxGet  cpu_core.o
    0x0800044e   0x0800044e   0x00000002   PAD
    0x08000450   0x08000450   0x0000002a   Code   RO          449    .text.CPU_IntDisMeasStart  cpu_core.o
    0x0800047a   0x0800047a   0x00000002   PAD
    0x0800047c   0x0800047c   0x00000032   Code   RO          451    .text.CPU_IntDisMeasStop  cpu_core.o
    0x080004ae   0x080004ae   0x00000002   PAD
    0x080004b0   0x080004b0   0x00000068   Code   RO          447    .text.CPU_NameClr   cpu_core.o
    0x08000518   0x08000518   0x0000000c   Code   RO          463    .text.CPU_TS_TmrFreqSet  cpu_core.o
    0x08000524   0x08000524   0x00000032   Code   RO          528    .text.CPU_TS_TmrInit  bsp.o
    0x08000556   0x08000556   0x00000002   PAD
    0x08000558   0x08000558   0x0000000c   Code   RO          530    .text.CPU_TS_TmrRd  bsp.o
    0x08000564   0x08000564   0x00000002   Code   RO           57    .text.DebugMon_Handler  stm32f1xx_it.o
    0x08000566   0x08000566   0x00000002   PAD
    0x08000568   0x08000568   0x000001e6   Code   RO          207    .text.HAL_GPIO_Init  stm32f1xx_hal_gpio.o
    0x0800074e   0x0800074e   0x00000002   PAD
    0x08000750   0x08000750   0x0000000a   Code   RO          213    .text.HAL_GPIO_WritePin  stm32f1xx_hal_gpio.o
    0x0800075a   0x0800075a   0x00000002   PAD
    0x0800075c   0x0800075c   0x0000000c   Code   RO          107    .text.HAL_GetTick   stm32f1xx_hal.o
    0x08000768   0x08000768   0x00000026   Code   RO           95    .text.HAL_Init      stm32f1xx_hal.o
    0x0800078e   0x0800078e   0x00000002   PAD
    0x08000790   0x08000790   0x00000048   Code   RO           97    .text.HAL_InitTick  stm32f1xx_hal.o
    0x080007d8   0x080007d8   0x00000042   Code   RO           70    .text.HAL_MspInit   stm32f1xx_hal_msp.o
    0x0800081a   0x0800081a   0x00000002   PAD
    0x0800081c   0x0800081c   0x00000056   Code   RO          265    .text.HAL_NVIC_SetPriority  stm32f1xx_hal_cortex.o
    0x08000872   0x08000872   0x00000002   PAD
    0x08000874   0x08000874   0x00000020   Code   RO          263    .text.HAL_NVIC_SetPriorityGrouping  stm32f1xx_hal_cortex.o
    0x08000894   0x08000894   0x000001ba   Code   RO          159    .text.HAL_RCC_ClockConfig  stm32f1xx_hal_rcc.o
    0x08000a4e   0x08000a4e   0x00000002   PAD
    0x08000a50   0x08000a50   0x0000000c   Code   RO          169    .text.HAL_RCC_GetHCLKFreq  stm32f1xx_hal_rcc.o
    0x08000a5c   0x08000a5c   0x00000400   Code   RO          157    .text.HAL_RCC_OscConfig  stm32f1xx_hal_rcc.o
    0x08000e5c   0x08000e5c   0x0000002c   Code   RO          275    .text.HAL_SYSTICK_Config  stm32f1xx_hal_cortex.o
    0x08000e88   0x08000e88   0x00000002   Code   RO           47    .text.HardFault_Handler  stm32f1xx_it.o
    0x08000e8a   0x08000e8a   0x00000002   PAD
    0x08000e8c   0x08000e8c   0x00000066   Code   RO           36    .text.MX_GPIO_Init  gpio.o
    0x08000ef2   0x08000ef2   0x00000002   PAD
    0x08000ef4   0x08000ef4   0x00000002   Code   RO           49    .text.MemManage_Handler  stm32f1xx_it.o
    0x08000ef6   0x08000ef6   0x00000002   PAD
    0x08000ef8   0x08000ef8   0x00000058   Code   RO         1328    .text.Mem_Clr       lib_mem.o
    0x08000f50   0x08000f50   0x00000046   Code   RO         1326    .text.Mem_Init      lib_mem.o
    0x08000f96   0x08000f96   0x00000002   PAD
    0x08000f98   0x08000f98   0x00000002   Code   RO           45    .text.NMI_Handler   stm32f1xx_it.o
    0x08000f9a   0x08000f9a   0x00000002   PAD
    0x08000f9c   0x08000f9c   0x00000002   Code   RO          570    .text.OSCfg_Init    os_cfg_app.o
    0x08000f9e   0x08000f9e   0x00000002   PAD
    0x08000fa0   0x08000fa0   0x00000012   Code   RO         1238    .text.OSIdleTaskHook  os_cpu_c.o
    0x08000fb2   0x08000fb2   0x00000002   PAD
    0x08000fb4   0x08000fb4   0x000001a4   Code   RO          629    .text.OSInit        os_core.o
    0x08001158   0x08001158   0x00000032   Code   RO         1240    .text.OSInitHook    os_cpu_c.o
    0x0800118a   0x0800118a   0x00000002   PAD
    0x0800118c   0x0800118c   0x000000a0   Code   RO          637    .text.OSIntExit     os_core.o
    0x0800122c   0x0800122c   0x0000008a   Code   RO          639    .text.OSSched       os_core.o
    0x080012b6   0x080012b6   0x00000002   PAD
    0x080012b8   0x080012b8   0x00000080   Code   RO          641    .text.OSSchedLock   os_core.o
    0x08001338   0x08001338   0x0000005e   Code   RO          649    .text.OSSchedRoundRobinCfg  os_core.o
    0x08001396   0x08001396   0x00000002   PAD
    0x08001398   0x08001398   0x00000132   Code   RO          645    .text.OSSchedUnlock  os_core.o
    0x080014ca   0x080014ca   0x00000002   PAD
    0x080014cc   0x080014cc   0x00000064   Code   RO          655    .text.OSStart       os_core.o
    0x08001530   0x08001530   0x00000118   Code   RO         1007    .text.OSStatReset   os_stat.o
    0x08001648   0x08001648   0x000000e0   Code   RO         1009    .text.OSStatTaskCPUUsageInit  os_stat.o
    0x08001728   0x08001728   0x00000012   Code   RO         1242    .text.OSStatTaskHook  os_cpu_c.o
    0x0800173a   0x0800173a   0x00000002   PAD
    0x0800173c   0x0800173c   0x0000020c   Code   RO         1025    .text.OSTaskCreate  os_task.o
    0x08001948   0x08001948   0x00000012   Code   RO         1244    .text.OSTaskCreateHook  os_cpu_c.o
    0x0800195a   0x0800195a   0x00000002   PAD
    0x0800195c   0x0800195c   0x00000246   Code   RO         1031    .text.OSTaskDel     os_task.o
    0x08001ba2   0x08001ba2   0x00000002   PAD
    0x08001ba4   0x08001ba4   0x00000012   Code   RO         1246    .text.OSTaskDelHook  os_cpu_c.o
    0x08001bb6   0x08001bb6   0x00000002   PAD
    0x08001bb8   0x08001bb8   0x00000072   Code   RO         1051    .text.OSTaskResume  os_task.o
    0x08001c2a   0x08001c2a   0x00000002   PAD
    0x08001c2c   0x08001c2c   0x00000012   Code   RO         1248    .text.OSTaskReturnHook  os_cpu_c.o
    0x08001c3e   0x08001c3e   0x00000002   PAD
    0x08001c40   0x08001c40   0x000001b2   Code   RO         1055    .text.OSTaskSemPend  os_task.o
    0x08001df2   0x08001df2   0x00000002   PAD
    0x08001df4   0x08001df4   0x000000d8   Code   RO         1065    .text.OSTaskStkChk  os_task.o
    0x08001ecc   0x08001ecc   0x0000006a   Code   RO         1250    .text.OSTaskStkInit  os_cpu_c.o
    0x08001f36   0x08001f36   0x00000002   PAD
    0x08001f38   0x08001f38   0x00000068   Code   RO         1067    .text.OSTaskSuspend  os_task.o
    0x08001fa0   0x08001fa0   0x00000070   Code   RO         1252    .text.OSTaskSwHook  os_cpu_c.o
    0x08002010   0x08002010   0x00000106   Code   RO         1108    .text.OSTimeDly     os_time.o
    0x08002116   0x08002116   0x00000002   PAD
    0x08002118   0x08002118   0x000001c4   Code   RO         1110    .text.OSTimeDlyHMSM  os_time.o
    0x080022dc   0x080022dc   0x0000002a   Code   RO         1258    .text.OS_CPU_SysTickInit  os_cpu_c.o
    0x08002306   0x08002306   0x00000002   PAD
    0x08002308   0x08002308   0x00000002   Code   RO          718    .text.OS_Dbg_Init   os_dbg.o
    0x0800230a   0x0800230a   0x00000002   PAD
    0x0800230c   0x0800230c   0x0000001a   Code   RO          820    .text.OS_FlagInit   os_flag.o
    0x08002326   0x08002326   0x00000002   PAD
    0x08002328   0x08002328   0x000001ec   Code   RO          818    .text.OS_FlagPost   os_flag.o
    0x08002514   0x08002514   0x00000036   Code   RO          659    .text.OS_IdleTask   os_core.o
    0x0800254a   0x0800254a   0x00000002   PAD
    0x0800254c   0x0800254c   0x0000007c   Code   RO          633    .text.OS_IdleTaskInit  os_core.o
    0x080025c8   0x080025c8   0x000000d6   Code   RO          833    .text.OS_IntQPost   os_int.o
    0x0800269e   0x0800269e   0x00000002   PAD
    0x080026a0   0x080026a0   0x000001b8   Code   RO          835    .text.OS_IntQRePost  os_int.o
    0x08002858   0x08002858   0x00000098   Code   RO          837    .text.OS_IntQTask   os_int.o
    0x080028f0   0x080028f0   0x000001e0   Code   RO          839    .text.OS_IntQTaskInit  os_int.o
    0x08002ad0   0x08002ad0   0x0000001a   Code   RO          857    .text.OS_MemInit    os_mem.o
    0x08002aea   0x08002aea   0x00000002   PAD
    0x08002aec   0x08002aec   0x00000102   Code   RO          867    .text.OS_MsgPoolInit  os_msg.o
    0x08002bee   0x08002bee   0x00000002   PAD
    0x08002bf0   0x08002bf0   0x00000044   Code   RO          869    .text.OS_MsgQFreeAll  os_msg.o
    0x08002c34   0x08002c34   0x0000000e   Code   RO          871    .text.OS_MsgQInit   os_msg.o
    0x08002c42   0x08002c42   0x00000002   PAD
    0x08002c44   0x08002c44   0x000000aa   Code   RO          875    .text.OS_MsgQPut    os_msg.o
    0x08002cee   0x08002cee   0x00000002   PAD
    0x08002cf0   0x08002cf0   0x0000001a   Code   RO          901    .text.OS_MutexInit  os_mutex.o
    0x08002d0a   0x08002d0a   0x00000002   PAD
    0x08002d0c   0x08002d0c   0x000001a6   Code   RO          661    .text.OS_Pend       os_core.o
    0x08002eb2   0x08002eb2   0x00000002   PAD
    0x08002eb4   0x08002eb4   0x00000216   Code   RO          675    .text.OS_PendListRemove  os_core.o
    0x080030ca   0x080030ca   0x00000002   PAD
    0x080030cc   0x080030cc   0x000005ce   Code   RO          693    .text.OS_Post       os_core.o
    0x0800369a   0x0800369a   0x00000002   PAD
    0x0800369c   0x0800369c   0x0000006e   Code   RO          930    .text.OS_PrioGetHighest  os_prio.o
    0x0800370a   0x0800370a   0x00000002   PAD
    0x0800370c   0x0800370c   0x0000000e   Code   RO          928    .text.OS_PrioInit   os_prio.o
    0x0800371a   0x0800371a   0x00000002   PAD
    0x0800371c   0x0800371c   0x00000024   Code   RO          932    .text.OS_PrioInsert  os_prio.o
    0x08003740   0x08003740   0x00000026   Code   RO          934    .text.OS_PrioRemove  os_prio.o
    0x08003766   0x08003766   0x00000002   PAD
    0x08003768   0x08003768   0x0000001a   Code   RO          965    .text.OS_QInit      os_q.o
    0x08003782   0x08003782   0x00000002   PAD
    0x08003784   0x08003784   0x0000010e   Code   RO          963    .text.OS_QPost      os_q.o
    0x08003892   0x08003892   0x00000002   PAD
    0x08003894   0x08003894   0x00000102   Code   RO          631    .text.OS_RdyListInit  os_core.o
    0x08003996   0x08003996   0x00000002   PAD
    0x08003998   0x08003998   0x0000003e   Code   RO          699    .text.OS_RdyListInsertTail  os_core.o
    0x080039d6   0x080039d6   0x00000002   PAD
    0x080039d8   0x080039d8   0x0000003a   Code   RO          653    .text.OS_RdyListMoveHeadToTail  os_core.o
    0x08003a12   0x08003a12   0x00000002   PAD
    0x08003a14   0x08003a14   0x0000006a   Code   RO          703    .text.OS_RdyListRemove  os_core.o
    0x08003a7e   0x08003a7e   0x00000002   PAD
    0x08003a80   0x08003a80   0x00000056   Code   RO          705    .text.OS_Sched0     os_core.o
    0x08003ad6   0x08003ad6   0x00000002   PAD
    0x08003ad8   0x08003ad8   0x00000026   Code   RO          643    .text.OS_SchedLockTimeMeasStart  os_core.o
    0x08003afe   0x08003afe   0x00000002   PAD
    0x08003b00   0x08003b00   0x00000048   Code   RO          647    .text.OS_SchedLockTimeMeasStop  os_core.o
    0x08003b48   0x08003b48   0x00000086   Code   RO          707    .text.OS_SchedRoundRobin  os_core.o
    0x08003bce   0x08003bce   0x00000002   PAD
    0x08003bd0   0x08003bd0   0x0000001a   Code   RO          996    .text.OS_SemInit    os_sem.o
    0x08003bea   0x08003bea   0x00000002   PAD
    0x08003bec   0x08003bec   0x000000e0   Code   RO          992    .text.OS_SemPost    os_sem.o
    0x08003ccc   0x08003ccc   0x00000330   Code   RO         1011    .text.OS_StatTask   os_stat.o
    0x08003ffc   0x08003ffc   0x000000dc   Code   RO         1013    .text.OS_StatTaskInit  os_stat.o
    0x080040d8   0x080040d8   0x00000024   Code   RO         1073    .text.OS_TaskInit   os_task.o
    0x080040fc   0x080040fc   0x00000092   Code   RO         1027    .text.OS_TaskInitTCB  os_task.o
    0x0800418e   0x0800418e   0x00000002   PAD
    0x08004190   0x08004190   0x00000166   Code   RO         1043    .text.OS_TaskQPost  os_task.o
    0x080042f6   0x080042f6   0x00000002   PAD
    0x080042f8   0x080042f8   0x00000098   Code   RO          677    .text.OS_TaskRdy    os_core.o
    0x08004390   0x08004390   0x000000f6   Code   RO         1053    .text.OS_TaskResume  os_task.o
    0x08004486   0x08004486   0x00000002   PAD
    0x08004488   0x08004488   0x00000020   Code   RO         1075    .text.OS_TaskReturn  os_task.o
    0x080044a8   0x080044a8   0x000001f0   Code   RO         1061    .text.OS_TaskSemPost  os_task.o
    0x08004698   0x08004698   0x000000e8   Code   RO         1069    .text.OS_TaskSuspend  os_task.o
    0x08004780   0x08004780   0x0000014c   Code   RO         1094    .text.OS_TickListInsert  os_tick.o
    0x080048cc   0x080048cc   0x0000003c   Code   RO         1096    .text.OS_TickListRemove  os_tick.o
    0x08004908   0x08004908   0x00000062   Code   RO         1098    .text.OS_TickListResetPeak  os_tick.o
    0x0800496a   0x0800496a   0x00000002   PAD
    0x0800496c   0x0800496c   0x000001e6   Code   RO         1088    .text.OS_TickListUpdate  os_tick.o
    0x08004b52   0x08004b52   0x00000002   PAD
    0x08004b54   0x08004b54   0x00000030   Code   RO         1086    .text.OS_TickTask   os_tick.o
    0x08004b84   0x08004b84   0x000000dc   Code   RO         1090    .text.OS_TickTaskInit  os_tick.o
    0x08004c60   0x08004c60   0x0000011c   Code   RO         1150    .text.OS_TmrInit    os_tmr.o
    0x08004d7c   0x08004d7c   0x00000062   Code   RO         1154    .text.OS_TmrResetPeak  os_tmr.o
    0x08004dde   0x08004dde   0x00000002   PAD
    0x08004de0   0x08004de0   0x000001a8   Code   RO         1152    .text.OS_TmrTask    os_tmr.o
    0x08004f88   0x08004f88   0x00000002   Code   RO           55    .text.SVC_Handler   stm32f1xx_it.o
    0x08004f8a   0x08004f8a   0x00000002   PAD
    0x08004f8c   0x08004f8c   0x00000002   Code   RO          428    .text.SystemInit    system_stm32f1xx.o
    0x08004f8e   0x08004f8e   0x00000002   PAD
    0x08004f90   0x08004f90   0x00000002   Code   RO           53    .text.UsageFault_Handler  stm32f1xx_it.o
    0x08004f92   0x08004f92   0x00000002   PAD
    0x08004f94   0x08004f94   0x00000062   Code   RO           19    .text.led_pc13      main.o
    0x08004ff6   0x08004ff6   0x00000002   PAD
    0x08004ff8   0x08004ff8   0x000000c0   Code   RO           11    .text.main          main.o
    0x080050b8   0x080050b8   0x00000098   Code   RO           15    .text.start_task    main.o
    0x08005150   0x08005150   0x00000084   Code   RO         1234    CODE                os_cpu_a.o
    0x080051d4   0x080051d4   0x00000010   Data   RO          433    .rodata.AHBPrescTable  system_stm32f1xx.o
    0x080051e4   0x080051e4   0x00000002   Data   RO          184    .rodata.HAL_RCC_GetSysClockFreq.aPredivFactorTable  stm32f1xx_hal_rcc.o
    0x080051e6   0x080051e6   0x00000002   PAD
    0x080051e8   0x080051e8   0x00000004   Data   RO          587    .rodata.OSCfg_ISRStkBasePtr  os_cfg_app.o
    0x080051ec   0x080051ec   0x00000004   Data   RO          588    .rodata.OSCfg_ISRStkSize  os_cfg_app.o
    0x080051f0   0x080051f0   0x00000004   Data   RO          573    .rodata.OSCfg_IdleTaskStkBasePtr  os_cfg_app.o
    0x080051f4   0x080051f4   0x00000004   Data   RO          574    .rodata.OSCfg_IdleTaskStkLimit  os_cfg_app.o
    0x080051f8   0x080051f8   0x00000004   Data   RO          575    .rodata.OSCfg_IdleTaskStkSize  os_cfg_app.o
    0x080051fc   0x080051fc   0x00000004   Data   RO          578    .rodata.OSCfg_IntQBasePtr  os_cfg_app.o
    0x08005200   0x08005200   0x00000002   Data   RO          579    .rodata.OSCfg_IntQSize  os_cfg_app.o
    0x08005202   0x08005202   0x00000002   PAD
    0x08005204   0x08005204   0x00000004   Data   RO          582    .rodata.OSCfg_IntQTaskStkBasePtr  os_cfg_app.o
    0x08005208   0x08005208   0x00000004   Data   RO          583    .rodata.OSCfg_IntQTaskStkLimit  os_cfg_app.o
    0x0800520c   0x0800520c   0x00000004   Data   RO          584    .rodata.OSCfg_IntQTaskStkSize  os_cfg_app.o
    0x08005210   0x08005210   0x00000004   Data   RO          593    .rodata.OSCfg_MsgPoolBasePtr  os_cfg_app.o
    0x08005214   0x08005214   0x00000002   Data   RO          590    .rodata.OSCfg_MsgPoolSize  os_cfg_app.o
    0x08005216   0x08005216   0x00000001   Data   RO          594    .rodata.OSCfg_StatTaskPrio  os_cfg_app.o
    0x08005217   0x08005217   0x00000001   PAD
    0x08005218   0x08005218   0x00000004   Data   RO          595    .rodata.OSCfg_StatTaskRate_Hz  os_cfg_app.o
    0x0800521c   0x0800521c   0x00000004   Data   RO          597    .rodata.OSCfg_StatTaskStkBasePtr  os_cfg_app.o
    0x08005220   0x08005220   0x00000004   Data   RO          598    .rodata.OSCfg_StatTaskStkLimit  os_cfg_app.o
    0x08005224   0x08005224   0x00000004   Data   RO          599    .rodata.OSCfg_StatTaskStkSize  os_cfg_app.o
    0x08005228   0x08005228   0x00000004   Data   RO          601    .rodata.OSCfg_StkSizeMin  os_cfg_app.o
    0x0800522c   0x0800522c   0x00000004   Data   RO          602    .rodata.OSCfg_TickRate_Hz  os_cfg_app.o
    0x08005230   0x08005230   0x00000001   Data   RO          603    .rodata.OSCfg_TickTaskPrio  os_cfg_app.o
    0x08005231   0x08005231   0x00000003   PAD
    0x08005234   0x08005234   0x00000004   Data   RO          605    .rodata.OSCfg_TickTaskStkBasePtr  os_cfg_app.o
    0x08005238   0x08005238   0x00000004   Data   RO          606    .rodata.OSCfg_TickTaskStkLimit  os_cfg_app.o
    0x0800523c   0x0800523c   0x00000004   Data   RO          607    .rodata.OSCfg_TickTaskStkSize  os_cfg_app.o
    0x08005240   0x08005240   0x00000002   Data   RO          609    .rodata.OSCfg_TickWheelSize  os_cfg_app.o
    0x08005242   0x08005242   0x00000001   Data   RO          611    .rodata.OSCfg_TmrTaskPrio  os_cfg_app.o
    0x08005243   0x08005243   0x00000001   PAD
    0x08005244   0x08005244   0x00000004   Data   RO          612    .rodata.OSCfg_TmrTaskRate_Hz  os_cfg_app.o
    0x08005248   0x08005248   0x00000004   Data   RO          614    .rodata.OSCfg_TmrTaskStkBasePtr  os_cfg_app.o
    0x0800524c   0x0800524c   0x00000004   Data   RO          615    .rodata.OSCfg_TmrTaskStkLimit  os_cfg_app.o
    0x08005250   0x08005250   0x00000004   Data   RO          616    .rodata.OSCfg_TmrTaskStkSize  os_cfg_app.o
    0x08005254   0x08005254   0x00000002   Data   RO          618    .rodata.OSCfg_TmrWheelSize  os_cfg_app.o
    0x08005256   0x08005256   0x00000010   Data   RO          183    .rodata.cst16       stm32f1xx_hal_rcc.o
    0x08005266   0x08005266   0x00000012   Data   RO          709    .rodata.str1.1      os_core.o
    0x08005278   0x08005278   0x00000006   Data   RO         1077    .rodata.str1.1      os_task.o
    0x0800527e   0x0800527e   0x00000002   PAD
    0x08005280   0x08005280   0x00000020   Data   RO         1601    Region$$Table       anon$$obj.o


    Execution Region RW_IRAM1 (Exec base: 0x20000000, Load base: 0x080052a0, Size: 0x00004d50, Max: 0x0000c000, ABSOLUTE)

    Exec Addr    Load Addr    Size         Type   Attr      Idx    E Section Name        Object

    0x20000000   0x080052a0   0x00000008   Data   RW          146    .data..L_MergedGlobals  stm32f1xx_hal.o
    0x20000008   0x080052a8   0x00000004   Data   RW          432    .data.SystemCoreClock  system_stm32f1xx.o
    0x2000000c   0x080052ac   0x00000004   PAD
    0x20000010        -       0x00000060   Zero   RW         1466    .bss                c_w.l(libspace.o)
    0x20000070        -       0x0000002c   Zero   RW          488    .bss..L_MergedGlobals  cpu_core.o
    0x2000009c        -       0x0000004c   Zero   RW         1359    .bss..L_MergedGlobals  lib_mem.o
    0x200000e8        -       0x00000100   Zero   RW           24    .bss.LED0_TASK_STK  main.o
    0x200001e8        -       0x000000c8   Zero   RW           23    .bss.Led0TaskTCB    main.o
    0x200002b0        -       0x00002800   Zero   RW         1358    .bss.Mem_Heap       lib_mem.o
    0x20002ab0        -       0x00000200   Zero   RW          586    .bss.OSCfg_ISRStk   os_cfg_app.o
    0x20002cb0        -       0x00000200   Zero   RW          572    .bss.OSCfg_IdleTaskStk  os_cfg_app.o
    0x20002eb0        -       0x00000140   Zero   RW          577    .bss.OSCfg_IntQ     os_cfg_app.o
    0x20002ff0        -       0x00000200   Zero   RW          581    .bss.OSCfg_IntQTaskStk  os_cfg_app.o
    0x200031f0        -       0x00000640   Zero   RW          592    .bss.OSCfg_MsgPool  os_cfg_app.o
    0x20003830        -       0x00000200   Zero   RW          596    .bss.OSCfg_StatTaskStk  os_cfg_app.o
    0x20003a30        -       0x00000200   Zero   RW          604    .bss.OSCfg_TickTaskStk  os_cfg_app.o
    0x20003c30        -       0x00000088   Zero   RW          621    .bss.OSCfg_TickWheel  os_cfg_app.o
    0x20003cb8        -       0x00000200   Zero   RW          613    .bss.OSCfg_TmrTaskStk  os_cfg_app.o
    0x20003eb8        -       0x00000088   Zero   RW          622    .bss.OSCfg_TmrWheel  os_cfg_app.o
    0x20003f40        -       0x00000004   Zero   RW         1184    .bss.OSFlagDbgListPtr  os_var.o
    0x20003f44        -       0x00000002   Zero   RW         1185    .bss.OSFlagQty      os_var.o
    0x20003f46   0x080052ac   0x00000002   PAD
    0x20003f48        -       0x00000004   Zero   RW         1172    .bss.OSIdleTaskCtr  os_var.o
    0x20003f4c        -       0x000000c8   Zero   RW         1173    .bss.OSIdleTaskTCB  os_var.o
    0x20004014        -       0x00000004   Zero   RW         1175    .bss.OSIntDisTimeMax  os_var.o
    0x20004018        -       0x00000001   Zero   RW         1174    .bss.OSIntNestingCtr  os_var.o
    0x20004019   0x080052ac   0x00000003   PAD
    0x2000401c        -       0x00000004   Zero   RW         1177    .bss.OSIntQInPtr    os_var.o
    0x20004020        -       0x00000002   Zero   RW         1179    .bss.OSIntQNbrEntries  os_var.o
    0x20004022        -       0x00000002   Zero   RW         1180    .bss.OSIntQNbrEntriesMax  os_var.o
    0x20004024        -       0x00000004   Zero   RW         1178    .bss.OSIntQOutPtr   os_var.o
    0x20004028        -       0x00000002   Zero   RW         1181    .bss.OSIntQOvfCtr   os_var.o
    0x2000402a   0x080052ac   0x00000002   PAD
    0x2000402c        -       0x000000c8   Zero   RW         1182    .bss.OSIntQTaskTCB  os_var.o
    0x200040f4        -       0x00000004   Zero   RW         1183    .bss.OSIntQTaskTimeMax  os_var.o
    0x200040f8        -       0x00000004   Zero   RW         1186    .bss.OSMemDbgListPtr  os_var.o
    0x200040fc        -       0x00000002   Zero   RW         1187    .bss.OSMemQty       os_var.o
    0x200040fe   0x080052ac   0x00000002   PAD
    0x20004100        -       0x0000000c   Zero   RW         1188    .bss.OSMsgPool      os_var.o
    0x2000410c        -       0x00000004   Zero   RW         1189    .bss.OSMutexDbgListPtr  os_var.o
    0x20004110        -       0x00000002   Zero   RW         1190    .bss.OSMutexQty     os_var.o
    0x20004112        -       0x00000001   Zero   RW         1191    .bss.OSPrioCur      os_var.o
    0x20004113        -       0x00000001   Zero   RW         1192    .bss.OSPrioHighRdy  os_var.o
    0x20004114        -       0x00000001   Zero   RW         1193    .bss.OSPrioSaved    os_var.o
    0x20004115   0x080052ac   0x00000003   PAD
    0x20004118        -       0x00000004   Zero   RW          936    .bss.OSPrioTbl      os_prio.o
    0x2000411c        -       0x00000004   Zero   RW         1194    .bss.OSQDbgListPtr  os_var.o
    0x20004120        -       0x00000002   Zero   RW         1195    .bss.OSQQty         os_var.o
    0x20004122   0x080052ac   0x00000002   PAD
    0x20004124        -       0x00000180   Zero   RW         1196    .bss.OSRdyList      os_var.o
    0x200042a4        -       0x00000001   Zero   RW         1176    .bss.OSRunning      os_var.o
    0x200042a5        -       0x00000001   Zero   RW         1200    .bss.OSSchedLockNestingCtr  os_var.o
    0x200042a6   0x080052ac   0x00000002   PAD
    0x200042a8        -       0x00000004   Zero   RW         1197    .bss.OSSchedLockTimeBegin  os_var.o
    0x200042ac        -       0x00000004   Zero   RW         1198    .bss.OSSchedLockTimeMax  os_var.o
    0x200042b0        -       0x00000004   Zero   RW         1199    .bss.OSSchedLockTimeMaxCur  os_var.o
    0x200042b4        -       0x00000004   Zero   RW         1201    .bss.OSSchedRoundRobinDfltTimeQuanta  os_var.o
    0x200042b8        -       0x00000001   Zero   RW         1202    .bss.OSSchedRoundRobinEn  os_var.o
    0x200042b9   0x080052ac   0x00000003   PAD
    0x200042bc        -       0x00000004   Zero   RW         1203    .bss.OSSemDbgListPtr  os_var.o
    0x200042c0        -       0x00000002   Zero   RW         1204    .bss.OSSemQty       os_var.o
    0x200042c2        -       0x00000001   Zero   RW         1205    .bss.OSStatResetFlag  os_var.o
    0x200042c3   0x080052ac   0x00000001   PAD
    0x200042c4        -       0x00000002   Zero   RW         1206    .bss.OSStatTaskCPUUsage  os_var.o
    0x200042c6        -       0x00000002   Zero   RW         1207    .bss.OSStatTaskCPUUsageMax  os_var.o
    0x200042c8        -       0x00000004   Zero   RW         1208    .bss.OSStatTaskCtr  os_var.o
    0x200042cc        -       0x00000004   Zero   RW         1209    .bss.OSStatTaskCtrMax  os_var.o
    0x200042d0        -       0x00000004   Zero   RW         1210    .bss.OSStatTaskCtrRun  os_var.o
    0x200042d4        -       0x00000001   Zero   RW         1211    .bss.OSStatTaskRdy  os_var.o
    0x200042d5   0x080052ac   0x00000003   PAD
    0x200042d8        -       0x000000c8   Zero   RW         1212    .bss.OSStatTaskTCB  os_var.o
    0x200043a0        -       0x00000004   Zero   RW         1213    .bss.OSStatTaskTimeMax  os_var.o
    0x200043a4        -       0x00000004   Zero   RW         1228    .bss.OSTCBCurPtr    os_var.o
    0x200043a8        -       0x00000004   Zero   RW         1229    .bss.OSTCBHighRdyPtr  os_var.o
    0x200043ac        -       0x00000004   Zero   RW         1214    .bss.OSTaskCtxSwCtr  os_var.o
    0x200043b0        -       0x00000004   Zero   RW         1215    .bss.OSTaskDbgListPtr  os_var.o
    0x200043b4        -       0x00000002   Zero   RW         1216    .bss.OSTaskQty      os_var.o
    0x200043b6        -       0x00000001   Zero   RW         1217    .bss.OSTaskRegNextAvailID  os_var.o
    0x200043b7   0x080052ac   0x00000001   PAD
    0x200043b8        -       0x00000004   Zero   RW         1218    .bss.OSTickCtr      os_var.o
    0x200043bc        -       0x000000c8   Zero   RW         1219    .bss.OSTickTaskTCB  os_var.o
    0x20004484        -       0x00000004   Zero   RW         1220    .bss.OSTickTaskTimeMax  os_var.o
    0x20004488        -       0x00000004   Zero   RW         1221    .bss.OSTmrDbgListPtr  os_var.o
    0x2000448c        -       0x000000c8   Zero   RW         1223    .bss.OSTmrTaskTCB   os_var.o
    0x20004554        -       0x00000004   Zero   RW         1224    .bss.OSTmrTaskTimeMax  os_var.o
    0x20004558        -       0x00000004   Zero   RW         1225    .bss.OSTmrTickCtr   os_var.o
    0x2000455c        -       0x00000004   Zero   RW         1226    .bss.OSTmrUpdateCnt  os_var.o
    0x20004560        -       0x00000004   Zero   RW         1227    .bss.OSTmrUpdateCtr  os_var.o
    0x20004564        -       0x00000004   Zero   RW         1168    .bss.OS_AppIdleTaskHookPtr  os_var.o
    0x20004568        -       0x00000004   Zero   RW         1169    .bss.OS_AppStatTaskHookPtr  os_var.o
    0x2000456c        -       0x00000004   Zero   RW         1165    .bss.OS_AppTaskCreateHookPtr  os_var.o
    0x20004570        -       0x00000004   Zero   RW         1166    .bss.OS_AppTaskDelHookPtr  os_var.o
    0x20004574        -       0x00000004   Zero   RW         1167    .bss.OS_AppTaskReturnHookPtr  os_var.o
    0x20004578        -       0x00000004   Zero   RW         1170    .bss.OS_AppTaskSwHookPtr  os_var.o
    0x2000457c        -       0x00000004   Zero   RW         1171    .bss.OS_AppTimeTickHookPtr  os_var.o
    0x20004580        -       0x00000004   Zero   RW         1260    .bss.OS_CPU_ExceptStkBase  os_cpu_c.o
    0x20004584        -       0x00000100   Zero   RW           22    .bss.START_TASK_STK  main.o
    0x20004684        -       0x000000c8   Zero   RW           21    .bss.StartTaskTCB   main.o
    0x2000474c        -       0x00000004   Zero   RW          145    .bss.uwTick         stm32f1xx_hal.o
    0x20004750        -       0x00000200   Zero   RW            2    HEAP                startup_stm32f103xe.o
    0x20004950        -       0x00000400   Zero   RW            1    STACK               startup_stm32f103xe.o


==============================================================================

Image component sizes


      Code (inc. data)   RO Data    RW Data    ZI Data      Debug   Object Name

        90          0          0          0          0       2274   bsp.o
        52          0          0          0          0        296   cpu_a.o
       388          0          0          0         44       9803   cpu_core.o
       102          0          0          0          0       1499   gpio.o
       158          0          0          0      10316      22979   lib_mem.o
       442         24          0          0        912      11365   main.o
         2          0        103          0       5264       6017   os_cfg_app.o
      4932         20         18          0          0      50392   os_core.o
       132         32          0          0          0        340   os_cpu_a.o
       400          0          0          0          4       5925   os_cpu_c.o
         2          0          0          0          0       7194   os_dbg.o
       518         10          0          0          0      17936   os_flag.o
      1286         28          0          0          0      11187   os_int.o
        26          0          0          0          0       8184   os_mem.o
       510          0          0          0          0       7789   os_msg.o
        26          0          0          0          0      15357   os_mutex.o
       198          0          0          0          4       1868   os_prio.o
       296          0          0          0          0      15924   os_q.o
       250          0          0          0          0      15829   os_sem.o
      1540         20          0          0          0      10852   os_stat.o
      3520         24          6          0          0      24543   os_task.o
      1244         30          0          0          0      12169   os_tick.o
       714         22          0          0          0      11639   os_time.o
       806         24          0          0          0      19300   os_tmr.o
         0          0          0          0       1572       7244   os_var.o
        64         26        304          0       1536        800   startup_stm32f103xe.o
       122          0          0          8          4       6089   stm32f1xx_hal.o
       162          0          0          0          0       8744   stm32f1xx_hal_cortex.o
       496         22          0          0          0       4697   stm32f1xx_hal_gpio.o
        66          0          0          0          0       1200   stm32f1xx_hal_msp.o
      1478          0         18          0          0       8067   stm32f1xx_hal_rcc.o
        14          0          0          0          0       1144   stm32f1xx_it.o
         2          0         16          4          0       1578   system_stm32f1xx.o

    ----------------------------------------------------------------------
     20176        282        508         12      19684     330224   Object Totals
         0          0         32          0          0          0   (incl. Generated)
       138          0         11          0         28          0   (incl. Padding)

    ----------------------------------------------------------------------

      Code (inc. data)   RO Data    RW Data    ZI Data      Debug   Library Member Name

         8          0          0          0          0         68   __main.o
         0          0          0          0          0          0   __rtentry.o
        12          0          0          0          0          0   __rtentry2.o
         6          0          0          0          0          0   __rtentry4.o
        94          8          0          0          0          0   __scatter.o
        26          0          0          0          0          0   __scatter_copy.o
        28          0          0          0          0          0   __scatter_zi.o
        18          0          0          0          0         80   exit.o
         6          0          0          0          0        152   heapauxi.o
         0          0          0          0          0          0   indicate_semi.o
         2          0          0          0          0          0   libinit.o
         2          0          0          0          0          0   libinit2.o
         2          0          0          0          0          0   libshutdown.o
         2          0          0          0          0          0   libshutdown2.o
         8          4          0          0         96         68   libspace.o
        68          0          0          0          0         68   rt_memclr.o
        78          0          0          0          0         80   rt_memclr_w.o
         2          0          0          0          0          0   rtexit.o
        10          0          0          0          0          0   rtexit2.o
        12          4          0          0          0         68   sys_exit.o
        74          0          0          0          0         80   sys_stackheap_outer.o
         2          0          0          0          0         68   use_no_semi.o

    ----------------------------------------------------------------------
       468         16          0          0         96        732   Library Totals
         8          0          0          0          0          0   (incl. Padding)

    ----------------------------------------------------------------------

      Code (inc. data)   RO Data    RW Data    ZI Data      Debug   Library Name

       460         16          0          0         96        732   c_w.l

    ----------------------------------------------------------------------
       468         16          0          0         96        732   Library Totals

    ----------------------------------------------------------------------

==============================================================================


      Code (inc. data)   RO Data    RW Data    ZI Data      Debug   

     20644        298        508         12      19780     330252   Grand Totals
     20644        298        508         12      19780     330252   ELF Image Totals
     20644        298        508         12          0          0   ROM Totals

==============================================================================

    Total RO  Size (Code + RO Data)                21152 (  20.66kB)
    Total RW  Size (RW Data + ZI Data)             19792 (  19.33kB)
    Total ROM Size (Code + RO Data + RW Data)      21164 (  20.67kB)

==============================================================================

