Component: ARM Compiler 5.06 update 7 (build 960) Tool: armlink [4d3601]

==============================================================================

Section Cross References

    startup_stm32f103xe.o(RESET) refers to startup_stm32f103xe.o(STACK) for __initial_sp
    startup_stm32f103xe.o(RESET) refers to startup_stm32f103xe.o(.text) for Reset_Handler
    startup_stm32f103xe.o(RESET) refers to stm32f1xx_it.o(i.NMI_Handler) for NMI_Handler
    startup_stm32f103xe.o(RESET) refers to stm32f1xx_it.o(i.HardFault_Handler) for HardFault_Handler
    startup_stm32f103xe.o(RESET) refers to stm32f1xx_it.o(i.MemManage_Handler) for MemManage_Handler
    startup_stm32f103xe.o(RESET) refers to stm32f1xx_it.o(i.BusFault_Handler) for BusFault_Handler
    startup_stm32f103xe.o(RESET) refers to stm32f1xx_it.o(i.UsageFault_Handler) for UsageFault_Handler
    startup_stm32f103xe.o(RESET) refers to stm32f1xx_it.o(i.SVC_Handler) for SVC_Handler
    startup_stm32f103xe.o(RESET) refers to stm32f1xx_it.o(i.DebugMon_Handler) for DebugMon_Handler
    startup_stm32f103xe.o(RESET) refers to os_cpu_a.o(CODE) for OS_CPU_PendSVHandler
    startup_stm32f103xe.o(RESET) refers to os_cpu_c.o(i.OS_CPU_SysTickHandler) for OS_CPU_SysTickHandler
    startup_stm32f103xe.o(RESET) refers to stm32f1xx_it.o(i.TIM1_UP_IRQHandler) for TIM1_UP_IRQHandler
    startup_stm32f103xe.o(.text) refers to system_stm32f1xx.o(i.SystemInit) for SystemInit
    startup_stm32f103xe.o(.text) refers to entry.o(.ARM.Collect$$$$00000000) for __main
    system_stm32f1xx.o(i.SystemCoreClockUpdate) refers to system_stm32f1xx.o(.data) for .data
    system_stm32f1xx.o(i.SystemCoreClockUpdate) refers to system_stm32f1xx.o(.constdata) for .constdata
    bsp.o(i.BSP_CPU_ClkFreq) refers to stm32f1xx_hal_rcc.o(i.HAL_RCC_GetHCLKFreq) for HAL_RCC_GetHCLKFreq
    bsp.o(i.BSP_Init) refers to bsp.o(i.BSP_Tick_Init) for BSP_Tick_Init
    bsp.o(i.BSP_Tick_Init) refers to stm32f1xx_hal_rcc.o(i.HAL_RCC_GetHCLKFreq) for HAL_RCC_GetHCLKFreq
    bsp.o(i.BSP_Tick_Init) refers to os_cpu_c.o(i.OS_CPU_SysTickInit) for OS_CPU_SysTickInit
    bsp.o(i.BSP_Tick_Init) refers to os_cfg_app.o(.constdata) for OSCfg_TickRate_Hz
    bsp.o(i.CPU_TS32_to_uSec) refers to stm32f1xx_hal_rcc.o(i.HAL_RCC_GetHCLKFreq) for HAL_RCC_GetHCLKFreq
    bsp.o(i.CPU_TS32_to_uSec) refers to uldiv.o(.text) for __aeabi_uldivmod
    bsp.o(i.CPU_TS_TmrInit) refers to stm32f1xx_hal_rcc.o(i.HAL_RCC_GetHCLKFreq) for HAL_RCC_GetHCLKFreq
    bsp.o(i.CPU_TS_TmrInit) refers to cpu_core.o(i.CPU_TS_TmrFreqSet) for CPU_TS_TmrFreqSet
    cpu_core.o(i.CPU_CntLeadZeros08) refers to cpu_a.o(.text) for CPU_CntLeadZeros
    cpu_core.o(i.CPU_CntLeadZeros16) refers to cpu_a.o(.text) for CPU_CntLeadZeros
    cpu_core.o(i.CPU_CntLeadZeros32) refers to cpu_a.o(.text) for CPU_CntLeadZeros
    cpu_core.o(i.CPU_CntLeadZeros64) refers to cpu_core.o(.constdata) for .constdata
    cpu_core.o(i.CPU_CntTrailZeros08) refers to cpu_a.o(.text) for CPU_CntTrailZeros
    cpu_core.o(i.CPU_CntTrailZeros16) refers to cpu_a.o(.text) for CPU_CntTrailZeros
    cpu_core.o(i.CPU_CntTrailZeros32) refers to cpu_a.o(.text) for CPU_CntTrailZeros
    cpu_core.o(i.CPU_CntTrailZeros64) refers to cpu_core.o(i.CPU_CntLeadZeros64) for CPU_CntLeadZeros64
    cpu_core.o(i.CPU_Init) refers to bsp.o(i.CPU_TS_TmrInit) for CPU_TS_TmrInit
    cpu_core.o(i.CPU_Init) refers to cpu_core.o(i.CPU_NameClr) for CPU_NameClr
    cpu_core.o(i.CPU_Init) refers to cpu_core.o(.data) for .data
    cpu_core.o(i.CPU_NameClr) refers to cpu_a.o(.text) for CPU_SR_Save
    cpu_core.o(i.CPU_NameClr) refers to lib_mem.o(i.Mem_Clr) for Mem_Clr
    cpu_core.o(i.CPU_NameClr) refers to cpu_core.o(.bss) for .bss
    cpu_core.o(i.CPU_NameGet) refers to cpu_a.o(.text) for CPU_SR_Save
    cpu_core.o(i.CPU_NameGet) refers to lib_str.o(i.Str_Copy_N) for Str_Copy_N
    cpu_core.o(i.CPU_NameGet) refers to cpu_core.o(.bss) for .bss
    cpu_core.o(i.CPU_NameSet) refers to lib_str.o(i.Str_Len_N) for Str_Len_N
    cpu_core.o(i.CPU_NameSet) refers to cpu_a.o(.text) for CPU_SR_Save
    cpu_core.o(i.CPU_NameSet) refers to lib_str.o(i.Str_Copy_N) for Str_Copy_N
    cpu_core.o(i.CPU_NameSet) refers to cpu_core.o(.bss) for .bss
    cpu_core.o(i.CPU_TS_Get32) refers to bsp.o(i.CPU_TS_TmrRd) for CPU_TS_TmrRd
    cpu_core.o(i.CPU_TS_TmrFreqGet) refers to cpu_core.o(.data) for .data
    cpu_core.o(i.CPU_TS_TmrFreqSet) refers to cpu_core.o(.data) for .data
    cpu_c.o(i.CPU_IntSrcDis) refers to cpu_a.o(.text) for CPU_SR_Save
    cpu_c.o(i.CPU_IntSrcEn) refers to cpu_a.o(.text) for CPU_SR_Save
    cpu_c.o(i.CPU_IntSrcPendClr) refers to cpu_a.o(.text) for CPU_SR_Save
    cpu_c.o(i.CPU_IntSrcPrioGet) refers to cpu_a.o(.text) for CPU_SR_Save
    cpu_c.o(i.CPU_IntSrcPrioSet) refers to cpu_a.o(.text) for CPU_SR_Save
    lib_ascii.o(i.ASCII_Cmp) refers to lib_ascii.o(i.ASCII_ToUpper) for ASCII_ToUpper
    lib_math.o(i.Math_Init) refers to lib_math.o(i.Math_RandSetSeed) for Math_RandSetSeed
[...]
    i.OS_Post1                               0x08002470   Section        0  os_core.o(i.OS_Post1)
    i.OS_PrioGetHighest                      0x08002498   Section        0  os_prio.o(i.OS_PrioGetHighest)
    i.OS_PrioInit                            0x080024bc   Section        0  os_prio.o(i.OS_PrioInit)
    i.OS_PrioInsert                          0x080024d4   Section        0  os_prio.o(i.OS_PrioInsert)
    i.OS_PrioRemove                          0x080024f4   Section        0  os_prio.o(i.OS_PrioRemove)
    i.OS_QInit                               0x08002514   Section        0  os_q.o(i.OS_QInit)
    i.OS_RdyListInit                         0x0800252c   Section        0  os_core.o(i.OS_RdyListInit)
    i.OS_RdyListInsert                       0x08002550   Section        0  os_core.o(i.OS_RdyListInsert)
    i.OS_RdyListInsertHead                   0x08002580   Section        0  os_core.o(i.OS_RdyListInsertHead)
    i.OS_RdyListInsertTail                   0x080025b8   Section        0  os_core.o(i.OS_RdyListInsertTail)
    i.OS_RdyListRemove                       0x080025ec   Section        0  os_core.o(i.OS_RdyListRemove)
    i.OS_SchedLockTimeMeasStart              0x08002640   Section        0  os_core.o(i.OS_SchedLockTimeMeasStart)
    i.OS_SchedLockTimeMeasStop               0x0800265c   Section        0  os_core.o(i.OS_SchedLockTimeMeasStop)
    i.OS_SemInit                             0x08002698   Section        0  os_sem.o(i.OS_SemInit)
    i.OS_StatTask                            0x080026b0   Section        0  os_stat.o(i.OS_StatTask)
    i.OS_StatTaskInit                        0x080028a8   Section        0  os_stat.o(i.OS_StatTaskInit)
    i.OS_TaskBlock                           0x08002964   Section        0  os_core.o(i.OS_TaskBlock)
    i.OS_TaskDbgListAdd                      0x0800298c   Section        0  os_task.o(i.OS_TaskDbgListAdd)
    i.OS_TaskDbgListRemove                   0x080029b0   Section        0  os_task.o(i.OS_TaskDbgListRemove)
    i.OS_TaskInit                            0x080029e8   Section        0  os_task.o(i.OS_TaskInit)
    i.OS_TaskInitTCB                         0x08002a08   Section        0  os_task.o(i.OS_TaskInitTCB)
    i.OS_TaskResume                          0x08002ab0   Section        0  os_task.o(i.OS_TaskResume)
    i.OS_TaskReturn                          0x08002b58   Section        0  os_task.o(i.OS_TaskReturn)
    i.OS_TaskSemPost                         0x08002b70   Section        0  os_task.o(i.OS_TaskSemPost)
    i.OS_TaskSuspend                         0x08002c08   Section        0  os_task.o(i.OS_TaskSuspend)
    i.OS_TickListInsert                      0x08002ca0   Section        0  os_tick.o(i.OS_TickListInsert)
    i.OS_TickListInsertDly                   0x08002d00   Section        0  os_tick.o(i.OS_TickListInsertDly)
    i.OS_TickListRemove                      0x08002d7c   Section        0  os_tick.o(i.OS_TickListRemove)
    i.OS_TickListResetPeak                   0x08002dbc   Section        0  os_tick.o(i.OS_TickListResetPeak)
    i.OS_TickListUpdateDly                   0x08002dc0   Section        0  os_tick.o(i.OS_TickListUpdateDly)
    OS_TickListUpdateDly                     0x08002dc1   Thumb Code   120  os_tick.o(i.OS_TickListUpdateDly)
    i.OS_TickListUpdateTimeout               0x08002e3c   Section        0  os_tick.o(i.OS_TickListUpdateTimeout)
    OS_TickListUpdateTimeout                 0x08002e3d   Thumb Code   170  os_tick.o(i.OS_TickListUpdateTimeout)
    i.OS_TickTask                            0x08002eec   Section        0  os_tick.o(i.OS_TickTask)
    i.OS_TickTaskInit                        0x08002f40   Section        0  os_tick.o(i.OS_TickTaskInit)
    i.OS_TmrInit                             0x08002ff4   Section        0  os_tmr.o(i.OS_TmrInit)
    i.OS_TmrLock                             0x0800310c   Section        0  os_tmr.o(i.OS_TmrLock)
    OS_TmrLock                               0x0800310d   Thumb Code    20  os_tmr.o(i.OS_TmrLock)
    i.OS_TmrResetPeak                        0x08003124   Section        0  os_tmr.o(i.OS_TmrResetPeak)
    i.OS_TmrTask                             0x08003128   Section        0  os_tmr.o(i.OS_TmrTask)
    i.OS_TmrUnlink                           0x080031c0   Section        0  os_tmr.o(i.OS_TmrUnlink)
    i.OS_TmrUnlock                           0x080031fc   Section        0  os_tmr.o(i.OS_TmrUnlock)
    OS_TmrUnlock                             0x080031fd   Thumb Code    14  os_tmr.o(i.OS_TmrUnlock)
    i.SVC_Handler                            0x08003210   Section        0  stm32f1xx_it.o(i.SVC_Handler)
    i.SystemClock_Config                     0x08003212   Section        0  main.o(i.SystemClock_Config)
    i.SystemInit                             0x08003260   Section        0  system_stm32f1xx.o(i.SystemInit)
    i.TIM1_UP_IRQHandler                     0x08003264   Section        0  stm32f1xx_it.o(i.TIM1_UP_IRQHandler)
    i.TIM_Base_SetConfig                     0x08003270   Section        0  stm32f1xx_hal_tim.o(i.TIM_Base_SetConfig)
    i.UART_SetConfig                         0x080032fc   Section        0  stm32f1xx_hal_uart.o(i.UART_SetConfig)
    UART_SetConfig                           0x080032fd   Thumb Code   178  stm32f1xx_hal_uart.o(i.UART_SetConfig)
    i.UART_WaitOnFlagUntilTimeout            0x080033b4   Section        0  stm32f1xx_hal_uart.o(i.UART_WaitOnFlagUntilTimeout)
    UART_WaitOnFlagUntilTimeout              0x080033b5   Thumb Code   100  stm32f1xx_hal_uart.o(i.UART_WaitOnFlagUntilTimeout)
    i.UsageFault_Handler                     0x08003418   Section        0  stm32f1xx_it.o(i.UsageFault_Handler)
    i.__0printf$1                            0x0800341c   Section        0  printf1.o(i.__0printf$1)
    i.__NVIC_SetPriority                     0x0800343c   Section        0  stm32f1xx_hal_cortex.o(i.__NVIC_SetPriority)
    __NVIC_SetPriority                       0x0800343d   Thumb Code    32  stm32f1xx_hal_cortex.o(i.__NVIC_SetPriority)
    i.__scatterload_copy                     0x0800345c   Section       14  handlers.o(i.__scatterload_copy)
    i.__scatterload_null                     0x0800346a   Section        2  handlers.o(i.__scatterload_null)
    i.__scatterload_zeroinit                 0x0800346c   Section       14  handlers.o(i.__scatterload_zeroinit)
    i._printf_core                           0x0800347c   Section        0  printf1.o(i._printf_core)
    _printf_core                             0x0800347d   Thumb Code   336  printf1.o(i._printf_core)
    i.fputc                                  0x080035d0   Section        0  usart.o(i.fputc)
    i.led0_task                              0x080035e8   Section        0  main.o(i.led0_task)
    i.led1_task                              0x08003620   Section        0  main.o(i.led1_task)
    i.led_play                               0x08003658   Section        0  main.o(i.led_play)
    i.main                                   0x08003718   Section        0  main.o(i.main)
    i.print_task                             0x08003788   Section        0  main.o(i.print_task)
    i.start_task                             0x080037b4   Section        0  main.o(i.start_task)
    .constdata                               0x08003938   Section       16  system_stm32f1xx.o(.constdata)
    .constdata                               0x08003948   Section        8  system_stm32f1xx.o(.constdata)
    .constdata                               0x08003950   Section        4  os_cfg_app.o(.constdata)
    .constdata                               0x08003954   Section        4  os_cfg_app.o(.constdata)
    .constdata                               0x08003958   Section        4  os_cfg_app.o(.constdata)
    .constdata                               0x0800395c   Section        4  os_cfg_app.o(.constdata)
    .constdata                               0x08003960   Section        4  os_cfg_app.o(.constdata)
    .constdata                               0x08003964   Section        2  os_cfg_app.o(.constdata)
    .constdata                               0x08003968   Section        4  os_cfg_app.o(.constdata)
    .constdata                               0x0800396c   Section        1  os_cfg_app.o(.constdata)
    .constdata                               0x08003970   Section        4  os_cfg_app.o(.constdata)
    .constdata                               0x08003974   Section        4  os_cfg_app.o(.constdata)
    .constdata                               0x08003978   Section        4  os_cfg_app.o(.constdata)
    .constdata                               0x0800397c   Section        4  os_cfg_app.o(.constdata)
    .constdata                               0x08003980   Section        4  os_cfg_app.o(.constdata)
    .constdata                               0x08003984   Section        4  os_cfg_app.o(.constdata)
    .constdata                               0x08003988   Section        1  os_cfg_app.o(.constdata)
    .constdata                               0x0800398c   Section        4  os_cfg_app.o(.constdata)
    .constdata                               0x08003990   Section        4  os_cfg_app.o(.constdata)
    .constdata                               0x08003994   Section        4  os_cfg_app.o(.constdata)
    .constdata                               0x08003998   Section        1  os_cfg_app.o(.constdata)
    .constdata                               0x0800399c   Section        4  os_cfg_app.o(.constdata)
    .constdata                               0x080039a0   Section        4  os_cfg_app.o(.constdata)
    .constdata                               0x080039a4   Section        4  os_cfg_app.o(.constdata)
    .constdata                               0x080039a8   Section        4  os_cfg_app.o(.constdata)
    .constdata                               0x080039ac   Section      208  main.o(.constdata)
    .data                                    0x20000000   Section        4  system_stm32f1xx.o(.data)
    .data                                    0x20000004   Section        8  os_prio.o(.data)
    .data                                    0x2000000c   Section        4  os_var.o(.data)
    .data                                    0x20000010   Section        4  os_var.o(.data)
    .data                                    0x20000014   Section        4  os_var.o(.data)
    .data                                    0x20000018   Section        4  os_var.o(.data)
    .data                                    0x2000001c   Section        4  os_var.o(.data)
    .data                                    0x20000020   Section        4  os_var.o(.data)
    .data                                    0x20000024   Section        4  os_var.o(.data)
    .data                                    0x20000028   Section        4  os_var.o(.data)
    .data                                    0x2000002c   Section        1  os_var.o(.data)
    .data                                    0x2000002d   Section        1  os_var.o(.data)
    .data                                    0x20000030   Section        4  os_var.o(.data)
    .data                                    0x20000034   Section        2  os_var.o(.data)
    .data                                    0x20000038   Section        4  os_var.o(.data)
    .data                                    0x2000003c   Section        2  os_var.o(.data)
    .data                                    0x20000040   Section        4  os_var.o(.data)
    .data                                    0x20000044   Section        2  os_var.o(.data)
    .data                                    0x20000046   Section        1  os_var.o(.data)
    .data                                    0x20000047   Section        1  os_var.o(.data)
    .data                                    0x20000048   Section        1  os_var.o(.data)
    .data                                    0x2000004c   Section        4  os_var.o(.data)
    .data                                    0x20000050   Section        2  os_var.o(.data)
    .data                                    0x20000054   Section        4  os_var.o(.data)
    .data                                    0x20000058   Section        4  os_var.o(.data)
    .data                                    0x2000005c   Section        4  os_var.o(.data)
    .data                                    0x20000060   Section        1  os_var.o(.data)
    .data                                    0x20000064   Section        4  os_var.o(.data)
    .data                                    0x20000068   Section        2  os_var.o(.data)
    .data                                    0x2000006a   Section        1  os_var.o(.data)
    .data                                    0x2000006c   Section        2  os_var.o(.data)
    .data                                    0x2000006e   Section        2  os_var.o(.data)
    .data                                    0x20000070   Section        4  os_var.o(.data)
    .data                                    0x20000074   Section        4  os_var.o(.data)
    .data                                    0x20000078   Section        4  os_var.o(.data)
    .data                                    0x2000007c   Section        1  os_var.o(.data)
    .data                                    0x20000080   Section        4  os_var.o(.data)
    .data                                    0x20000084   Section        4  os_var.o(.data)
    .data                                    0x20000088   Section        4  os_var.o(.data)
    .data                                    0x2000008c   Section        2  os_var.o(.data)
    .data                                    0x2000008e   Section        1  os_var.o(.data)
    .data                                    0x20000090   Section        4  os_var.o(.data)
    .data                                    0x20000094   Section        4  os_var.o(.data)
    .data                                    0x20000098   Section        8  os_var.o(.data)
    .data                                    0x200000a0   Section        8  os_var.o(.data)
    .data                                    0x200000a8   Section        4  os_var.o(.data)
    .data                                    0x200000ac   Section        2  os_var.o(.data)
    .data                                    0x200000b0   Section        4  os_var.o(.data)
    .data                                    0x200000b4   Section        4  os_var.o(.data)
    .data                                    0x200000b8   Section        4  os_var.o(.data)
    .data                                    0x200000bc   Section        4  os_var.o(.data)
    .data                                    0x200000c0   Section        4  os_var.o(.data)
    .data                                    0x200000c4   Section        4  os_var.o(.data)
    .data                                    0x200000c8   Section        4  os_var.o(.data)
    .data                                    0x200000cc   Section        4  os_cpu_c.o(.data)
    .data                                    0x200000d0   Section       12  stm32f1xx_hal.o(.data)
    .data                                    0x200000dc   Section        4  stdout.o(.data)
    .bss                                     0x200000e0   Section      512  os_cfg_app.o(.bss)
    .bss                                     0x200002e0   Section      512  os_cfg_app.o(.bss)
    .bss                                     0x200004e0   Section     1600  os_cfg_app.o(.bss)
    .bss                                     0x20000b20   Section      512  os_cfg_app.o(.bss)
    .bss                                     0x20000d20   Section      512  os_cfg_app.o(.bss)
    .bss                                     0x20000f20   Section      512  os_cfg_app.o(.bss)
    .bss                                     0x20001120   Section      184  os_var.o(.bss)
    .bss                                     0x200011d8   Section       12  os_var.o(.bss)
    .bss                                     0x200011e4   Section      768  os_var.o(.bss)
    .bss                                     0x200014e4   Section      184  os_var.o(.bss)
    .bss                                     0x2000159c   Section      184  os_var.o(.bss)
    .bss                                     0x20001654   Section       44  os_var.o(.bss)
    .bss                                     0x20001680   Section      184  os_var.o(.bss)
    .bss                                     0x20001738   Section     6408  main.o(.bss)
    .bss                                     0x20003040   Section       64  usart.o(.bss)
    .bss                                     0x20003080   Section       72  stm32f1xx_hal_timebase_tim.o(.bss)
    STACK                                    0x200030c8   Section     1024  startup_stm32f103xe.o(STACK)

    Global Symbols

    Symbol Name                              Value     Ov Type        Size  Object(Section)

    BuildAttributes$$THM_ISAv4$P$D$K$B$S$PE$A:L22UL41UL21$X:L11$S22US41US21$IEEE1$IW$USESV6$~STKCKD$USESV7$~SHL$OSPACE$ROPI$EBA8$MICROLIB$REQ8$PRES8$EABIv2 0x00000000   Number         0  anon$$obj.o ABSOLUTE
    __ARM_use_no_argv                        0x00000000   Number         0  main.o ABSOLUTE
    _printf_a                                0x00000000   Number         0  stubs.o ABSOLUTE
    _printf_c                                0x00000000   Number         0  stubs.o ABSOLUTE
    _printf_charcount                        0x00000000   Number         0  stubs.o ABSOLUTE
    _printf_d                                0x00000000   Number         0  stubs.o ABSOLUTE
    _printf_e                                0x00000000   Number         0  stubs.o ABSOLUTE
    _printf_f                                0x00000000   Number         0  stubs.o ABSOLUTE
    _printf_flags                            0x00000000   Number         0  stubs.o ABSOLUTE
    _printf_fp_dec                           0x00000000   Number         0  stubs.o ABSOLUTE
    _printf_fp_hex                           0x00000000   Number         0  stubs.o ABSOLUTE
    _printf_g                                0x00000000   Number         0  stubs.o ABSOLUTE
    _printf_i                                0x00000000   Number         0  stubs.o ABSOLUTE
    _printf_int_dec                          0x00000000   Number         0  stubs.o ABSOLUTE
    _printf_l                                0x00000000   Number         0  stubs.o ABSOLUTE
    _printf_lc                               0x00000000   Number         0  stubs.o ABSOLUTE
    _printf_ll                               0x00000000   Number         0  stubs.o ABSOLUTE
    _printf_lld                              0x00000000   Number         0  stubs.o ABSOLUTE
    _printf_lli                              0x00000000   Number         0  stubs.o ABSOLUTE
    _printf_llo                              0x00000000   Number         0  stubs.o ABSOLUTE
    _printf_llu                              0x00000000   Number         0  stubs.o ABSOLUTE
    _printf_llx                              0x00000000   Number         0  stubs.o ABSOLUTE
    _printf_longlong_dec                     0x00000000   Number         0  stubs.o ABSOLUTE
    _printf_longlong_hex                     0x00000000   Number         0  stubs.o ABSOLUTE
    _printf_longlong_oct                     0x00000000   Number         0  stubs.o ABSOLUTE
    _printf_ls                               0x00000000   Number         0  stubs.o ABSOLUTE
    _printf_mbtowc                           0x00000000   Number         0  stubs.o ABSOLUTE
    _printf_n                                0x00000000   Number         0  stubs.o ABSOLUTE
    _printf_o                                0x00000000   Number         0  stubs.o ABSOLUTE
    _printf_p                                0x00000000   Number         0  stubs.o ABSOLUTE
    _printf_percent                          0x00000000   Number         0  stubs.o ABSOLUTE
    _printf_pre_padding                      0x00000000   Number         0  stubs.o ABSOLUTE
    _printf_return_value                     0x00000000   Number         0  stubs.o ABSOLUTE
    _printf_s                                0x00000000   Number         0  stubs.o ABSOLUTE
    _printf_sizespec                         0x00000000   Number         0  stubs.o ABSOLUTE
    _printf_str                              0x00000000   Number         0  stubs.o ABSOLUTE
    _printf_truncate_signed                  0x00000000   Number         0  stubs.o ABSOLUTE
    _printf_truncate_unsigned                0x00000000   Number         0  stubs.o ABSOLUTE
    _printf_u                                0x00000000   Number         0  stubs.o ABSOLUTE
    _printf_wc                               0x00000000   Number         0  stubs.o ABSOLUTE
    _printf_wctomb                           0x00000000   Number         0  stubs.o ABSOLUTE
    _printf_widthprec                        0x00000000   Number         0  stubs.o ABSOLUTE
    _printf_x                                0x00000000   Number         0  stubs.o ABSOLUTE
    __arm_fini_                               - Undefined Weak Reference
    __cpp_initialize__aeabi_                  - Undefined Weak Reference
    __cxa_finalize                            - Undefined Weak Reference
    __decompress                              - Undefined Weak Reference
    _clock_init                               - Undefined Weak Reference
    _microlib_exit                            - Undefined Weak Reference
    __Vectors_Size                           0x00000130   Number         0  startup_stm32f103xe.o ABSOLUTE
    __Vectors                                0x08000000   Data           4  startup_stm32f103xe.o(RESET)
    __Vectors_End                            0x08000130   Data           0  startup_stm32f103xe.o(RESET)
    __main                                   0x08000131   Thumb Code     0  entry.o(.ARM.Collect$$$$00000000)
    _main_stk                                0x08000131   Thumb Code     0  entry2.o(.ARM.Collect$$$$00000001)
    _main_scatterload                        0x08000135   Thumb Code     0  entry5.o(.ARM.Collect$$$$00000004)
    __main_after_scatterload                 0x08000139   Thumb Code     0  entry5.o(.ARM.Collect$$$$00000004)
    _main_clock                              0x08000139   Thumb Code     0  entry7b.o(.ARM.Collect$$$$00000008)
    _main_cpp_init                           0x08000139   Thumb Code     0  entry8b.o(.ARM.Collect$$$$0000000A)
    _main_init                               0x08000139   Thumb Code     0  entry9a.o(.ARM.Collect$$$$0000000B)
    __rt_lib_shutdown_fini                   0x08000141   Thumb Code     0  entry12b.o(.ARM.Collect$$$$0000000E)
    __rt_final_cpp                           0x08000145   Thumb Code     0  entry10a.o(.ARM.Collect$$$$0000000F)
    __rt_final_exit                          0x08000145   Thumb Code     0  entry11a.o(.ARM.Collect$$$$00000011)
    Reset_Handler                            0x08000149   Thumb Code     8  startup_stm32f103xe.o(.text)
    ADC1_2_IRQHandler                        0x08000163   Thumb Code     0  startup_stm32f103xe.o(.text)
    ADC3_IRQHandler                          0x08000163   Thumb Code     0  startup_stm32f103xe.o(.text)
    CAN1_RX1_IRQHandler                      0x08000163   Thumb Code     0  startup_stm32f103xe.o(.text)
    CAN1_SCE_IRQHandler                      0x08000163   Thumb Code     0  startup_stm32f103xe.o(.text)
    DMA1_Channel1_IRQHandler                 0x08000163   Thumb Code     0  startup_stm32f103xe.o(.text)
    DMA1_Channel2_IRQHandler                 0x08000163   Thumb Code     0  startup_stm32f103xe.o(.text)
    DMA1_Channel3_IRQHandler                 0x08000163   Thumb Code     0  startup_stm32f103xe.o(.text)
    DMA1_Channel4_IRQHandler                 0x08000163   Thumb Code     0  startup_stm32f103xe.o(.text)
    DMA1_Channel5_IRQHandler                 0x08000163   Thumb Code     0  startup_stm32f103xe.o(.text)
    DMA1_Channel6_IRQHandler                 0x08000163   Thumb Code     0  startup_stm32f103xe.o(.text)
    DMA1_Channel7_IRQHandler                 0x08000163   Thumb Code     0  startup_stm32f103xe.o(.text)
    DMA2_Channel1_IRQHandler                 0x08000163   Thumb Code     0  startup_stm32f103xe.o(.text)
    DMA2_Channel2_IRQHandler                 0x08000163   Thumb Code     0  startup_stm32f103xe.o(.text)
    DMA2_Channel3_IRQHandler                 0x08000163   Thumb Code     0  startup_stm32f103xe.o(.text)
    DMA2_Channel4_5_IRQHandler               0x08000163   Thumb Code     0  startup_stm32f103xe.o(.text)
    EXTI0_IRQHandler                         0x08000163   Thumb Code     0  startup_stm32f103xe.o(.text)
    EXTI15_10_IRQHandler                     0x08000163   Thumb Code     0  startup_stm32f103xe.o(.text)
    EXTI1_IRQHandler                         0x08000163   Thumb Code     0  startup_stm32f103xe.o(.text)
    EXTI2_IRQHandler                         0x08000163   Thumb Code     0  startup_stm32f103xe.o(.text)
    EXTI3_IRQHandler                         0x08000163   Thumb Code     0  startup_stm32f103xe.o(.text)
    EXTI4_IRQHandler                         0x08000163   Thumb Code     0  startup_stm32f103xe.o(.text)
    EXTI9_5_IRQHandler                       0x08000163   Thumb Code     0  startup_stm32f103xe.o(.text)
    FLASH_IRQHandler                         0x08000163   Thumb Code     0  startup_stm32f103xe.o(.text)
    FSMC_IRQHandler                          0x08000163   Thumb Code     0  startup_stm32f103xe.o(.text)
    I2C1_ER_IRQHandler                       0x08000163   Thumb Code     0  startup_stm32f103xe.o(.text)
    I2C1_EV_IRQHandler                       0x08000163   Thumb Code     0  startup_stm32f103xe.o(.text)
    I2C2_ER_IRQHandler                       0x08000163   Thumb Code     0  startup_stm32f103xe.o(.text)
    I2C2_EV_IRQHandler                       0x08000163   Thumb Code     0  startup_stm32f103xe.o(.text)
    PVD_IRQHandler                           0x08000163   Thumb Code     0  startup_stm32f103xe.o(.text)
    RCC_IRQHandler                           0x08000163   Thumb Code     0  startup_stm32f103xe.o(.text)
    RTC_Alarm_IRQHandler                     0x08000163   Thumb Code     0  startup_stm32f103xe.o(.text)
    RTC_IRQHandler                           0x08000163   Thumb Code     0  startup_stm32f103xe.o(.text)
    SDIO_IRQHandler                          0x08000163   Thumb Code     0  startup_stm32f103xe.o(.text)
    SPI1_IRQHandler                          0x08000163   Thumb Code     0  startup_stm32f103xe.o(.text)
    SPI2_IRQHandler                          0x08000163   Thumb Code     0  startup_stm32f103xe.o(.text)
    SPI3_IRQHandler                          0x08000163   Thumb Code     0  startup_stm32f103xe.o(.text)
    TAMPER_IRQHandler                        0x08000163   Thumb Code     0  startup_stm32f103xe.o(.text)
    TIM1_BRK_IRQHandler                      0x08000163   Thumb Code     0  startup_stm32f103xe.o(.text)
    TIM1_CC_IRQHandler                       0x08000163   Thumb Code     0  startup_stm32f103xe.o(.text)
    TIM1_TRG_COM_IRQHandler                  0x08000163   Thumb Code     0  startup_stm32f103xe.o(.text)
    TIM2_IRQHandler                          0x08000163   Thumb Code     0  startup_stm32f103xe.o(.text)
    TIM3_IRQHandler                          0x08000163   Thumb Code     0  startup_stm32f103xe.o(.text)
    TIM4_IRQHandler                          0x08000163   Thumb Code     0  startup_stm32f103xe.o(.text)
    TIM5_IRQHandler                          0x08000163   Thumb Code     0  startup_stm32f103xe.o(.text)
    TIM6_IRQHandler                          0x08000163   Thumb Code     0  startup_stm32f103xe.o(.text)
    TIM7_IRQHandler                          0x08000163   Thumb Code     0  startup_stm32f103xe.o(.text)
    TIM8_BRK_IRQHandler                      0x08000163   Thumb Code     0  startup_stm32f103xe.o(.text)
    TIM8_CC_IRQHandler                       0x08000163   Thumb Code     0  startup_stm32f103xe.o(.text)
    TIM8_TRG_COM_IRQHandler                  0x08000163   Thumb Code     0  startup_stm32f103xe.o(.text)
    TIM8_UP_IRQHandler                       0x08000163   Thumb Code     0  startup_stm32f103xe.o(.text)
    UART4_IRQHandler                         0x08000163   Thumb Code     0  startup_stm32f103xe.o(.text)
    UART5_IRQHandler                         0x08000163   Thumb Code     0  startup_stm32f103xe.o(.text)
    USART1_IRQHandler                        0x08000163   Thumb Code     0  startup_stm32f103xe.o(.text)
    USART2_IRQHandler                        0x08000163   Thumb Code     0  startup_stm32f103xe.o(.text)
    USART3_IRQHandler                        0x08000163   Thumb Code     0  startup_stm32f103xe.o(.text)
    USBWakeUp_IRQHandler                     0x08000163   Thumb Code     0  startup_stm32f103xe.o(.text)
    USB_HP_CAN1_TX_IRQHandler                0x08000163   Thumb Code     0  startup_stm32f103xe.o(.text)
    USB_LP_CAN1_RX0_IRQHandler               0x08000163   Thumb Code     0  startup_stm32f103xe.o(.text)
    WWDG_IRQHandler                          0x08000163   Thumb Code     0  startup_stm32f103xe.o(.text)
    CPU_IntDis                               0x0800016d   Thumb Code     0  cpu_a.o(.text)
    CPU_IntEn                                0x08000171   Thumb Code     0  cpu_a.o(.text)
    CPU_SR_Save                              0x08000175   Thumb Code     0  cpu_a.o(.text)
    CPU_SR_Restore                           0x0800017d   Thumb Code     0  cpu_a.o(.text)
    CPU_WaitForInt                           0x08000183   Thumb Code     0  cpu_a.o(.text)
    CPU_WaitForExcept                        0x08000187   Thumb Code     0  cpu_a.o(.text)
    CPU_CntLeadZeros                         0x0800018b   Thumb Code     0  cpu_a.o(.text)
    CPU_CntTrailZeros                        0x08000191   Thumb Code     0  cpu_a.o(.text)
    CPU_RevBits                              0x0800019b   Thumb Code     0  cpu_a.o(.text)
    __aeabi_memcpy                           0x080001a1   Thumb Code    36  memcpya.o(.text)
    __aeabi_memcpy4                          0x080001a1   Thumb Code     0  memcpya.o(.text)
    __aeabi_memcpy8                          0x080001a1   Thumb Code     0  memcpya.o(.text)
    __aeabi_memset                           0x080001c5   Thumb Code    14  memseta.o(.text)
    __aeabi_memset4                          0x080001c5   Thumb Code     0  memseta.o(.text)
    __aeabi_memset8                          0x080001c5   Thumb Code     0  memseta.o(.text)
    __aeabi_memclr                           0x080001d3   Thumb Code     4  memseta.o(.text)
    __aeabi_memclr4                          0x080001d3   Thumb Code     0  memseta.o(.text)
    __aeabi_memclr8                          0x080001d3   Thumb Code     0  memseta.o(.text)
    _memset$wrapper                          0x080001d7   Thumb Code    18  memseta.o(.text)
    __aeabi_uidiv                            0x080001e9   Thumb Code     0  uidiv.o(.text)
    __aeabi_uidivmod                         0x080001e9   Thumb Code    44  uidiv.o(.text)
    __scatterload                            0x08000215   Thumb Code    28  init.o(.text)
    __scatterload_rt2                        0x08000215   Thumb Code     0  init.o(.text)
    OSStartHighRdy                           0x08000239   Thumb Code     0  os_cpu_a.o(CODE)
    OSCtxSw                                  0x0800025b   Thumb Code     0  os_cpu_a.o(CODE)
    OSIntCtxSw                               0x08000265   Thumb Code     0  os_cpu_a.o(CODE)
    OS_CPU_PendSVHandler                     0x0800026f   Thumb Code     0  os_cpu_a.o(CODE)
    BSP_Init                                 0x080002d1   Thumb Code     4  bsp.o(i.BSP_Init)
    BSP_Tick_Init                            0x080002d5   Thumb Code    22  bsp.o(i.BSP_Tick_Init)
    BusFault_Handler                         0x080002f1   Thumb Code     2  stm32f1xx_it.o(i.BusFault_Handler)
    Buzzer                                   0x080002f5   Thumb Code   126  main.o(i.Buzzer)
    CPU_TS_TmrRd                             0x08000385   Thumb Code     6  bsp.o(i.CPU_TS_TmrRd)
    DebugMon_Handler                         0x08000391   Thumb Code     2  stm32f1xx_it.o(i.DebugMon_Handler)
    Error_Handler                            0x08000393   Thumb Code     2  main.o(i.Error_Handler)
    HAL_GPIO_Init                            0x08000395   Thumb Code   462  stm32f1xx_hal_gpio.o(i.HAL_GPIO_Init)
    HAL_GPIO_WritePin                        0x0800058d   Thumb Code    10  stm32f1xx_hal_gpio.o(i.HAL_GPIO_WritePin)
    HAL_GetTick                              0x08000599   Thumb Code     6  stm32f1xx_hal.o(i.HAL_GetTick)
    HAL_IncTick                              0x080005a5   Thumb Code    12  stm32f1xx_hal.o(i.HAL_IncTick)
    HAL_Init                                 0x080005b5   Thumb Code    32  stm32f1xx_hal.o(i.HAL_Init)
    HAL_InitTick                             0x080005d9   Thumb Code    98  stm32f1xx_hal_timebase_tim.o(i.HAL_InitTick)
    HAL_MspInit                              0x0800064d   Thumb Code    52  stm32f1xx_hal_msp.o(i.HAL_MspInit)
    HAL_NVIC_EnableIRQ                       0x08000689   Thumb Code    26  stm32f1xx_hal_cortex.o(i.HAL_NVIC_EnableIRQ)
    HAL_NVIC_SetPriority                     0x080006a5   Thumb Code    60  stm32f1xx_hal_cortex.o(i.HAL_NVIC_SetPriority)
    HAL_NVIC_SetPriorityGrouping             0x080006e5   Thumb Code    26  stm32f1xx_hal_cortex.o(i.HAL_NVIC_SetPriorityGrouping)
    HAL_RCC_ClockConfig                      0x08000709   Thumb Code   280  stm32f1xx_hal_rcc.o(i.HAL_RCC_ClockConfig)
    HAL_RCC_GetClockConfig                   0x08000835   Thumb Code    54  stm32f1xx_hal_rcc.o(i.HAL_RCC_GetClockConfig)
    HAL_RCC_GetHCLKFreq                      0x08000875   Thumb Code     6  stm32f1xx_hal_rcc.o(i.HAL_RCC_GetHCLKFreq)
    HAL_RCC_GetPCLK1Freq                     0x08000881   Thumb Code    20  stm32f1xx_hal_rcc.o(i.HAL_RCC_GetPCLK1Freq)
    HAL_RCC_GetPCLK2Freq                     0x080008a1   Thumb Code    20  stm32f1xx_hal_rcc.o(i.HAL_RCC_GetPCLK2Freq)
    HAL_RCC_GetSysClockFreq                  0x080008c1   Thumb Code    74  stm32f1xx_hal_rcc.o(i.HAL_RCC_GetSysClockFreq)
    HAL_RCC_OscConfig                        0x0800092d   Thumb Code   778  stm32f1xx_hal_rcc.o(i.HAL_RCC_OscConfig)
    HAL_TIMEx_BreakCallback                  0x08000c4d   Thumb Code     2  stm32f1xx_hal_tim_ex.o(i.HAL_TIMEx_BreakCallback)
    HAL_TIMEx_CommutCallback                 0x08000c4f   Thumb Code     2  stm32f1xx_hal_tim_ex.o(i.HAL_TIMEx_CommutCallback)
    HAL_TIM_Base_Init                        0x08000c51   Thumb Code    90  stm32f1xx_hal_tim.o(i.HAL_TIM_Base_Init)
    HAL_TIM_Base_MspInit                     0x08000cab   Thumb Code     2  stm32f1xx_hal_tim.o(i.HAL_TIM_Base_MspInit)
    HAL_TIM_Base_Start_IT                    0x08000cad   Thumb Code    88  stm32f1xx_hal_tim.o(i.HAL_TIM_Base_Start_IT)
    HAL_TIM_IC_CaptureCallback               0x08000d19   Thumb Code     2  stm32f1xx_hal_tim.o(i.HAL_TIM_IC_CaptureCallback)
    HAL_TIM_IRQHandler                       0x08000d1b   Thumb Code   358  stm32f1xx_hal_tim.o(i.HAL_TIM_IRQHandler)
    HAL_TIM_OC_DelayElapsedCallback          0x08000e81   Thumb Code     2  stm32f1xx_hal_tim.o(i.HAL_TIM_OC_DelayElapsedCallback)
    HAL_TIM_PWM_PulseFinishedCallback        0x08000e83   Thumb Code     2  stm32f1xx_hal_tim.o(i.HAL_TIM_PWM_PulseFinishedCallback)
    HAL_TIM_PeriodElapsedCallback            0x08000e85   Thumb Code    14  main.o(i.HAL_TIM_PeriodElapsedCallback)
    HAL_TIM_TriggerCallback                  0x08000e99   Thumb Code     2  stm32f1xx_hal_tim.o(i.HAL_TIM_TriggerCallback)
    HAL_UART_Init                            0x08000e9b   Thumb Code    98  stm32f1xx_hal_uart.o(i.HAL_UART_Init)
    HAL_UART_MspInit                         0x08000efd   Thumb Code   100  usart.o(i.HAL_UART_MspInit)
    HAL_UART_Transmit                        0x08000f6d   Thumb Code   178  stm32f1xx_hal_uart.o(i.HAL_UART_Transmit)
    HardFault_Handler                        0x0800101f   Thumb Code     2  stm32f1xx_it.o(i.HardFault_Handler)
    MX_GPIO_Init                             0x08001021   Thumb Code   236  gpio.o(i.MX_GPIO_Init)
    MX_USART1_UART_Init                      0x08001121   Thumb Code    48  usart.o(i.MX_USART1_UART_Init)
    MemManage_Handler                        0x08001159   Thumb Code     2  stm32f1xx_it.o(i.MemManage_Handler)
    Motor                                    0x0800115d   Thumb Code    30  main.o(i.Motor)
    NMI_Handler                              0x08001181   Thumb Code     2  stm32f1xx_it.o(i.NMI_Handler)
    OSCfg_Init                               0x08001183   Thumb Code     2  os_cfg_app.o(i.OSCfg_Init)
    OSIdleTaskHook                           0x08001185   Thumb Code    12  os_cpu_c.o(i.OSIdleTaskHook)
    OSInit                                   0x08001195   Thumb Code   260  os_core.o(i.OSInit)
    OSInitHook                               0x080012ed   Thumb Code    22  os_cpu_c.o(i.OSInitHook)
    OSIntExit                                0x08001311   Thumb Code   100  os_core.o(i.OSIntExit)
    OSMutexCreate                            0x08001395   Thumb Code    94  os_mutex.o(i.OSMutexCreate)
    OSMutexPend                              0x08001401   Thumb Code   398  os_mutex.o(i.OSMutexPend)
    OSMutexPost                              0x080015a1   Thumb Code   280  os_mutex.o(i.OSMutexPost)
    OSSched                                  0x080016c9   Thumb Code    86  os_core.o(i.OSSched)
    OSSchedLock                              0x0800173d   Thumb Code    72  os_core.o(i.OSSchedLock)
    OSSchedUnlock                            0x08001791   Thumb Code    92  os_core.o(i.OSSchedUnlock)
    OSStart                                  0x080017f9   Thumb Code    62  os_core.o(i.OSStart)
    OSStatReset                              0x08001851   Thumb Code   146  os_stat.o(i.OSStatReset)
    OSStatTaskCPUUsageInit                   0x08001905   Thumb Code   126  os_stat.o(i.OSStatTaskCPUUsageInit)
    OSStatTaskHook                           0x080019a1   Thumb Code    12  os_cpu_c.o(i.OSStatTaskHook)
    OSTaskCreate                             0x080019b1   Thumb Code   314  os_task.o(i.OSTaskCreate)
    OSTaskCreateHook                         0x08001b01   Thumb Code    12  os_cpu_c.o(i.OSTaskCreateHook)
    OSTaskDel                                0x08001b11   Thumb Code   188  os_task.o(i.OSTaskDel)
    OSTaskDelHook                            0x08001bdd   Thumb Code    12  os_cpu_c.o(i.OSTaskDelHook)
    OSTaskResume                             0x08001bed   Thumb Code    62  os_task.o(i.OSTaskResume)
    OSTaskReturnHook                         0x08001c35   Thumb Code    12  os_cpu_c.o(i.OSTaskReturnHook)
    OSTaskSemPend                            0x08001c45   Thumb Code   276  os_task.o(i.OSTaskSemPend)
    OSTaskSemPost                            0x08001d65   Thumb Code    46  os_task.o(i.OSTaskSemPost)
    OSTaskStkChk                             0x08001d95   Thumb Code   138  os_task.o(i.OSTaskStkChk)
    OSTaskStkInit                            0x08001e29   Thumb Code   112  os_cpu_c.o(i.OSTaskStkInit)
    OSTaskSuspend                            0x08001e9d   Thumb Code    30  os_task.o(i.OSTaskSuspend)
    OSTaskSwHook                             0x08001ec5   Thumb Code    72  os_cpu_c.o(i.OSTaskSwHook)
    OSTimeDly                                0x08001f1d   Thumb Code   122  os_time.o(i.OSTimeDly)
    OSTimeTick                               0x08001fa5   Thumb Code    44  os_time.o(i.OSTimeTick)
    OSTimeTickHook                           0x08001fe1   Thumb Code    12  os_cpu_c.o(i.OSTimeTickHook)
    OS_CPU_SysTickHandler                    0x08001ff1   Thumb Code    30  os_cpu_c.o(i.OS_CPU_SysTickHandler)
    OS_CPU_SysTickInit                       0x08002015   Thumb Code    36  os_cpu_c.o(i.OS_CPU_SysTickInit)
    OS_Dbg_Init                              0x0800203d   Thumb Code     2  os_dbg.o(i.OS_Dbg_Init)
    OS_FlagInit                              0x08002041   Thumb Code    14  os_flag.o(i.OS_FlagInit)
    OS_IdleTask                              0x08002059   Thumb Code    30  os_core.o(i.OS_IdleTask)
    OS_IdleTaskInit                          0x08002081   Thumb Code    60  os_core.o(i.OS_IdleTaskInit)
    OS_MemInit                               0x080020e9   Thumb Code    14  os_mem.o(i.OS_MemInit)
    OS_MsgPoolInit                           0x08002101   Thumb Code    92  os_msg.o(i.OS_MsgPoolInit)
    OS_MsgQFreeAll                           0x08002169   Thumb Code    48  os_msg.o(i.OS_MsgQFreeAll)
    OS_MsgQInit                              0x0800219d   Thumb Code    14  os_msg.o(i.OS_MsgQInit)
    OS_MutexDbgListAdd                       0x080021ad   Thumb Code    26  os_mutex.o(i.OS_MutexDbgListAdd)
    OS_MutexInit                             0x080021d1   Thumb Code    14  os_mutex.o(i.OS_MutexInit)
    OS_Pend                                  0x080021e9   Thumb Code    74  os_core.o(i.OS_Pend)
    OS_PendDataInit                          0x08002239   Thumb Code    48  os_core.o(i.OS_PendDataInit)
    OS_PendDbgNameAdd                        0x08002269   Thumb Code    46  os_core.o(i.OS_PendDbgNameAdd)
    OS_PendDbgNameRemove                     0x080022b1   Thumb Code    22  os_core.o(i.OS_PendDbgNameRemove)
    OS_PendListChangePrio                    0x080022cd   Thumb Code    50  os_core.o(i.OS_PendListChangePrio)
    OS_PendListInit                          0x080022ff   Thumb Code    10  os_core.o(i.OS_PendListInit)
    OS_PendListInsertPrio                    0x08002309   Thumb Code    90  os_core.o(i.OS_PendListInsertPrio)
    OS_PendListRemove                        0x08002363   Thumb Code    38  os_core.o(i.OS_PendListRemove)
    OS_PendListRemove1                       0x08002389   Thumb Code    54  os_core.o(i.OS_PendListRemove1)
    OS_Post                                  0x080023bf   Thumb Code   178  os_core.o(i.OS_Post)
    OS_Post1                                 0x08002471   Thumb Code    38  os_core.o(i.OS_Post1)
    OS_PrioGetHighest                        0x08002499   Thumb Code    32  os_prio.o(i.OS_PrioGetHighest)
    OS_PrioInit                              0x080024bd   Thumb Code    20  os_prio.o(i.OS_PrioInit)
    OS_PrioInsert                            0x080024d5   Thumb Code    28  os_prio.o(i.OS_PrioInsert)
    OS_PrioRemove                            0x080024f5   Thumb Code    28  os_prio.o(i.OS_PrioRemove)
    OS_QInit                                 0x08002515   Thumb Code    14  os_q.o(i.OS_QInit)
    OS_RdyListInit                           0x0800252d   Thumb Code    32  os_core.o(i.OS_RdyListInit)
    OS_RdyListInsert                         0x08002551   Thumb Code    42  os_core.o(i.OS_RdyListInsert)
    OS_RdyListInsertHead                     0x08002581   Thumb Code    52  os_core.o(i.OS_RdyListInsertHead)
    OS_RdyListInsertTail                     0x080025b9   Thumb Code    48  os_core.o(i.OS_RdyListInsertTail)
    OS_RdyListRemove                         0x080025ed   Thumb Code    78  os_core.o(i.OS_RdyListRemove)
    OS_SchedLockTimeMeasStart                0x08002641   Thumb Code    20  os_core.o(i.OS_SchedLockTimeMeasStart)
    OS_SchedLockTimeMeasStop                 0x0800265d   Thumb Code    42  os_core.o(i.OS_SchedLockTimeMeasStop)
    OS_SemInit                               0x08002699   Thumb Code    14  os_sem.o(i.OS_SemInit)
    OS_StatTask                              0x080026b1   Thumb Code   442  os_stat.o(i.OS_StatTask)
    OS_StatTaskInit                          0x080028a9   Thumb Code   118  os_stat.o(i.OS_StatTaskInit)
    OS_TaskBlock                             0x08002965   Thumb Code    36  os_core.o(i.OS_TaskBlock)
    OS_TaskDbgListAdd                        0x0800298d   Thumb Code    30  os_task.o(i.OS_TaskDbgListAdd)
    OS_TaskDbgListRemove                     0x080029b1   Thumb Code    50  os_task.o(i.OS_TaskDbgListRemove)
    OS_TaskInit                              0x080029e9   Thumb Code    18  os_task.o(i.OS_TaskInit)
    OS_TaskInitTCB                           0x08002a09   Thumb Code   156  os_task.o(i.OS_TaskInitTCB)
    OS_TaskResume                            0x08002ab1   Thumb Code   168  os_task.o(i.OS_TaskResume)
    OS_TaskReturn                            0x08002b59   Thumb Code    20  os_task.o(i.OS_TaskReturn)
    OS_TaskSemPost                           0x08002b71   Thumb Code   148  os_task.o(i.OS_TaskSemPost)
    OS_TaskSuspend                           0x08002c09   Thumb Code   144  os_task.o(i.OS_TaskSuspend)
    OS_TickListInsert                        0x08002ca1   Thumb Code    94  os_tick.o(i.OS_TickListInsert)
    OS_TickListInsertDly                     0x08002d01   Thumb Code   110  os_tick.o(i.OS_TickListInsertDly)
    OS_TickListRemove                        0x08002d7d   Thumb Code    64  os_tick.o(i.OS_TickListRemove)
    OS_TickListResetPeak                     0x08002dbd   Thumb Code     2  os_tick.o(i.OS_TickListResetPeak)
    OS_TickTask                              0x08002eed   Thumb Code    70  os_tick.o(i.OS_TickTask)
    OS_TickTaskInit                          0x08002f41   Thumb Code   118  os_tick.o(i.OS_TickTaskInit)
    OS_TmrInit                               0x08002ff5   Thumb Code   170  os_tmr.o(i.OS_TmrInit)
    OS_TmrResetPeak                          0x08003125   Thumb Code     2  os_tmr.o(i.OS_TmrResetPeak)
    OS_TmrTask                               0x08003129   Thumb Code   138  os_tmr.o(i.OS_TmrTask)
    OS_TmrUnlink                             0x080031c1   Thumb Code    50  os_tmr.o(i.OS_TmrUnlink)
    SVC_Handler                              0x08003211   Thumb Code     2  stm32f1xx_it.o(i.SVC_Handler)
    SystemClock_Config                       0x08003213   Thumb Code    78  main.o(i.SystemClock_Config)
    SystemInit                               0x08003261   Thumb Code     2  system_stm32f1xx.o(i.SystemInit)
    TIM1_UP_IRQHandler                       0x08003265   Thumb Code     6  stm32f1xx_it.o(i.TIM1_UP_IRQHandler)
    TIM_Base_SetConfig                       0x08003271   Thumb Code   120  stm32f1xx_hal_tim.o(i.TIM_Base_SetConfig)
    UsageFault_Handler                       0x08003419   Thumb Code     2  stm32f1xx_it.o(i.UsageFault_Handler)
    __0printf$1                              0x0800341d   Thumb Code    22  printf1.o(i.__0printf$1)
    __1printf$1                              0x0800341d   Thumb Code     0  printf1.o(i.__0printf$1)
    __2printf                                0x0800341d   Thumb Code     0  printf1.o(i.__0printf$1)
    __scatterload_copy                       0x0800345d   Thumb Code    14  handlers.o(i.__scatterload_copy)
    __scatterload_null                       0x0800346b   Thumb Code     2  handlers.o(i.__scatterload_null)
    __scatterload_zeroinit                   0x0800346d   Thumb Code    14  handlers.o(i.__scatterload_zeroinit)
    fputc                                    0x080035d1   Thumb Code    20  usart.o(i.fputc)
    led0_task                                0x080035e9   Thumb Code    50  main.o(i.led0_task)
    led1_task                                0x08003621   Thumb Code    52  main.o(i.led1_task)
    led_play                                 0x08003659   Thumb Code   158  main.o(i.led_play)
    main                                     0x08003719   Thumb Code    90  main.o(i.main)
    print_task                               0x08003789   Thumb Code    30  main.o(i.print_task)
    start_task                               0x080037b5   Thumb Code   262  main.o(i.start_task)
    AHBPrescTable                            0x08003938   Data          16  system_stm32f1xx.o(.constdata)
    APBPrescTable                            0x08003948   Data           8  system_stm32f1xx.o(.constdata)
    OSCfg_IdleTaskStkBasePtr                 0x08003950   Data           4  os_cfg_app.o(.constdata)
    OSCfg_IdleTaskStkLimit                   0x08003954   Data           4  os_cfg_app.o(.constdata)
    OSCfg_IdleTaskStkSize                    0x08003958   Data           4  os_cfg_app.o(.constdata)
    OSCfg_ISRStkBasePtr                      0x0800395c   Data           4  os_cfg_app.o(.constdata)
    OSCfg_ISRStkSize                         0x08003960   Data           4  os_cfg_app.o(.constdata)
    OSCfg_MsgPoolSize                        0x08003964   Data           2  os_cfg_app.o(.constdata)
    OSCfg_MsgPoolBasePtr                     0x08003968   Data           4  os_cfg_app.o(.constdata)
    OSCfg_StatTaskPrio                       0x0800396c   Data           1  os_cfg_app.o(.constdata)
    OSCfg_StatTaskRate_Hz                    0x08003970   Data           4  os_cfg_app.o(.constdata)
    OSCfg_StatTaskStkBasePtr                 0x08003974   Data           4  os_cfg_app.o(.constdata)
    OSCfg_StatTaskStkLimit                   0x08003978   Data           4  os_cfg_app.o(.constdata)
    OSCfg_StatTaskStkSize                    0x0800397c   Data           4  os_cfg_app.o(.constdata)
    OSCfg_StkSizeMin                         0x08003980   Data           4  os_cfg_app.o(.constdata)
    OSCfg_TickRate_Hz                        0x08003984   Data           4  os_cfg_app.o(.constdata)
    OSCfg_TickTaskPrio                       0x08003988   Data           1  os_cfg_app.o(.constdata)
    OSCfg_TickTaskStkBasePtr                 0x0800398c   Data           4  os_cfg_app.o(.constdata)
    OSCfg_TickTaskStkLimit                   0x08003990   Data           4  os_cfg_app.o(.constdata)
    OSCfg_TickTaskStkSize                    0x08003994   Data           4  os_cfg_app.o(.constdata)
    OSCfg_TmrTaskPrio                        0x08003998   Data           1  os_cfg_app.o(.constdata)
    OSCfg_TmrTaskRate_Hz                     0x0800399c   Data           4  os_cfg_app.o(.constdata)
    OSCfg_TmrTaskStkBasePtr                  0x080039a0   Data           4  os_cfg_app.o(.constdata)
    OSCfg_TmrTaskStkLimit                    0x080039a4   Data           4  os_cfg_app.o(.constdata)
    OSCfg_TmrTaskStkSize                     0x080039a8   Data           4  os_cfg_app.o(.constdata)
    Region$$Table$$Base                      0x08003a7c   Number         0  anon$$obj.o(Region$$Table)
    Region$$Table$$Limit                     0x08003a9c   Number         0  anon$$obj.o(Region$$Table)
    SystemCoreClock                          0x20000000   Data           4  system_stm32f1xx.o(.data)
    OSPrioTbl                                0x20000004   Data           8  os_prio.o(.data)
    OS_AppTaskCreateHookPtr                  0x2000000c   Data           4  os_var.o(.data)
    OS_AppTaskDelHookPtr                     0x20000010   Data           4  os_var.o(.data)
    OS_AppTaskReturnHookPtr                  0x20000014   Data           4  os_var.o(.data)
    OS_AppIdleTaskHookPtr                    0x20000018   Data           4  os_var.o(.data)
    OS_AppStatTaskHookPtr                    0x2000001c   Data           4  os_var.o(.data)
    OS_AppTaskSwHookPtr                      0x20000020   Data           4  os_var.o(.data)
    OS_AppTimeTickHookPtr                    0x20000024   Data           4  os_var.o(.data)
    OSIdleTaskCtr                            0x20000028   Data           4  os_var.o(.data)
    OSIntNestingCtr                          0x2000002c   Data           1  os_var.o(.data)
    OSRunning                                0x2000002d   Data           1  os_var.o(.data)
    OSFlagDbgListPtr                         0x20000030   Data           4  os_var.o(.data)
    OSFlagQty                                0x20000034   Data           2  os_var.o(.data)
    OSMemDbgListPtr                          0x20000038   Data           4  os_var.o(.data)
    OSMemQty                                 0x2000003c   Data           2  os_var.o(.data)
    OSMutexDbgListPtr                        0x20000040   Data           4  os_var.o(.data)
    OSMutexQty                               0x20000044   Data           2  os_var.o(.data)
    OSPrioCur                                0x20000046   Data           1  os_var.o(.data)
    OSPrioHighRdy                            0x20000047   Data           1  os_var.o(.data)
    OSPrioSaved                              0x20000048   Data           1  os_var.o(.data)
    OSQDbgListPtr                            0x2000004c   Data           4  os_var.o(.data)
    OSQQty                                   0x20000050   Data           2  os_var.o(.data)
    OSSchedLockTimeBegin                     0x20000054   Data           4  os_var.o(.data)
    OSSchedLockTimeMax                       0x20000058   Data           4  os_var.o(.data)
    OSSchedLockTimeMaxCur                    0x2000005c   Data           4  os_var.o(.data)
    OSSchedLockNestingCtr                    0x20000060   Data           1  os_var.o(.data)
    OSSemDbgListPtr                          0x20000064   Data           4  os_var.o(.data)
    OSSemQty                                 0x20000068   Data           2  os_var.o(.data)
    OSStatResetFlag                          0x2000006a   Data           1  os_var.o(.data)
    OSStatTaskCPUUsage                       0x2000006c   Data           2  os_var.o(.data)
    OSStatTaskCPUUsageMax                    0x2000006e   Data           2  os_var.o(.data)
    OSStatTaskCtr                            0x20000070   Data           4  os_var.o(.data)
    OSStatTaskCtrMax                         0x20000074   Data           4  os_var.o(.data)
    OSStatTaskCtrRun                         0x20000078   Data           4  os_var.o(.data)
    OSStatTaskRdy                            0x2000007c   Data           1  os_var.o(.data)
    OSStatTaskTimeMax                        0x20000080   Data           4  os_var.o(.data)
    OSTaskCtxSwCtr                           0x20000084   Data           4  os_var.o(.data)
    OSTaskDbgListPtr                         0x20000088   Data           4  os_var.o(.data)
    OSTaskQty                                0x2000008c   Data           2  os_var.o(.data)
    OSTaskRegNextAvailID                     0x2000008e   Data           1  os_var.o(.data)
    OSTickCtr                                0x20000090   Data           4  os_var.o(.data)
    OSTickTaskTimeMax                        0x20000094   Data           4  os_var.o(.data)
    OSTickListDly                            0x20000098   Data           8  os_var.o(.data)
    OSTickListTimeout                        0x200000a0   Data           8  os_var.o(.data)
    OSTmrDbgListPtr                          0x200000a8   Data           4  os_var.o(.data)
    OSTmrListEntries                         0x200000ac   Data           2  os_var.o(.data)
    OSTmrListPtr                             0x200000b0   Data           4  os_var.o(.data)
    OSTmrTaskTimeMax                         0x200000b4   Data           4  os_var.o(.data)
    OSTmrTickCtr                             0x200000b8   Data           4  os_var.o(.data)
    OSTmrUpdateCnt                           0x200000bc   Data           4  os_var.o(.data)
    OSTmrUpdateCtr                           0x200000c0   Data           4  os_var.o(.data)
    OSTCBCurPtr                              0x200000c4   Data           4  os_var.o(.data)
    OSTCBHighRdyPtr                          0x200000c8   Data           4  os_var.o(.data)
    OS_CPU_ExceptStkBase                     0x200000cc   Data           4  os_cpu_c.o(.data)
    uwTickFreq                               0x200000d0   Data           1  stm32f1xx_hal.o(.data)
    uwTickPrio                               0x200000d4   Data           4  stm32f1xx_hal.o(.data)
    uwTick                                   0x200000d8   Data           4  stm32f1xx_hal.o(.data)
    __stdout                                 0x200000dc   Data           4  stdout.o(.data)
    OSCfg_IdleTaskStk                        0x200000e0   Data         512  os_cfg_app.o(.bss)
    OSCfg_ISRStk                             0x200002e0   Data         512  os_cfg_app.o(.bss)
    OSCfg_MsgPool                            0x200004e0   Data        1600  os_cfg_app.o(.bss)
    OSCfg_StatTaskStk                        0x20000b20   Data         512  os_cfg_app.o(.bss)
    OSCfg_TickTaskStk                        0x20000d20   Data         512  os_cfg_app.o(.bss)
    OSCfg_TmrTaskStk                         0x20000f20   Data         512  os_cfg_app.o(.bss)
    OSIdleTaskTCB                            0x20001120   Data         184  os_var.o(.bss)
    OSMsgPool                                0x200011d8   Data          12  os_var.o(.bss)
    OSRdyList                                0x200011e4   Data         768  os_var.o(.bss)
    OSStatTaskTCB                            0x200014e4   Data         184  os_var.o(.bss)
    OSTickTaskTCB                            0x2000159c   Data         184  os_var.o(.bss)
    OSTmrMutex                               0x20001654   Data          44  os_var.o(.bss)
    OSTmrTaskTCB                             0x20001680   Data         184  os_var.o(.bss)
    StartTaskTCB                             0x20001738   Data         184  main.o(.bss)
    Led0TaskTCB                              0x200017f0   Data         184  main.o(.bss)
    Led1TaskTCB                              0x200018a8   Data         184  main.o(.bss)
    PrintTaskTCB                             0x20001960   Data         184  main.o(.bss)
    LedplayTCB                               0x20001a18   Data         184  main.o(.bss)
    BuzzerTCB                                0x20001ad0   Data         184  main.o(.bss)
    MotorTCB                                 0x20001b88   Data         184  main.o(.bss)
    START_TASK_STK                           0x20001c40   Data        2048  main.o(.bss)
    LED0_TASK_STK                            0x20002440   Data         512  main.o(.bss)
    LED1_TASK_STK                            0x20002640   Data         512  main.o(.bss)
    PRINT_TASK_STK                           0x20002840   Data         512  main.o(.bss)
    LED_TASK_STK                             0x20002a40   Data         512  main.o(.bss)
    Buzzer_TASK_STK                          0x20002c40   Data         512  main.o(.bss)
    Motor_TASK_STK                           0x20002e40   Data         512  main.o(.bss)
    huart1                                   0x20003040   Data          64  usart.o(.bss)
    htim1                                    0x20003080   Data          72  stm32f1xx_hal_timebase_tim.o(.bss)
    __initial_sp                             0x200034c8   Data           0  startup_stm32f103xe.o(STACK)



==============================================================================

Memory Map of the image

  Image Entry point : 0x08000131

  Load Region LR_IROM1 (Base: 0x08000000, Size: 0x00003b7c, Max: 0x00080000, ABSOLUTE)

    Execution Region ER_IROM1 (Exec base: 0x08000000, Load base: 0x08000000, Size: 0x00003a9c, Max: 0x00080000, ABSOLUTE)

    Exec Addr    Load Addr    Size         Type   Attr      Idx    E Section Name        Object

    0x08000000   0x08000000   0x00000130   Data   RO            3    RESET               startup_stm32f103xe.o
    0x08000130   0x08000130   0x00000000   Code   RO         4782  * .ARM.Collect$$$$00000000  mc_w.l(entry.o)
    0x08000130   0x08000130   0x00000004   Code   RO         5056    .ARM.Collect$$$$00000001  mc_w.l(entry2.o)
    0x08000134   0x08000134   0x00000004   Code   RO         5059    .ARM.Collect$$$$00000004  mc_w.l(entry5.o)
    0x08000138   0x08000138   0x00000000   Code   RO         5061    .ARM.Collect$$$$00000008  mc_w.l(entry7b.o)
    0x08000138   0x08000138   0x00000000   Code   RO         5063    .ARM.Collect$$$$0000000A  mc_w.l(entry8b.o)
    0x08000138   0x08000138   0x00000008   Code   RO         5064    .ARM.Collect$$$$0000000B  mc_w.l(entry9a.o)
    0x08000140   0x08000140   0x00000004   Code   RO         5071    .ARM.Collect$$$$0000000E  mc_w.l(entry12b.o)
    0x08000144   0x08000144   0x00000000   Code   RO         5066    .ARM.Collect$$$$0000000F  mc_w.l(entry10a.o)
    0x08000144   0x08000144   0x00000000   Code   RO         5068    .ARM.Collect$$$$00000011  mc_w.l(entry11a.o)
    0x08000144   0x08000144   0x00000004   Code   RO         5057    .ARM.Collect$$$$00002712  mc_w.l(entry2.o)
    0x08000148   0x08000148   0x00000024   Code   RO            4    .text               startup_stm32f103xe.o
    0x0800016c   0x0800016c   0x00000034   Code   RO          379    .text               cpu_a.o
    0x080001a0   0x080001a0   0x00000024   Code   RO         4789    .text               mc_w.l(memcpya.o)
    0x080001c4   0x080001c4   0x00000024   Code   RO         4791    .text               mc_w.l(memseta.o)
    0x080001e8   0x080001e8   0x0000002c   Code   RO         5073    .text               mc_w.l(uidiv.o)
    0x08000214   0x08000214   0x00000024   Code   RO         5088    .text               mc_w.l(init.o)
    0x08000238   0x08000238   0x00000098   Code   RO         1998    CODE                os_cpu_a.o
    0x080002d0   0x080002d0   0x00000004   Code   RO          133    i.BSP_Init          bsp.o
    0x080002d4   0x080002d4   0x0000001c   Code   RO          134    i.BSP_Tick_Init     bsp.o
    0x080002f0   0x080002f0   0x00000002   Code   RO         2335    i.BusFault_Handler  stm32f1xx_it.o
    0x080002f2   0x080002f2   0x00000002   PAD
    0x080002f4   0x080002f4   0x00000090   Code   RO         2151    i.Buzzer            main.o
    0x08000384   0x08000384   0x0000000c   Code   RO          137    i.CPU_TS_TmrRd      bsp.o
    0x08000390   0x08000390   0x00000002   Code   RO         2336    i.DebugMon_Handler  stm32f1xx_it.o
    0x08000392   0x08000392   0x00000002   Code   RO         2152    i.Error_Handler     main.o
    0x08000394   0x08000394   0x000001f8   Code   RO         4125    i.HAL_GPIO_Init     stm32f1xx_hal_gpio.o
    0x0800058c   0x0800058c   0x0000000a   Code   RO         4129    i.HAL_GPIO_WritePin  stm32f1xx_hal_gpio.o
    0x08000596   0x08000596   0x00000002   PAD
    0x08000598   0x08000598   0x0000000c   Code   RO         3821    i.HAL_GetTick       stm32f1xx_hal.o
    0x080005a4   0x080005a4   0x00000010   Code   RO         3827    i.HAL_IncTick       stm32f1xx_hal.o
    0x080005b4   0x080005b4   0x00000024   Code   RO         3828    i.HAL_Init          stm32f1xx_hal.o
    0x080005d8   0x080005d8   0x00000074   Code   RO         2441    i.HAL_InitTick      stm32f1xx_hal_timebase_tim.o
    0x0800064c   0x0800064c   0x0000003c   Code   RO         2417    i.HAL_MspInit       stm32f1xx_hal_msp.o
    0x08000688   0x08000688   0x0000001a   Code   RO         4285    i.HAL_NVIC_EnableIRQ  stm32f1xx_hal_cortex.o
    0x080006a2   0x080006a2   0x00000002   PAD
    0x080006a4   0x080006a4   0x00000040   Code   RO         4291    i.HAL_NVIC_SetPriority  stm32f1xx_hal_cortex.o
    0x080006e4   0x080006e4   0x00000024   Code   RO         4292    i.HAL_NVIC_SetPriorityGrouping  stm32f1xx_hal_cortex.o
    0x08000708   0x08000708   0x0000012c   Code   RO         3985    i.HAL_RCC_ClockConfig  stm32f1xx_hal_rcc.o
    0x08000834   0x08000834   0x00000040   Code   RO         3989    i.HAL_RCC_GetClockConfig  stm32f1xx_hal_rcc.o
    0x08000874   0x08000874   0x0000000c   Code   RO         3990    i.HAL_RCC_GetHCLKFreq  stm32f1xx_hal_rcc.o
    0x08000880   0x08000880   0x00000020   Code   RO         3992    i.HAL_RCC_GetPCLK1Freq  stm32f1xx_hal_rcc.o
    0x080008a0   0x080008a0   0x00000020   Code   RO         3993    i.HAL_RCC_GetPCLK2Freq  stm32f1xx_hal_rcc.o
    0x080008c0   0x080008c0   0x0000006c   Code   RO         3994    i.HAL_RCC_GetSysClockFreq  stm32f1xx_hal_rcc.o
    0x0800092c   0x0800092c   0x00000320   Code   RO         3997    i.HAL_RCC_OscConfig  stm32f1xx_hal_rcc.o
    0x08000c4c   0x08000c4c   0x00000002   Code   RO         3222    i.HAL_TIMEx_BreakCallback  stm32f1xx_hal_tim_ex.o
    0x08000c4e   0x08000c4e   0x00000002   Code   RO         3223    i.HAL_TIMEx_CommutCallback  stm32f1xx_hal_tim_ex.o
    0x08000c50   0x08000c50   0x0000005a   Code   RO         2518    i.HAL_TIM_Base_Init  stm32f1xx_hal_tim.o
    0x08000caa   0x08000caa   0x00000002   Code   RO         2520    i.HAL_TIM_Base_MspInit  stm32f1xx_hal_tim.o
    0x08000cac   0x08000cac   0x0000006c   Code   RO         2523    i.HAL_TIM_Base_Start_IT  stm32f1xx_hal_tim.o
    0x08000d18   0x08000d18   0x00000002   Code   RO         2552    i.HAL_TIM_IC_CaptureCallback  stm32f1xx_hal_tim.o
    0x08000d1a   0x08000d1a   0x00000166   Code   RO         2566    i.HAL_TIM_IRQHandler  stm32f1xx_hal_tim.o
    0x08000e80   0x08000e80   0x00000002   Code   RO         2569    i.HAL_TIM_OC_DelayElapsedCallback  stm32f1xx_hal_tim.o
    0x08000e82   0x08000e82   0x00000002   Code   RO         2596    i.HAL_TIM_PWM_PulseFinishedCallback  stm32f1xx_hal_tim.o
    0x08000e84   0x08000e84   0x00000014   Code   RO         2153    i.HAL_TIM_PeriodElapsedCallback  main.o
    0x08000e98   0x08000e98   0x00000002   Code   RO         2609    i.HAL_TIM_TriggerCallback  stm32f1xx_hal_tim.o
    0x08000e9a   0x08000e9a   0x00000062   Code   RO         3514    i.HAL_UART_Init     stm32f1xx_hal_uart.o
    0x08000efc   0x08000efc   0x00000070   Code   RO         2284    i.HAL_UART_MspInit  usart.o
    0x08000f6c   0x08000f6c   0x000000b2   Code   RO         3522    i.HAL_UART_Transmit  stm32f1xx_hal_uart.o
    0x0800101e   0x0800101e   0x00000002   Code   RO         2337    i.HardFault_Handler  stm32f1xx_it.o
    0x08001020   0x08001020   0x00000100   Code   RO         2259    i.MX_GPIO_Init      gpio.o
    0x08001120   0x08001120   0x00000038   Code   RO         2285    i.MX_USART1_UART_Init  usart.o
    0x08001158   0x08001158   0x00000002   Code   RO         2338    i.MemManage_Handler  stm32f1xx_it.o
    0x0800115a   0x0800115a   0x00000002   PAD
    0x0800115c   0x0800115c   0x00000024   Code   RO         2154    i.Motor             main.o
    0x08001180   0x08001180   0x00000002   Code   RO         2339    i.NMI_Handler       stm32f1xx_it.o
    0x08001182   0x08001182   0x00000002   Code   RO          849    i.OSCfg_Init        os_cfg_app.o
    0x08001184   0x08001184   0x00000010   Code   RO         2001    i.OSIdleTaskHook    os_cpu_c.o
    0x08001194   0x08001194   0x00000158   Code   RO          913    i.OSInit            os_core.o
    0x080012ec   0x080012ec   0x00000024   Code   RO         2002    i.OSInitHook        os_cpu_c.o
    0x08001310   0x08001310   0x00000084   Code   RO          915    i.OSIntExit         os_core.o
    0x08001394   0x08001394   0x0000006c   Code   RO         1299    i.OSMutexCreate     os_mutex.o
    0x08001400   0x08001400   0x000001a0   Code   RO         1301    i.OSMutexPend       os_mutex.o
    0x080015a0   0x080015a0   0x00000128   Code   RO         1303    i.OSMutexPost       os_mutex.o
    0x080016c8   0x080016c8   0x00000074   Code   RO          916    i.OSSched           os_core.o
    0x0800173c   0x0800173c   0x00000054   Code   RO          917    i.OSSchedLock       os_core.o
    0x08001790   0x08001790   0x00000068   Code   RO          918    i.OSSchedUnlock     os_core.o
    0x080017f8   0x080017f8   0x00000058   Code   RO          919    i.OSStart           os_core.o
    0x08001850   0x08001850   0x000000b4   Code   RO         1546    i.OSStatReset       os_stat.o
    0x08001904   0x08001904   0x0000009c   Code   RO         1547    i.OSStatTaskCPUUsageInit  os_stat.o
    0x080019a0   0x080019a0   0x00000010   Code   RO         2003    i.OSStatTaskHook    os_cpu_c.o
    0x080019b0   0x080019b0   0x00000150   Code   RO         1577    i.OSTaskCreate      os_task.o
    0x08001b00   0x08001b00   0x00000010   Code   RO         2004    i.OSTaskCreateHook  os_cpu_c.o
    0x08001b10   0x08001b10   0x000000cc   Code   RO         1578    i.OSTaskDel         os_task.o
    0x08001bdc   0x08001bdc   0x00000010   Code   RO         2005    i.OSTaskDelHook     os_cpu_c.o
    0x08001bec   0x08001bec   0x00000048   Code   RO         1586    i.OSTaskResume      os_task.o
    0x08001c34   0x08001c34   0x00000010   Code   RO         2006    i.OSTaskReturnHook  os_cpu_c.o
    0x08001c44   0x08001c44   0x00000120   Code   RO         1587    i.OSTaskSemPend     os_task.o
    0x08001d64   0x08001d64   0x0000002e   Code   RO         1589    i.OSTaskSemPost     os_task.o
    0x08001d92   0x08001d92   0x00000002   PAD
    0x08001d94   0x08001d94   0x00000094   Code   RO         1591    i.OSTaskStkChk      os_task.o
    0x08001e28   0x08001e28   0x00000074   Code   RO         2007    i.OSTaskStkInit     os_cpu_c.o
    0x08001e9c   0x08001e9c   0x00000028   Code   RO         1592    i.OSTaskSuspend     os_task.o
    0x08001ec4   0x08001ec4   0x00000058   Code   RO         2008    i.OSTaskSwHook      os_cpu_c.o
    0x08001f1c   0x08001f1c   0x00000088   Code   RO         1790    i.OSTimeDly         os_time.o
    0x08001fa4   0x08001fa4   0x0000003c   Code   RO         1795    i.OSTimeTick        os_time.o
    0x08001fe0   0x08001fe0   0x00000010   Code   RO         2009    i.OSTimeTickHook    os_cpu_c.o
    0x08001ff0   0x08001ff0   0x00000024   Code   RO         2010    i.OS_CPU_SysTickHandler  os_cpu_c.o
    0x08002014   0x08002014   0x00000028   Code   RO         2011    i.OS_CPU_SysTickInit  os_cpu_c.o
    0x0800203c   0x0800203c   0x00000002   Code   RO         1121    i.OS_Dbg_Init       os_dbg.o
    0x0800203e   0x0800203e   0x00000002   PAD
    0x08002040   0x08002040   0x00000018   Code   RO         1148    i.OS_FlagInit       os_flag.o
    0x08002058   0x08002058   0x00000028   Code   RO          921    i.OS_IdleTask       os_core.o
    0x08002080   0x08002080   0x00000068   Code   RO          922    i.OS_IdleTaskInit   os_core.o
    0x080020e8   0x080020e8   0x00000018   Code   RO         1231    i.OS_MemInit        os_mem.o
    0x08002100   0x08002100   0x00000068   Code   RO         1263    i.OS_MsgPoolInit    os_msg.o
    0x08002168   0x08002168   0x00000034   Code   RO         1264    i.OS_MsgQFreeAll    os_msg.o
    0x0800219c   0x0800219c   0x0000000e   Code   RO         1266    i.OS_MsgQInit       os_msg.o
    0x080021aa   0x080021aa   0x00000002   PAD
    0x080021ac   0x080021ac   0x00000024   Code   RO         1305    i.OS_MutexDbgListAdd  os_mutex.o
    0x080021d0   0x080021d0   0x00000018   Code   RO         1307    i.OS_MutexInit      os_mutex.o
    0x080021e8   0x080021e8   0x00000050   Code   RO          923    i.OS_Pend           os_core.o
    0x08002238   0x08002238   0x00000030   Code   RO          926    i.OS_PendDataInit   os_core.o
    0x08002268   0x08002268   0x00000048   Code   RO          927    i.OS_PendDbgNameAdd  os_core.o
    0x080022b0   0x080022b0   0x0000001c   Code   RO          928    i.OS_PendDbgNameRemove  os_core.o
    0x080022cc   0x080022cc   0x00000032   Code   RO          929    i.OS_PendListChangePrio  os_core.o
    0x080022fe   0x080022fe   0x0000000a   Code   RO          930    i.OS_PendListInit   os_core.o
    0x08002308   0x08002308   0x0000005a   Code   RO          932    i.OS_PendListInsertPrio  os_core.o
    0x08002362   0x08002362   0x00000026   Code   RO          933    i.OS_PendListRemove  os_core.o
    0x08002388   0x08002388   0x00000036   Code   RO          934    i.OS_PendListRemove1  os_core.o
    0x080023be   0x080023be   0x000000b2   Code   RO          937    i.OS_Post           os_core.o
    0x08002470   0x08002470   0x00000026   Code   RO          938    i.OS_Post1          os_core.o
    0x08002496   0x08002496   0x00000002   PAD
    0x08002498   0x08002498   0x00000024   Code   RO         1365    i.OS_PrioGetHighest  os_prio.o
    0x080024bc   0x080024bc   0x00000018   Code   RO         1366    i.OS_PrioInit       os_prio.o
    0x080024d4   0x080024d4   0x00000020   Code   RO         1367    i.OS_PrioInsert     os_prio.o
    0x080024f4   0x080024f4   0x00000020   Code   RO         1368    i.OS_PrioRemove     os_prio.o
    0x08002514   0x08002514   0x00000018   Code   RO         1411    i.OS_QInit          os_q.o
    0x0800252c   0x0800252c   0x00000024   Code   RO          939    i.OS_RdyListInit    os_core.o
    0x08002550   0x08002550   0x00000030   Code   RO          940    i.OS_RdyListInsert  os_core.o
    0x08002580   0x08002580   0x00000038   Code   RO          941    i.OS_RdyListInsertHead  os_core.o
    0x080025b8   0x080025b8   0x00000034   Code   RO          942    i.OS_RdyListInsertTail  os_core.o
    0x080025ec   0x080025ec   0x00000054   Code   RO          944    i.OS_RdyListRemove  os_core.o
    0x08002640   0x08002640   0x0000001c   Code   RO          945    i.OS_SchedLockTimeMeasStart  os_core.o
    0x0800265c   0x0800265c   0x0000003c   Code   RO          946    i.OS_SchedLockTimeMeasStop  os_core.o
    0x08002698   0x08002698   0x00000018   Code   RO         1483    i.OS_SemInit        os_sem.o
    0x080026b0   0x080026b0   0x000001f8   Code   RO         1548    i.OS_StatTask       os_stat.o
    0x080028a8   0x080028a8   0x000000bc   Code   RO         1549    i.OS_StatTaskInit   os_stat.o
    0x08002964   0x08002964   0x00000028   Code   RO          947    i.OS_TaskBlock      os_core.o
    0x0800298c   0x0800298c   0x00000024   Code   RO         1593    i.OS_TaskDbgListAdd  os_task.o
    0x080029b0   0x080029b0   0x00000038   Code   RO         1594    i.OS_TaskDbgListRemove  os_task.o
    0x080029e8   0x080029e8   0x00000020   Code   RO         1595    i.OS_TaskInit       os_task.o
    0x08002a08   0x08002a08   0x000000a8   Code   RO         1596    i.OS_TaskInitTCB    os_task.o
    0x08002ab0   0x08002ab0   0x000000a8   Code   RO         1598    i.OS_TaskResume     os_task.o
    0x08002b58   0x08002b58   0x00000018   Code   RO         1599    i.OS_TaskReturn     os_task.o
    0x08002b70   0x08002b70   0x00000098   Code   RO         1600    i.OS_TaskSemPost    os_task.o
    0x08002c08   0x08002c08   0x00000098   Code   RO         1601    i.OS_TaskSuspend    os_task.o
    0x08002ca0   0x08002ca0   0x0000005e   Code   RO         1738    i.OS_TickListInsert  os_tick.o
    0x08002cfe   0x08002cfe   0x00000002   PAD
    0x08002d00   0x08002d00   0x0000007c   Code   RO         1739    i.OS_TickListInsertDly  os_tick.o
    0x08002d7c   0x08002d7c   0x00000040   Code   RO         1740    i.OS_TickListRemove  os_tick.o
    0x08002dbc   0x08002dbc   0x00000002   Code   RO         1741    i.OS_TickListResetPeak  os_tick.o
    0x08002dbe   0x08002dbe   0x00000002   PAD
    0x08002dc0   0x08002dc0   0x0000007c   Code   RO         1742    i.OS_TickListUpdateDly  os_tick.o
    0x08002e3c   0x08002e3c   0x000000b0   Code   RO         1743    i.OS_TickListUpdateTimeout  os_tick.o
    0x08002eec   0x08002eec   0x00000054   Code   RO         1744    i.OS_TickTask       os_tick.o
    0x08002f40   0x08002f40   0x000000b4   Code   RO         1745    i.OS_TickTaskInit   os_tick.o
    0x08002ff4   0x08002ff4   0x00000118   Code   RO         1841    i.OS_TmrInit        os_tmr.o
    0x0800310c   0x0800310c   0x00000018   Code   RO         1842    i.OS_TmrLock        os_tmr.o
    0x08003124   0x08003124   0x00000002   Code   RO         1843    i.OS_TmrResetPeak   os_tmr.o
    0x08003126   0x08003126   0x00000002   PAD
    0x08003128   0x08003128   0x00000098   Code   RO         1844    i.OS_TmrTask        os_tmr.o
    0x080031c0   0x080031c0   0x0000003c   Code   RO         1845    i.OS_TmrUnlink      os_tmr.o
    0x080031fc   0x080031fc   0x00000014   Code   RO         1846    i.OS_TmrUnlock      os_tmr.o
    0x08003210   0x08003210   0x00000002   Code   RO         2341    i.SVC_Handler       stm32f1xx_it.o
    0x08003212   0x08003212   0x0000004e   Code   RO         2155    i.SystemClock_Config  main.o
    0x08003260   0x08003260   0x00000002   Code   RO           14    i.SystemInit        system_stm32f1xx.o
    0x08003262   0x08003262   0x00000002   PAD
    0x08003264   0x08003264   0x0000000c   Code   RO         2343    i.TIM1_UP_IRQHandler  stm32f1xx_it.o
    0x08003270   0x08003270   0x0000008c   Code   RO         2611    i.TIM_Base_SetConfig  stm32f1xx_hal_tim.o
    0x080032fc   0x080032fc   0x000000b8   Code   RO         3540    i.UART_SetConfig    stm32f1xx_hal_uart.o
    0x080033b4   0x080033b4   0x00000064   Code   RO         3541    i.UART_WaitOnFlagUntilTimeout  stm32f1xx_hal_uart.o
    0x08003418   0x08003418   0x00000002   Code   RO         2344    i.UsageFault_Handler  stm32f1xx_it.o
    0x0800341a   0x0800341a   0x00000002   PAD
    0x0800341c   0x0800341c   0x00000020   Code   RO         4840    i.__0printf$1       mc_w.l(printf1.o)
    0x0800343c   0x0800343c   0x00000020   Code   RO         4298    i.__NVIC_SetPriority  stm32f1xx_hal_cortex.o
    0x0800345c   0x0800345c   0x0000000e   Code   RO         5096    i.__scatterload_copy  mc_w.l(handlers.o)
    0x0800346a   0x0800346a   0x00000002   Code   RO         5097    i.__scatterload_null  mc_w.l(handlers.o)
    0x0800346c   0x0800346c   0x0000000e   Code   RO         5098    i.__scatterload_zeroinit  mc_w.l(handlers.o)
    0x0800347a   0x0800347a   0x00000002   PAD
    0x0800347c   0x0800347c   0x00000154   Code   RO         4847    i._printf_core      mc_w.l(printf1.o)
    0x080035d0   0x080035d0   0x00000018   Code   RO         2286    i.fputc             usart.o
    0x080035e8   0x080035e8   0x00000038   Code   RO         2156    i.led0_task         main.o
    0x08003620   0x08003620   0x00000038   Code   RO         2157    i.led1_task         main.o
    0x08003658   0x08003658   0x000000c0   Code   RO         2158    i.led_play          main.o
    0x08003718   0x08003718   0x00000070   Code   RO         2159    i.main              main.o
    0x08003788   0x08003788   0x0000002c   Code   RO         2160    i.print_task        main.o
    0x080037b4   0x080037b4   0x00000184   Code   RO         2161    i.start_task        main.o
    0x08003938   0x08003938   0x00000010   Data   RO           15    .constdata          system_stm32f1xx.o
    0x08003948   0x08003948   0x00000008   Data   RO           16    .constdata          system_stm32f1xx.o
    0x08003950   0x08003950   0x00000004   Data   RO          856    .constdata          os_cfg_app.o
    0x08003954   0x08003954   0x00000004   Data   RO          857    .constdata          os_cfg_app.o
    0x08003958   0x08003958   0x00000004   Data   RO          858    .constdata          os_cfg_app.o
    0x0800395c   0x0800395c   0x00000004   Data   RO          867    .constdata          os_cfg_app.o
    0x08003960   0x08003960   0x00000004   Data   RO          868    .constdata          os_cfg_app.o
    0x08003964   0x08003964   0x00000002   Data   RO          870    .constdata          os_cfg_app.o
    0x08003966   0x08003966   0x00000002   PAD
    0x08003968   0x08003968   0x00000004   Data   RO          872    .constdata          os_cfg_app.o
    0x0800396c   0x0800396c   0x00000001   Data   RO          873    .constdata          os_cfg_app.o
    0x0800396d   0x0800396d   0x00000003   PAD
    0x08003970   0x08003970   0x00000004   Data   RO          874    .constdata          os_cfg_app.o
    0x08003974   0x08003974   0x00000004   Data   RO          875    .constdata          os_cfg_app.o
    0x08003978   0x08003978   0x00000004   Data   RO          876    .constdata          os_cfg_app.o
    0x0800397c   0x0800397c   0x00000004   Data   RO          877    .constdata          os_cfg_app.o
    0x08003980   0x08003980   0x00000004   Data   RO          879    .constdata          os_cfg_app.o
    0x08003984   0x08003984   0x00000004   Data   RO          880    .constdata          os_cfg_app.o
    0x08003988   0x08003988   0x00000001   Data   RO          881    .constdata          os_cfg_app.o
    0x08003989   0x08003989   0x00000003   PAD
    0x0800398c   0x0800398c   0x00000004   Data   RO          882    .constdata          os_cfg_app.o
    0x08003990   0x08003990   0x00000004   Data   RO          883    .constdata          os_cfg_app.o
    0x08003994   0x08003994   0x00000004   Data   RO          884    .constdata          os_cfg_app.o
    0x08003998   0x08003998   0x00000001   Data   RO          886    .constdata          os_cfg_app.o
    0x08003999   0x08003999   0x00000003   PAD
    0x0800399c   0x0800399c   0x00000004   Data   RO          887    .constdata          os_cfg_app.o
    0x080039a0   0x080039a0   0x00000004   Data   RO          888    .constdata          os_cfg_app.o
    0x080039a4   0x080039a4   0x00000004   Data   RO          889    .constdata          os_cfg_app.o
    0x080039a8   0x080039a8   0x00000004   Data   RO          890    .constdata          os_cfg_app.o
    0x080039ac   0x080039ac   0x000000d0   Data   RO         2163    .constdata          main.o
    0x08003a7c   0x08003a7c   0x00000020   Data   RO         5094    Region$$Table       anon$$obj.o


    Execution Region RW_IRAM1 (Exec base: 0x20000000, Load base: 0x08003a9c, Size: 0x000034c8, Max: 0x00010000, ABSOLUTE)

    Exec Addr    Load Addr    Size         Type   Attr      Idx    E Section Name        Object

    0x20000000   0x08003a9c   0x00000004   Data   RW           17    .data               system_stm32f1xx.o
    0x20000004   0x08003aa0   0x00000008   Data   RW         1369    .data               os_prio.o
    0x2000000c   0x08003aa8   0x00000004   Data   RW         1933    .data               os_var.o
    0x20000010   0x08003aac   0x00000004   Data   RW         1934    .data               os_var.o
    0x20000014   0x08003ab0   0x00000004   Data   RW         1935    .data               os_var.o
    0x20000018   0x08003ab4   0x00000004   Data   RW         1936    .data               os_var.o
    0x2000001c   0x08003ab8   0x00000004   Data   RW         1937    .data               os_var.o
    0x20000020   0x08003abc   0x00000004   Data   RW         1938    .data               os_var.o
    0x20000024   0x08003ac0   0x00000004   Data   RW         1939    .data               os_var.o
    0x20000028   0x08003ac4   0x00000004   Data   RW         1940    .data               os_var.o
    0x2000002c   0x08003ac8   0x00000001   Data   RW         1941    .data               os_var.o
    0x2000002d   0x08003ac9   0x00000001   Data   RW         1942    .data               os_var.o
    0x2000002e   0x08003aca   0x00000002   PAD
    0x20000030   0x08003acc   0x00000004   Data   RW         1943    .data               os_var.o
    0x20000034   0x08003ad0   0x00000002   Data   RW         1944    .data               os_var.o
    0x20000036   0x08003ad2   0x00000002   PAD
    0x20000038   0x08003ad4   0x00000004   Data   RW         1945    .data               os_var.o
    0x2000003c   0x08003ad8   0x00000002   Data   RW         1946    .data               os_var.o
    0x2000003e   0x08003ada   0x00000002   PAD
    0x20000040   0x08003adc   0x00000004   Data   RW         1947    .data               os_var.o
    0x20000044   0x08003ae0   0x00000002   Data   RW         1948    .data               os_var.o
    0x20000046   0x08003ae2   0x00000001   Data   RW         1949    .data               os_var.o
    0x20000047   0x08003ae3   0x00000001   Data   RW         1950    .data               os_var.o
    0x20000048   0x08003ae4   0x00000001   Data   RW         1951    .data               os_var.o
    0x20000049   0x08003ae5   0x00000003   PAD
    0x2000004c   0x08003ae8   0x00000004   Data   RW         1952    .data               os_var.o
    0x20000050   0x08003aec   0x00000002   Data   RW         1953    .data               os_var.o
    0x20000052   0x08003aee   0x00000002   PAD
    0x20000054   0x08003af0   0x00000004   Data   RW         1954    .data               os_var.o
    0x20000058   0x08003af4   0x00000004   Data   RW         1955    .data               os_var.o
    0x2000005c   0x08003af8   0x00000004   Data   RW         1956    .data               os_var.o
    0x20000060   0x08003afc   0x00000001   Data   RW         1957    .data               os_var.o
    0x20000061   0x08003afd   0x00000003   PAD
    0x20000064   0x08003b00   0x00000004   Data   RW         1958    .data               os_var.o
    0x20000068   0x08003b04   0x00000002   Data   RW         1959    .data               os_var.o
    0x2000006a   0x08003b06   0x00000001   Data   RW         1960    .data               os_var.o
    0x2000006b   0x08003b07   0x00000001   PAD
    0x2000006c   0x08003b08   0x00000002   Data   RW         1961    .data               os_var.o
    0x2000006e   0x08003b0a   0x00000002   Data   RW         1962    .data               os_var.o
    0x20000070   0x08003b0c   0x00000004   Data   RW         1963    .data               os_var.o
    0x20000074   0x08003b10   0x00000004   Data   RW         1964    .data               os_var.o
    0x20000078   0x08003b14   0x00000004   Data   RW         1965    .data               os_var.o
    0x2000007c   0x08003b18   0x00000001   Data   RW         1966    .data               os_var.o
    0x2000007d   0x08003b19   0x00000003   PAD
    0x20000080   0x08003b1c   0x00000004   Data   RW         1967    .data               os_var.o
    0x20000084   0x08003b20   0x00000004   Data   RW         1968    .data               os_var.o
    0x20000088   0x08003b24   0x00000004   Data   RW         1969    .data               os_var.o
    0x2000008c   0x08003b28   0x00000002   Data   RW         1970    .data               os_var.o
    0x2000008e   0x08003b2a   0x00000001   Data   RW         1971    .data               os_var.o
    0x2000008f   0x08003b2b   0x00000001   PAD
    0x20000090   0x08003b2c   0x00000004   Data   RW         1972    .data               os_var.o
    0x20000094   0x08003b30   0x00000004   Data   RW         1973    .data               os_var.o
    0x20000098   0x08003b34   0x00000008   Data   RW         1974    .data               os_var.o
    0x200000a0   0x08003b3c   0x00000008   Data   RW         1975    .data               os_var.o
    0x200000a8   0x08003b44   0x00000004   Data   RW         1976    .data               os_var.o
    0x200000ac   0x08003b48   0x00000002   Data   RW         1977    .data               os_var.o
    0x200000ae   0x08003b4a   0x00000002   PAD
    0x200000b0   0x08003b4c   0x00000004   Data   RW         1978    .data               os_var.o
    0x200000b4   0x08003b50   0x00000004   Data   RW         1980    .data               os_var.o
    0x200000b8   0x08003b54   0x00000004   Data   RW         1981    .data               os_var.o
    0x200000bc   0x08003b58   0x00000004   Data   RW         1982    .data               os_var.o
    0x200000c0   0x08003b5c   0x00000004   Data   RW         1983    .data               os_var.o
    0x200000c4   0x08003b60   0x00000004   Data   RW         1984    .data               os_var.o
    0x200000c8   0x08003b64   0x00000004   Data   RW         1985    .data               os_var.o
    0x200000cc   0x08003b68   0x00000004   Data   RW         2012    .data               os_cpu_c.o
    0x200000d0   0x08003b6c   0x0000000c   Data   RW         3835    .data               stm32f1xx_hal.o
    0x200000dc   0x08003b78   0x00000004   Data   RW         5072    .data               mc_w.l(stdout.o)
    0x200000e0        -       0x00000200   Zero   RW          850    .bss                os_cfg_app.o
    0x200002e0        -       0x00000200   Zero   RW          851    .bss                os_cfg_app.o
    0x200004e0        -       0x00000640   Zero   RW          852    .bss                os_cfg_app.o
    0x20000b20        -       0x00000200   Zero   RW          853    .bss                os_cfg_app.o
    0x20000d20        -       0x00000200   Zero   RW          854    .bss                os_cfg_app.o
    0x20000f20        -       0x00000200   Zero   RW          855    .bss                os_cfg_app.o
    0x20001120        -       0x000000b8   Zero   RW         1926    .bss                os_var.o
    0x200011d8        -       0x0000000c   Zero   RW         1927    .bss                os_var.o
    0x200011e4        -       0x00000300   Zero   RW         1928    .bss                os_var.o
    0x200014e4        -       0x000000b8   Zero   RW         1929    .bss                os_var.o
    0x2000159c        -       0x000000b8   Zero   RW         1930    .bss                os_var.o
    0x20001654        -       0x0000002c   Zero   RW         1931    .bss                os_var.o
    0x20001680        -       0x000000b8   Zero   RW         1932    .bss                os_var.o
    0x20001738        -       0x00001908   Zero   RW         2162    .bss                main.o
    0x20003040        -       0x00000040   Zero   RW         2287    .bss                usart.o
    0x20003080        -       0x00000048   Zero   RW         2444    .bss                stm32f1xx_hal_timebase_tim.o
    0x200030c8        -       0x00000400   Zero   RW            1    STACK               startup_stm32f103xe.o


==============================================================================

Image component sizes


      Code (inc. data)   RO Data    RW Data    ZI Data      Debug   Object Name

        44         12          0          0          0      29069   bsp.o
        52          0          0          0          0        324   cpu_a.o
       256         20          0          0          0        939   gpio.o
      1128        236        208          0       6408       7310   main.o
         2          0         81          0       4160      19119   os_cfg_app.o
      2102        350          0          0          0      17914   os_core.o
       152         32          0          0          0        384   os_cpu_a.o
       412         68          0          4          0       7385   os_cpu_c.o
         2          0          0          0          0        842   os_dbg.o
        24         10          0          0          0       1008   os_flag.o
        24         10          0          0          0        813   os_mem.o
       170         16          0          0          0       2208   os_msg.o
       880         76          0          0          0       4626   os_mutex.o
       124         16          0          8          0       2674   os_prio.o
        24         10          0          0          0        873   os_q.o
        24         10          0          0          0        881   os_sem.o
      1028        196          0          0          0       3791   os_stat.o
      1922        174          0          0          0      12325   os_task.o
       848        100          0          0          0       6290   os_tick.o
       196         30          0          0          0       1645   os_time.o
       538        144          0          0          0       3867   os_tmr.o
         0          0          0        171       1560      17800   os_var.o
        36          8        304          0       1024        796   startup_stm32f103xe.o
        64         14          0         12          0       5134   stm32f1xx_hal.o
       158         14          0          0          0      28110   stm32f1xx_hal_cortex.o
       514         42          0          0          0       2848   stm32f1xx_hal_gpio.o
        60          8          0          0          0        810   stm32f1xx_hal_msp.o
      1348        116          0          0          0       6125   stm32f1xx_hal_rcc.o
       706         40          0          0          0       6868   stm32f1xx_hal_tim.o
         4          0          0          0          0       1493   stm32f1xx_hal_tim_ex.o
       116         18          0          0         72       1339   stm32f1xx_hal_timebase_tim.o
       560          6          0          0          0       3888   stm32f1xx_hal_uart.o
        26          6          0          0          0       3232   stm32f1xx_it.o
         2          0         24          4          0     485003   system_stm32f1xx.o
       192         24          0          0         64       3330   usart.o

    ----------------------------------------------------------------------
     13764       1806        660        220      13288     691063   Object Totals
         0          0         32          0          0          0   (incl. Generated)
        26          0         11         21          0          0   (incl. Padding)

    ----------------------------------------------------------------------

      Code (inc. data)   RO Data    RW Data    ZI Data      Debug   Library Member Name

         0          0          0          0          0          0   entry.o
         0          0          0          0          0          0   entry10a.o
         0          0          0          0          0          0   entry11a.o
         4          0          0          0          0          0   entry12b.o
         8          4          0          0          0          0   entry2.o
         4          0          0          0          0          0   entry5.o
         0          0          0          0          0          0   entry7b.o
         0          0          0          0          0          0   entry8b.o
         8          4          0          0          0          0   entry9a.o
        30          0          0          0          0          0   handlers.o
        36          8          0          0          0         68   init.o
        36          0          0          0          0         68   memcpya.o
        36          0          0          0          0        108   memseta.o
       372         14          0          0          0        184   printf1.o
         0          0          0          4          0          0   stdout.o
        44          0          0          0          0         80   uidiv.o

    ----------------------------------------------------------------------
       580         30          0          4          0        508   Library Totals
         2          0          0          0          0          0   (incl. Padding)

    ----------------------------------------------------------------------

      Code (inc. data)   RO Data    RW Data    ZI Data      Debug   Library Name

       578         30          0          4          0        508   mc_w.l

    ----------------------------------------------------------------------
       580         30          0          4          0        508   Library Totals

    ----------------------------------------------------------------------

==============================================================================


      Code (inc. data)   RO Data    RW Data    ZI Data      Debug   

     14344       1836        660        224      13288     683975   Grand Totals
     14344       1836        660        224      13288     683975   ELF Image Totals
     14344       1836        660        224          0          0   ROM Totals

==============================================================================

    Total RO  Size (Code + RO Data)                15004 (  14.65kB)
    Total RW  Size (RW Data + ZI Data)             13512 (  13.20kB)
    Total ROM Size (Code + RO Data + RW Data)      15228 (  14.87kB)

==============================================================================

