<html>
<body>
<pre>
<h1>µVision Build Log</h1>
<h2>Tool Versions:</h2>
IDE-Version: ¦ÌVision V5.42.0.0
Copyright (C) 2025 ARM Ltd and ARM Germany GmbH. All rights reserved.
License Information: 123 zyb, 123, LIC=ATTQ1-CBBQA-9U44U-SK19G-K1DVL-31PCF
 
Tool Versions:
Toolchain:       MDK-ARM Plus  Version: 5.42.0.0
Toolchain Path:  D:\IDLE\STM32\keil_v5\ARM\ARMCLANG\Bin
C Compiler:      ArmClang.exe V6.23
Assembler:       Armasm.exe V6.23
Linker/Locator:  ArmLink.exe V6.23
Library Manager: ArmAr.exe V6.23
Hex Converter:   FromElf.exe V6.23
CPU DLL:         SARMCM3.DLL V5.42.0.0
Dialog DLL:      DCM.DLL V1.17.5.0
Target DLL:      CMSIS_AGDI.dll V1.33.22.0
Dialog DLL:      TCM.DLL V1.56.6.0
 
<h2>Project:</h2>
D:\school\3_2\embeded\test5\demo3\MDK-ARM\demo3.uvprojx
Project File Date:  05/06/2025

<h2>Output:</h2>
*** Using Compiler 'V6.23', folder: 'D:\IDLE\STM32\keil_v5\ARM\ARMCLANG\Bin'
Build target 'demo3'
compiling Buzzer.c...
compiling basic.c...
compiling usart.c...
compiling stm32f1xx_hal_msp.c...
compiling dma.c...
compiling gpio.c...
compiling main.c...
compiling stm32f1xx_it.c...
compiling Led.c...
compiling Seg.c...
linking...
Program Size: Code=8354 RO-data=394 RW-data=12 ZI-data=1268  
FromELF: creating hex file...
"demo3\demo3.axf" - 0 Error(s), 0 Warning(s).

<h2>Software Packages used:</h2>

Package Vendor: ARM
                https://www.keil.com/pack/ARM.CMSIS.6.1.0.pack
                ARM::CMSIS@6.1.0
                CMSIS (Common Microcontroller Software Interface Standard)
   * Component: CORE Version: 6.1.0

Package Vendor: Keil
                https://www.keil.com/pack/Keil.STM32F1xx_DFP.2.4.1.pack
                Keil::STM32F1xx_DFP@2.4.1
                STMicroelectronics STM32F1 Series Device Support, Drivers and Examples

<h2>Collection of Component include folders:</h2>
  ./RTE/_demo3
  D:/IDLE/STM32/keil_v5/Arm/Packs/ARM/CMSIS/6.1.0/CMSIS/Core/Include
  D:/IDLE/STM32/keil_v5/Arm/Packs/Keil/STM32F1xx_DFP/2.4.1/Device/Include

<h2>Collection of Component Files used:</h2>

   * Component: ARM::CMSIS:CORE@6.1.0
      Include file:  CMSIS/Core/Include/tz_context.h
Build Time Elapsed:  00:00:02
</pre>
</body>
</html>
